aus200 30m: exness fills from exness_aus200_1m -- 34,676 of 38,111 scoreable bars priced (91%), feed lag 0.6s + 1s queue, exit one bar later
  MODELLED COST: exness_aus200_1m is too short, so the spreads before its first minute come from fill_models.modelled_minutes -- screening only
  9% of the window predates exness_aus200_1m and keeps the vendor open and the constant spread -- that part is still the idealised fill
aus200 30m: 168,102 cells over 113 families, 10 workers, 667 MB context each (6.7 GB)
        9% (16,810/168,102)
       19% (33,620/168,102)
       29% (50,430/168,102)
       39% (67,240/168,102)
       49% (84,050/168,102)
       59% (100,860/168,102)
       69% (117,670/168,102)
       79% (134,480/168,102)
       89% (151,290/168,102)
       99% (168,100/168,102)
aus200   30m  orb              -  refused by profit_factor, positive_years; best cell -16.5% dd 16.5% n=73 pf=0.38
aus200   30m  overnight        -  refused by profit_factor, max_dd, positive_years; best cell -27.2% dd 27.2% n=57 pf=0.10
aus200   30m  pdr              -  refused by profit_factor, max_dd, positive_years, annual_dd; best cell -49.8% dd 49.8% n=92 pf=0.10
aus200   30m  donchian         -  refused by profit_factor, max_dd, positive_years, annual_dd; best cell -58.5% dd 58.5% n=113 pf=0.18
aus200   30m  ma_cross         -  refused by profit_factor, positive_years; best cell -1.0% dd 3.4% n=22 pf=0.82
aus200   30m  momentum         -  refused by profit_factor, positive_years; best cell -19.1% dd 19.5% n=77 pf=0.42
aus200   30m  gap              -  refused by profit_factor, max_dd, positive_years, annual_dd; best cell -51.0% dd 51.0% n=41 pf=0.00
aus200   30m  vwap             -  refused by profit_factor, positive_years; best cell -2.4% dd 3.2% n=40 pf=0.79
aus200   30m  zscore           -  refused by profit_factor, positive_years; best cell -1.9% dd 2.9% n=6 pf=0.53
aus200   30m  ib               -  refused by profit_factor, positive_years; best cell -7.8% dd 7.9% n=58 pf=0.49
aus200   30m  failed_break     -  refused by profit_factor, positive_years; best cell -10.8% dd 11.1% n=49 pf=0.49
aus200   30m  nr               -  refused by positive_years; best cell +0.9% dd 0.8% n=7 pf=1.90
aus200   30m  inside           -  refused by profit_factor, positive_years; best cell -1.5% dd 4.4% n=52 pf=0.89
aus200   30m  keltner          -  refused by profit_factor, positive_years; best cell +0.0% dd 0.0% n=0 pf=0.00
aus200   30m  squeeze          -  refused by profit_factor, positive_years; best cell -2.2% dd 2.5% n=7 pf=0.14
aus200   30m  range_expansion  -  refused by profit_factor, positive_years; best cell -0.6% dd 0.6% n=3 pf=0.04
aus200   30m  consecutive      -  refused by profit_factor, max_dd, positive_years; best cell -31.9% dd 31.9% n=93 pf=0.21
aus200   30m  rsi              -  refused by profit_factor, positive_years; best cell +0.0% dd 0.0% n=0 pf=0.00
aus200   30m  key_reversal     -  refused by profit_factor, positive_years; best cell +0.0% dd 0.0% n=0 pf=0.00
aus200   30m  climax           -  refused by positive_years; best cell +6.0% dd 5.0% n=30 pf=1.41
aus200   30m  volume_thrust    -  refused by profit_factor, positive_years; best cell -1.5% dd 3.5% n=14 pf=0.83
aus200   30m  time_of_day      -  refused by profit_factor, positive_years, annual_dd; best cell +0.0% dd 0.0% n=0 pf=0.00
aus200   30m  turn_of_month    -  refused by profit_factor, positive_years; best cell -18.1% dd 18.1% n=17 pf=0.11
aus200   30m  swing_donchian   -  refused by profit_factor, positive_years; best cell +0.0% dd 0.0% n=0 pf=0.00
aus200   30m  swing_ma         -  refused by profit_factor, positive_years; best cell +0.0% dd 0.0% n=0 pf=0.00
aus200   30m  swing_zscore     -  refused by profit_factor, positive_years; best cell -3.1% dd 3.1% n=8 pf=0.36
aus200   30m  high_52w         -  refused by profit_factor, positive_years, annual_dd; best cell +0.0% dd 0.0% n=0 pf=0.00
aus200   30m  xma_cross        -  refused by positive_years; best cell +4.0% dd 3.2% n=21 pf=2.14
aus200   30m  xma_slope        -  refused by profit_factor, positive_years; best cell +0.0% dd 0.0% n=0 pf=0.00
aus200   30m  xma_ribbon       -  refused by profit_factor, positive_years; best cell -0.0% dd 2.8% n=7 pf=1.00
aus200   30m  linreg_trend     -  refused by positive_years; best cell +3.6% dd 2.1% n=6 pf=2.46
aus200   30m  efficiency       -  refused by positive_years; best cell +1.3% dd 1.8% n=9 pf=1.38
aus200   30m  regime_switch    -  refused by positive_years; best cell +3.0% dd 1.1% n=8 pf=3.16
aus200   30m  skew             -  refused by profit_factor, positive_years; best cell -8.2% dd 11.6% n=24 pf=0.55
aus200   30m  vol_regime       -  refused by positive_years; best cell +2.2% dd 0.0% n=3 pf=999.00
aus200   30m  stochastic       -  refused by profit_factor, max_dd, positive_years; best cell -35.1% dd 35.1% n=92 pf=0.10
aus200   30m  cci              -  refused by profit_factor, positive_years; best cell -0.6% dd 0.8% n=2 pf=0.27
aus200   30m  macd_hist        -  refused by profit_factor, positive_years; best cell -1.5% dd 2.1% n=4 pf=0.28
aus200   30m  dmi              -  refused by trades, positive_years; best cell +5.4% dd 1.1% n=3 pf=6.07
aus200   30m  aroon            -  refused by positive_years; best cell +1.1% dd 0.2% n=4 pf=4.19
aus200   30m  rsi_divergence   -  refused by trades, positive_years; best cell +2.2% dd 0.0% n=1 pf=999.00
aus200   30m  supertrend       -  refused by profit_factor, max_dd, positive_years, annual_dd; best cell -36.6% dd 36.6% n=60 pf=0.10
aus200   30m  sar              -  refused by profit_factor, max_dd, positive_years, annual_dd; best cell -49.3% dd 49.6% n=114 pf=0.11
aus200   30m  swing_break      -  refused by profit_factor, max_dd, positive_years, annual_dd; best cell -41.6% dd 41.6% n=91 pf=0.20
aus200   30m  structure        -  refused by profit_factor, positive_years; best cell -3.5% dd 4.9% n=15 pf=0.40
aus200   30m  fvg              -  refused by profit_factor, max_dd, positive_years, annual_dd; best cell -38.8% dd 38.8% n=113 pf=0.21
aus200   30m  floor_pivot      -  refused by profit_factor, max_dd, positive_years; best cell -21.0% dd 21.0% n=44 pf=0.15
aus200   30m  pullback         -  refused by positive_years; best cell +3.0% dd 0.8% n=7 pf=3.10
aus200   30m  volatility_breakout -  refused by profit_factor, positive_years; best cell -13.2% dd 13.4% n=62 pf=0.50
aus200   30m  avwap            -  refused by profit_factor, max_dd, positive_years, annual_dd; best cell -43.5% dd 43.5% n=93 pf=0.13
aus200   30m  wick             -  refused by profit_factor, positive_years; best cell +0.0% dd 0.0% n=0 pf=0.00
aus200   30m  obv_break        -  refused by profit_factor, positive_years; best cell -1.0% dd 1.0% n=4 pf=0.06
aus200   30m  obv_divergence   -  refused by profit_factor, positive_years; best cell +0.0% dd 0.0% n=0 pf=0.00
aus200   30m  mfi              -  refused by positive_years; best cell +1.9% dd 1.1% n=6 pf=1.89
aus200   30m  cmf              -  refused by positive_years; best cell +1.7% dd 0.9% n=5 pf=2.89
aus200   30m  rvol             -  refused by positive_years; best cell +9.0% dd 2.8% n=12 pf=2.43
aus200   30m  day_of_week      -  refused by profit_factor, positive_years; best cell -17.5% dd 17.5% n=36 pf=0.24
aus200   30m  gated_orb        -  refused by profit_factor, positive_years; best cell +0.0% dd 0.0% n=0 pf=0.00
aus200   30m  gated_donchian   -  refused by positive_years; best cell +1.5% dd 3.5% n=6 pf=1.42
aus200   30m  gated_fade       -  refused by positive_years; best cell +9.9% dd 4.5% n=43 pf=1.83
aus200   30m  gated_swing      -  refused by positive_years; best cell +0.2% dd 0.0% n=1 pf=999.00
aus200   30m  confluence       -  refused by profit_factor, positive_years; best cell -3.8% dd 5.3% n=39 pf=0.68
aus200   30m  two_stage        -  refused by profit_factor, positive_years; best cell -17.1% dd 17.1% n=40 pf=0.20
aus200   30m  break_retest     -  refused by profit_factor, positive_years; best cell -5.5% dd 7.4% n=66 pf=0.72
aus200   30m  regime_router    -  refused by positive_years; best cell +0.4% dd 0.2% n=3 pf=3.57
aus200   30m  nested           -  refused by profit_factor, positive_years; best cell +0.0% dd 0.0% n=0 pf=0.00
aus200   30m  cross_timing     -  refused by positive_years; best cell +3.5% dd 1.7% n=6 pf=2.93
aus200   30m  level_confluence -  refused by profit_factor, positive_years; best cell -9.1% dd 9.8% n=33 pf=0.39
aus200   30m  trap             -  refused by profit_factor, positive_years; best cell -1.2% dd 4.2% n=22 pf=0.80
aus200   30m  hurst            -  refused by profit_factor, positive_years; best cell +0.0% dd 0.0% n=0 pf=0.00
aus200   30m  entropy          -  refused by profit_factor, positive_years, annual_dd; best cell +0.0% dd 0.0% n=0 pf=0.00
aus200   30m  kurtosis         -  refused by positive_years, annual_dd; best cell +1.1% dd 0.0% n=2 pf=999.00
aus200   30m  autocorr         -  refused by profit_factor, positive_years; best cell +0.0% dd 0.0% n=0 pf=0.00
aus200   30m  runs             -  refused by positive_years; best cell +1.0% dd 1.5% n=8 pf=1.58
aus200   30m  kendall          -  refused by profit_factor, max_dd, positive_years, annual_dd; best cell -39.0% dd 39.0% n=81 pf=0.17
aus200   30m  tails            -  refused by profit_factor, positive_years, annual_dd; best cell -7.5% dd 7.5% n=10 pf=0.01
aus200   30m  jump             -  refused by profit_factor, positive_years; best cell -5.2% dd 13.1% n=31 pf=0.72
aus200   30m  semivariance     -  refused by profit_factor, positive_years; best cell -4.7% dd 4.7% n=8 pf=0.23
aus200   30m  amihud           -  refused by profit_factor, positive_years; best cell -0.6% dd 0.6% n=3 pf=0.00
aus200   30m  estimator        -  refused by profit_factor, positive_years, annual_dd; best cell +0.0% dd 0.0% n=0 pf=0.00
aus200   30m  bulk_flow        -  refused by positive_years; best cell +0.2% dd 0.0% n=1 pf=999.00
aus200   30m  roofing          -  refused by profit_factor, positive_years; best cell -3.1% dd 10.0% n=53 pf=0.86
aus200   30m  fisher           -  refused by positive_years; best cell +1.2% dd 0.5% n=5 pf=2.81
aus200   30m  kalman           -  refused by profit_factor, positive_years; best cell +0.0% dd 0.0% n=0 pf=0.00
aus200   30m  fracdiff         -  refused by positive_years; best cell +0.2% dd 0.0% n=1 pf=999.00
aus200   30m  cycle            -  refused by positive_years; best cell +1.3% dd 1.3% n=4 pf=1.73
aus200   30m  half_life        -  refused by positive_years; best cell +0.4% dd 0.1% n=2 pf=4.19
aus200   30m  cusum            -  refused by profit_factor, max_dd, positive_years, annual_dd; best cell -61.1% dd 61.1% n=146 pf=0.12
aus200   30m  vol_of_vol       -  refused by positive_years, annual_dd; best cell +3.2% dd 1.0% n=8 pf=2.58
aus200   30m  quantile_break   -  refused by profit_factor, positive_years; best cell +0.0% dd 0.0% n=0 pf=0.00
aus200   30m  regime_breakout  -  refused by profit_factor, max_dd, positive_years; best cell -32.7% dd 33.0% n=80 pf=0.14
aus200   30m  momentum_stack   -  refused by profit_factor, positive_years; best cell -9.8% dd 9.8% n=19 pf=0.20
aus200   30m  adaptive_pullback -  refused by positive_years; best cell +3.5% dd 0.6% n=7 pf=4.83
aus200   30m  value_area       -  refused by profit_factor, max_dd, positive_years; best cell -27.5% dd 27.5% n=101 pf=0.39
aus200   30m  stat_confluence  -  refused by profit_factor, positive_years; best cell -9.6% dd 9.6% n=25 pf=0.31
aus200   30m  pivot_exhaustion -  refused by positive_years; best cell +3.6% dd 3.6% n=11 pf=1.95
aus200   30m  oh_asia_break    -  refused by trades, profit_factor, positive_years, annual_dd, fill_rate; best cell +0.0% dd 0.0% n=0 pf=0.00
aus200   30m  oh_london_break  -  refused by trades, profit_factor, positive_years, annual_dd, fill_rate; best cell +0.0% dd 0.0% n=0 pf=0.00
aus200   30m  oh_asia_squeeze  -  refused by trades, profit_factor, positive_years, annual_dd, fill_rate; best cell +0.0% dd 0.0% n=0 pf=0.00
aus200   30m  oh_london_fakeout -  refused by trades, profit_factor, positive_years, annual_dd, fill_rate; best cell +0.0% dd 0.0% n=0 pf=0.00
aus200   30m  oh_rth_handoff   -  refused by positive_years; best cell +0.5% dd 5.0% n=8 pf=1.10
aus200   30m  oh_rth_close_location -  refused by positive_years; best cell +4.8% dd 2.2% n=13 pf=2.72
aus200   30m  oh_post_close    -  refused by trades, profit_factor, positive_years, annual_dd, fill_rate; best cell +0.0% dd 0.0% n=0 pf=0.00
aus200   30m  oh_prior_level   -  refused by trades, profit_factor, positive_years, annual_dd, fill_rate; best cell +0.0% dd 0.0% n=0 pf=0.00
aus200   30m  oh_night_extension -  refused by trades, profit_factor, positive_years, annual_dd, fill_rate; best cell +0.0% dd 0.0% n=0 pf=0.00
aus200   30m  oh_pre_open_drift -  refused by trades, profit_factor, positive_years, annual_dd, fill_rate; best cell +0.0% dd 0.0% n=0 pf=0.00
aus200   30m  oh_open_vs_overnight -  refused by profit_factor, positive_years; best cell -15.6% dd 15.6% n=12 pf=0.00
aus200   30m  oh_session_momentum -  refused by trades, profit_factor, positive_years, annual_dd, fill_rate; best cell +0.0% dd 0.0% n=0 pf=0.00
aus200   30m  oh_dual_session  -  refused by trades, profit_factor, positive_years, annual_dd, fill_rate; best cell +0.0% dd 0.0% n=0 pf=0.00
aus200   30m  oh_reopen_drive  -  refused by positive_years; best cell +6.8% dd 2.2% n=31 pf=1.68
aus200   30m  oh_london_drive  -  refused by trades, profit_factor, positive_years, annual_dd, fill_rate; best cell +0.0% dd 0.0% n=0 pf=0.00
aus200   30m  oh_vwap_stretch  -  refused by profit_factor, positive_years; best cell +0.0% dd 0.0% n=0 pf=0.00
aus200   30m  oh_hour_drift    -  refused by profit_factor, positive_years; best cell -11.0% dd 11.9% n=44 pf=0.38
sealed C:\Users\JawirGaming66\quant\sandbox\research\..\results\exness_families_aus200_30m_windowed.json
