fr40 30m: exness fills from exness_fr40_1m -- 25,390 of 25,749 scoreable bars priced (99%), feed lag 0.6s + 1s queue, exit one bar later
  MODELLED COST: exness_fr40_1m is too short, so the spreads before its first minute come from fill_models.modelled_minutes -- screening only
  1% of the window predates exness_fr40_1m and keeps the vendor open and the constant spread -- that part is still the idealised fill
fr40 30m: 168,102 cells over 113 families, 15 workers, 444 MB context each (6.7 GB)
        9% (16,810/168,102)
       19% (33,620/168,102)
       29% (50,430/168,102)
       39% (67,240/168,102)
       49% (84,050/168,102)
       59% (100,860/168,102)
       69% (117,670/168,102)
       79% (134,480/168,102)
       89% (151,290/168,102)
       99% (168,100/168,102)
fr40     30m  orb              -  refused by profit_factor, positive_years; best cell -6.9% dd 10.8% n=103 pf=0.84
fr40     30m  overnight        -  refused by profit_factor, positive_years; best cell -14.4% dd 19.0% n=119 pf=0.72
fr40     30m  pdr              -  refused by profit_factor, positive_years; best cell -8.4% dd 19.3% n=82 pf=0.78
fr40     30m  donchian         -  refused by profit_factor, positive_years; best cell -16.3% dd 17.3% n=114 pf=0.55
fr40     30m  ma_cross         +6.8% dd 5.3% n=51
fr40     30m  momentum         -  refused by positive_years; best cell +13.8% dd 10.4% n=73 pf=1.38
fr40     30m  gap              -  refused by profit_factor, positive_years; best cell -9.8% dd 15.0% n=85 pf=0.75
fr40     30m  vwap             -  refused by profit_factor, positive_years; best cell -5.5% dd 9.4% n=56 pf=0.71
fr40     30m  zscore           -  refused by positive_years; best cell +5.1% dd 4.1% n=53 pf=1.32
fr40     30m  ib               -  refused by profit_factor, positive_years; best cell -3.8% dd 11.2% n=122 pf=0.91
fr40     30m  failed_break     -  refused by positive_years; best cell +6.3% dd 4.3% n=73 pf=1.27
fr40     30m  nr               -  refused by positive_years; best cell +5.2% dd 1.2% n=8 pf=3.06
fr40     30m  inside           -  refused by profit_factor, positive_years; best cell -0.9% dd 5.9% n=64 pf=0.96
fr40     30m  keltner          -  refused by positive_years; best cell +10.4% dd 7.9% n=67 pf=1.21
fr40     30m  squeeze          -  refused by positive_years; best cell +10.0% dd 2.9% n=22 pf=2.74
fr40     30m  range_expansion  -  refused by positive_years; best cell +12.5% dd 1.2% n=12 pf=8.56
fr40     30m  consecutive      -  refused by profit_factor, positive_years; best cell -7.8% dd 11.5% n=160 pf=0.80
fr40     30m  rsi              -  refused by positive_years; best cell +1.8% dd 2.2% n=5 pf=1.43
fr40     30m  key_reversal     -  refused by positive_years; best cell +7.8% dd 2.5% n=28 pf=1.89
fr40     30m  climax           -  refused by positive_years; best cell +10.7% dd 2.7% n=49 pf=1.80
fr40     30m  volume_thrust    -  refused by positive_years; best cell +10.2% dd 7.1% n=31 pf=1.53
fr40     30m  time_of_day      -  refused by profit_factor, positive_years; best cell +0.0% dd 0.0% n=0 pf=0.00
fr40     30m  turn_of_month    -  refused by positive_years; best cell +15.4% dd 10.0% n=46 pf=1.44
fr40     30m  swing_donchian   -  refused by positive_years; best cell +4.0% dd 8.2% n=60 pf=1.11
fr40     30m  swing_ma         +6.0% dd 5.5% n=51
fr40     30m  swing_zscore     -  refused by positive_years; best cell +5.1% dd 4.2% n=57 pf=1.31
fr40     30m  high_52w         -  refused by positive_years; best cell +9.7% dd 0.9% n=9 pf=6.13
fr40     30m  xma_cross        +11.1% dd 3.3% n=61
fr40     30m  xma_slope        -  refused by positive_years; best cell +10.3% dd 10.5% n=48 pf=1.29
fr40     30m  xma_ribbon       -  refused by positive_years; best cell +6.3% dd 4.4% n=13 pf=2.07
fr40     30m  linreg_trend     -  refused by positive_years; best cell +31.9% dd 3.7% n=30 pf=2.93
fr40     30m  efficiency       -  refused by positive_years; best cell +7.9% dd 17.4% n=269 pf=1.08
fr40     30m  regime_switch    -  refused by positive_years; best cell +4.8% dd 2.2% n=3 pf=3.03
fr40     30m  skew             -  refused by profit_factor, positive_years; best cell -3.6% dd 9.6% n=51 pf=0.83
fr40     30m  vol_regime       -  refused by profit_factor; best cell +2.2% dd 3.3% n=17 pf=1.30
fr40     30m  stochastic       -  refused by positive_years; best cell +6.2% dd 8.2% n=188 pf=1.09
fr40     30m  cci              -  refused by positive_years; best cell +9.4% dd 13.5% n=68 pf=1.35
fr40     30m  macd_hist        +5.5% dd 9.2% n=91
fr40     30m  dmi              -  refused by trades; best cell +18.2% dd 6.8% n=33 pf=1.87
fr40     30m  aroon            -  refused by trades; best cell +21.5% dd 7.9% n=65 pf=1.75
fr40     30m  rsi_divergence   -  refused by positive_years; best cell +5.6% dd 1.2% n=7 pf=4.95
fr40     30m  supertrend       -  refused by profit_factor, positive_years; best cell -6.2% dd 12.3% n=135 pf=0.83
fr40     30m  sar              -  refused by profit_factor, positive_years; best cell -9.3% dd 18.4% n=169 pf=0.85
fr40     30m  swing_break      -  refused by profit_factor, positive_years; best cell -3.0% dd 19.6% n=159 pf=0.95
fr40     30m  structure        -  refused by positive_years; best cell +8.3% dd 9.8% n=80 pf=1.15
fr40     30m  fvg              -  refused by profit_factor, positive_years; best cell -2.6% dd 10.8% n=104 pf=0.94
fr40     30m  floor_pivot      -  refused by profit_factor, positive_years; best cell -4.2% dd 10.4% n=119 pf=0.90
fr40     30m  pullback         -  refused by positive_years; best cell +18.4% dd 6.9% n=65 pf=1.52
fr40     30m  volatility_breakout -  refused by positive_years; best cell +12.8% dd 20.5% n=68 pf=1.26
fr40     30m  avwap            -  refused by profit_factor, positive_years; best cell -1.8% dd 7.2% n=46 pf=0.87
fr40     30m  wick             -  refused by positive_years; best cell +4.8% dd 10.6% n=48 pf=1.21
fr40     30m  obv_break        +12.5% dd 5.7% n=57
fr40     30m  obv_divergence   -  refused by positive_years; best cell +17.5% dd 16.6% n=140 pf=1.25
fr40     30m  mfi              -  refused by positive_years; best cell +7.8% dd 5.8% n=22 pf=1.79
fr40     30m  cmf              -  refused by positive_years; best cell +5.6% dd 6.8% n=25 pf=1.50
fr40     30m  rvol             -  refused by positive_years; best cell +9.3% dd 6.2% n=16 pf=1.90
fr40     30m  day_of_week      -  refused by positive_years; best cell +29.7% dd 8.9% n=102 pf=1.43
fr40     30m  gated_orb        -  refused by positive_years; best cell +10.5% dd 4.5% n=26 pf=1.71
fr40     30m  gated_donchian   -  refused by positive_years; best cell +2.9% dd 4.5% n=23 pf=1.30
fr40     30m  gated_fade       -  refused by positive_years; best cell +15.5% dd 3.2% n=69 pf=1.91
fr40     30m  gated_swing      -  refused by positive_years; best cell +14.6% dd 2.2% n=23 pf=2.35
fr40     30m  confluence       -  refused by profit_factor, positive_years; best cell -0.6% dd 4.6% n=21 pf=0.96
fr40     30m  two_stage        -  refused by positive_years; best cell +2.0% dd 9.6% n=94 pf=1.08
fr40     30m  break_retest     -  refused by profit_factor, positive_years; best cell -2.8% dd 6.3% n=64 pf=0.91
fr40     30m  regime_router    -  refused by positive_years; best cell +15.9% dd 5.8% n=81 pf=1.58
fr40     30m  nested           -  refused by positive_years; best cell +1.1% dd 3.5% n=5 pf=1.18
fr40     30m  cross_timing     -  refused by positive_years; best cell +18.2% dd 8.1% n=110 pf=1.28
fr40     30m  level_confluence -  refused by positive_years; best cell +2.8% dd 5.8% n=46 pf=1.17
fr40     30m  trap             -  refused by positive_years; best cell +20.1% dd 7.0% n=52 pf=1.55
fr40     30m  hurst            -  refused by positive_years; best cell +6.7% dd 5.8% n=58 pf=1.28
fr40     30m  entropy          -  refused by positive_years; best cell +2.3% dd 0.0% n=1 pf=999.00
fr40     30m  kurtosis         -  refused by positive_years; best cell +2.1% dd 0.0% n=2 pf=999.00
fr40     30m  autocorr         -  refused by positive_years; best cell +11.9% dd 2.1% n=25 pf=3.11
fr40     30m  runs             -  refused by positive_years; best cell +17.5% dd 14.5% n=128 pf=1.23
fr40     30m  kendall          -  refused by positive_years; best cell +24.3% dd 10.2% n=88 pf=1.47
fr40     30m  tails            -  refused by positive_years; best cell +17.9% dd 6.5% n=40 pf=1.96
fr40     30m  jump             -  refused by positive_years; best cell +6.7% dd 11.1% n=82 pf=1.21
fr40     30m  semivariance     -  refused by positive_years; best cell +2.0% dd 0.4% n=6 pf=4.55
fr40     30m  amihud           -  refused by positive_years; best cell +9.8% dd 3.6% n=28 pf=1.74
fr40     30m  estimator        -  refused by positive_years; best cell +4.4% dd 0.0% n=2 pf=999.00
fr40     30m  bulk_flow        -  refused by positive_years; best cell +5.8% dd 2.1% n=14 pf=2.08
fr40     30m  roofing          -  refused by profit_factor, positive_years; best cell -2.1% dd 11.6% n=78 pf=0.92
fr40     30m  fisher           -  refused by positive_years; best cell +11.7% dd 2.5% n=71 pf=1.64
fr40     30m  kalman           -  refused by profit_factor; best cell +1.6% dd 16.7% n=75 pf=1.03
fr40     30m  fracdiff         -  refused by positive_years; best cell +13.5% dd 16.2% n=53 pf=1.38
fr40     30m  cycle            -  refused by positive_years; best cell +1.1% dd 0.0% n=1 pf=999.00
fr40     30m  half_life        -  refused by positive_years; best cell +9.9% dd 5.2% n=75 pf=1.38
fr40     30m  cusum            -  refused by profit_factor, max_dd, positive_years; best cell -18.3% dd 22.4% n=234 pf=0.71
fr40     30m  vol_of_vol       -  refused by positive_years; best cell +2.9% dd 7.4% n=14 pf=1.31
fr40     30m  quantile_break   -  refused by positive_years; best cell +9.2% dd 5.2% n=103 pf=1.29
fr40     30m  regime_breakout  -  refused by positive_years; best cell +12.8% dd 20.5% n=68 pf=1.26
fr40     30m  momentum_stack   -  refused by positive_years; best cell +1.4% dd 8.0% n=52 pf=1.08
fr40     30m  adaptive_pullback -  refused by positive_years; best cell +20.7% dd 5.8% n=60 pf=1.64
fr40     30m  value_area       -  refused by profit_factor, positive_years; best cell -1.2% dd 9.5% n=123 pf=0.96
fr40     30m  stat_confluence  -  refused by positive_years; best cell +9.3% dd 9.8% n=21 pf=1.65
fr40     30m  pivot_exhaustion -  refused by positive_years; best cell +8.1% dd 1.7% n=10 pf=2.58
fr40     30m  oh_asia_break    -  refused by profit_factor, positive_years; best cell -10.8% dd 19.1% n=109 pf=0.79
fr40     30m  oh_london_break  -  refused by profit_factor, positive_years; best cell -3.9% dd 8.6% n=61 pf=0.77
fr40     30m  oh_asia_squeeze  -  refused by positive_years; best cell +11.1% dd 7.0% n=72 pf=1.28
fr40     30m  oh_london_fakeout -  refused by positive_years; best cell +3.7% dd 10.1% n=95 pf=1.11
fr40     30m  oh_rth_handoff   -  refused by positive_years; best cell +26.6% dd 5.6% n=23 pf=2.76
fr40     30m  oh_rth_close_location -  refused by positive_years; best cell +34.5% dd 3.4% n=18 pf=4.07
fr40     30m  oh_post_close    -  refused by trades, profit_factor, positive_years, annual_dd, fill_rate; best cell +0.0% dd 0.0% n=0 pf=0.00
fr40     30m  oh_prior_level   -  refused by trades, profit_factor, positive_years, annual_dd, fill_rate; best cell +0.0% dd 0.0% n=0 pf=0.00
fr40     30m  oh_night_extension -  refused by trades, profit_factor, positive_years, annual_dd, fill_rate; best cell +0.0% dd 0.0% n=0 pf=0.00
fr40     30m  oh_pre_open_drift -  refused by trades, profit_factor, positive_years, annual_dd, fill_rate; best cell +0.0% dd 0.0% n=0 pf=0.00
fr40     30m  oh_open_vs_overnight -  refused by profit_factor, positive_years; best cell -0.6% dd 7.1% n=60 pf=0.97
fr40     30m  oh_session_momentum -  refused by positive_years; best cell +5.5% dd 6.8% n=54 pf=1.18
fr40     30m  oh_dual_session  -  refused by positive_years; best cell +6.5% dd 6.9% n=23 pf=1.54
fr40     30m  oh_reopen_drive  -  refused by trades, profit_factor, positive_years, annual_dd, fill_rate; best cell +0.0% dd 0.0% n=0 pf=0.00
fr40     30m  oh_london_drive  -  refused by positive_years; best cell +4.0% dd 11.5% n=58 pf=1.10
fr40     30m  oh_vwap_stretch  -  refused by positive_years; best cell +3.1% dd 2.1% n=17 pf=1.52
fr40     30m  oh_hour_drift    -  refused by positive_years; best cell +9.4% dd 3.0% n=63 pf=1.66
sealed C:\Users\JawirGaming66\quant\sandbox\research\..\results\exness_families_fr40_30m_windowed.json
