stoxx50 30m: exness fills from exness_stoxx50_1m -- 23,318 of 25,558 scoreable bars priced (91%), feed lag 0.6s + 1s queue, exit one bar later
  MODELLED COST: exness_stoxx50_1m is too short, so the spreads before its first minute come from fill_models.modelled_minutes -- screening only
  9% of the window predates exness_stoxx50_1m and keeps the vendor open and the constant spread -- that part is still the idealised fill
stoxx50 30m: 168,102 cells over 113 families, 15 workers, 445 MB context each (6.7 GB)
        9% (16,810/168,102)
       19% (33,620/168,102)
       29% (50,430/168,102)
       39% (67,240/168,102)
       49% (84,050/168,102)
       59% (100,860/168,102)
       69% (117,670/168,102)
       79% (134,480/168,102)
       89% (151,290/168,102)
       99% (168,100/168,102)
stoxx50  30m  orb              -  refused by profit_factor, max_dd, positive_years; best cell -22.7% dd 26.9% n=142 pf=0.65
stoxx50  30m  overnight        -  refused by profit_factor, max_dd, positive_years; best cell -31.8% dd 31.9% n=111 pf=0.22
stoxx50  30m  pdr              -  refused by profit_factor, max_dd, positive_years; best cell -23.2% dd 24.8% n=79 pf=0.47
stoxx50  30m  donchian         -  refused by profit_factor, max_dd, positive_years; best cell -18.5% dd 20.7% n=106 pf=0.63
stoxx50  30m  ma_cross         -  refused by profit_factor, positive_years; best cell -3.9% dd 5.3% n=18 pf=0.43
stoxx50  30m  momentum         -  refused by profit_factor, positive_years; best cell -1.3% dd 11.3% n=90 pf=0.96
stoxx50  30m  gap              -  refused by profit_factor, max_dd, positive_years; best cell -21.7% dd 25.7% n=94 pf=0.60
stoxx50  30m  vwap             -  refused by profit_factor, positive_years; best cell -18.3% dd 18.4% n=96 pf=0.54
stoxx50  30m  zscore           -  refused by positive_years; best cell +1.4% dd 1.8% n=15 pf=1.27
stoxx50  30m  ib               -  refused by profit_factor, positive_years; best cell -16.1% dd 18.9% n=67 pf=0.45
stoxx50  30m  failed_break     -  refused by profit_factor, positive_years; best cell -6.8% dd 7.5% n=38 pf=0.42
stoxx50  30m  nr               -  refused by positive_years; best cell +1.5% dd 2.3% n=9 pf=1.63
stoxx50  30m  inside           -  refused by profit_factor, positive_years; best cell -13.2% dd 15.4% n=80 pf=0.67
stoxx50  30m  keltner          -  refused by positive_years; best cell +12.1% dd 3.5% n=17 pf=2.15
stoxx50  30m  squeeze          -  refused by positive_years; best cell +1.8% dd 4.7% n=7 pf=1.36
stoxx50  30m  range_expansion  -  refused by positive_years; best cell +10.6% dd 4.3% n=22 pf=2.30
stoxx50  30m  consecutive      -  refused by profit_factor, max_dd, positive_years; best cell -25.6% dd 28.0% n=102 pf=0.42
stoxx50  30m  rsi              -  refused by positive_years; best cell +2.7% dd 1.9% n=3 pf=2.48
stoxx50  30m  key_reversal     -  refused by positive_years; best cell +1.0% dd 0.0% n=1 pf=999.00
stoxx50  30m  climax           -  refused by positive_years; best cell +0.6% dd 6.2% n=21 pf=1.06
stoxx50  30m  volume_thrust    -  refused by positive_years; best cell +3.2% dd 9.0% n=20 pf=1.28
stoxx50  30m  time_of_day      -  refused by profit_factor, positive_years; best cell +0.0% dd 0.0% n=0 pf=0.00
stoxx50  30m  turn_of_month    -  refused by positive_years; best cell +4.4% dd 7.6% n=72 pf=1.13
stoxx50  30m  swing_donchian   -  refused by positive_years; best cell +3.7% dd 0.0% n=3 pf=999.00
stoxx50  30m  swing_ma         -  refused by positive_years; best cell +3.9% dd 2.1% n=17 pf=1.89
stoxx50  30m  swing_zscore     -  refused by profit_factor, positive_years; best cell -1.0% dd 4.4% n=27 pf=0.90
stoxx50  30m  high_52w         -  refused by profit_factor, positive_years; best cell +0.0% dd 0.0% n=0 pf=0.00
stoxx50  30m  xma_cross        -  refused by positive_years; best cell +5.8% dd 2.6% n=17 pf=1.67
stoxx50  30m  xma_slope        -  refused by positive_years; best cell +4.5% dd 0.0% n=3 pf=999.00
stoxx50  30m  xma_ribbon       -  refused by profit_factor, positive_years; best cell -0.2% dd 2.0% n=6 pf=0.89
stoxx50  30m  linreg_trend     -  refused by positive_years; best cell +8.6% dd 4.2% n=25 pf=1.48
stoxx50  30m  efficiency       -  refused by profit_factor; best cell +2.7% dd 0.0% n=2 pf=999.00
stoxx50  30m  regime_switch    -  refused by positive_years; best cell +8.4% dd 2.2% n=6 pf=4.75
stoxx50  30m  skew             -  refused by positive_years; best cell +0.5% dd 2.6% n=10 pf=1.09
stoxx50  30m  vol_regime       -  refused by profit_factor, positive_years; best cell +0.0% dd 0.0% n=0 pf=0.00
stoxx50  30m  stochastic       -  refused by profit_factor, max_dd, positive_years; best cell -16.3% dd 20.4% n=103 pf=0.54
stoxx50  30m  cci              -  refused by positive_years; best cell +4.0% dd 1.8% n=11 pf=2.06
stoxx50  30m  macd_hist        -  refused by positive_years; best cell +8.7% dd 4.0% n=14 pf=1.89
stoxx50  30m  dmi              -  refused by trades; best cell +2.3% dd 0.0% n=2 pf=999.00
stoxx50  30m  aroon            -  refused by positive_years; best cell +4.3% dd 1.2% n=3 pf=4.48
stoxx50  30m  rsi_divergence   -  refused by positive_years; best cell +2.8% dd 2.8% n=19 pf=1.52
stoxx50  30m  supertrend       -  refused by profit_factor, max_dd, positive_years; best cell -18.8% dd 22.0% n=61 pf=0.42
stoxx50  30m  sar              -  refused by profit_factor, max_dd, positive_years, annual_dd; best cell -36.1% dd 39.2% n=169 pf=0.50
stoxx50  30m  swing_break      -  refused by profit_factor, max_dd, positive_years; best cell -15.1% dd 22.1% n=87 pf=0.60
stoxx50  30m  structure        -  refused by profit_factor, positive_years; best cell -1.7% dd 6.3% n=23 pf=0.84
stoxx50  30m  fvg              -  refused by profit_factor, max_dd, positive_years; best cell -24.1% dd 26.0% n=111 pf=0.57
stoxx50  30m  floor_pivot      -  refused by profit_factor, positive_years; best cell -2.7% dd 17.3% n=64 pf=0.93
stoxx50  30m  pullback         -  refused by positive_years; best cell +4.8% dd 1.7% n=7 pf=3.48
stoxx50  30m  volatility_breakout -  refused by profit_factor, positive_years; best cell -6.4% dd 11.6% n=34 pf=0.64
stoxx50  30m  avwap            -  refused by profit_factor, positive_years; best cell -10.7% dd 16.3% n=42 pf=0.48
stoxx50  30m  wick             -  refused by positive_years; best cell +2.6% dd 3.0% n=23 pf=1.47
stoxx50  30m  obv_break        -  refused by profit_factor, positive_years; best cell +0.0% dd 0.0% n=0 pf=0.00
stoxx50  30m  obv_divergence   -  refused by positive_years; best cell +5.8% dd 1.9% n=17 pf=2.03
stoxx50  30m  mfi              -  refused by positive_years; best cell +2.2% dd 2.2% n=7 pf=1.76
stoxx50  30m  cmf              -  refused by positive_years; best cell +7.9% dd 4.6% n=13 pf=1.64
stoxx50  30m  rvol             -  refused by positive_years; best cell +2.4% dd 7.7% n=21 pf=1.18
stoxx50  30m  day_of_week      -  refused by positive_years; best cell +1.9% dd 11.7% n=51 pf=1.06
stoxx50  30m  gated_orb        -  refused by profit_factor, positive_years; best cell +0.0% dd 0.0% n=0 pf=0.00
stoxx50  30m  gated_donchian   -  refused by positive_years; best cell +3.2% dd 1.3% n=4 pf=2.77
stoxx50  30m  gated_fade       -  refused by positive_years; best cell +13.2% dd 6.9% n=30 pf=1.68
stoxx50  30m  gated_swing      -  refused by positive_years; best cell +3.9% dd 3.7% n=9 pf=1.47
stoxx50  30m  confluence       -  refused by positive_years; best cell +3.4% dd 3.0% n=21 pf=1.50
stoxx50  30m  two_stage        -  refused by profit_factor, positive_years; best cell -3.1% dd 7.1% n=43 pf=0.85
stoxx50  30m  break_retest     -  refused by profit_factor, positive_years; best cell -11.1% dd 14.3% n=68 pf=0.64
stoxx50  30m  regime_router    -  refused by positive_years; best cell +6.1% dd 3.2% n=12 pf=1.81
stoxx50  30m  nested           -  refused by positive_years; best cell +2.7% dd 1.9% n=3 pf=2.48
stoxx50  30m  cross_timing     -  refused by positive_years; best cell +11.0% dd 7.8% n=32 pf=1.48
stoxx50  30m  level_confluence -  refused by profit_factor, positive_years; best cell -3.4% dd 7.9% n=27 pf=0.74
stoxx50  30m  trap             -  refused by positive_years; best cell +9.1% dd 4.9% n=24 pf=1.71
stoxx50  30m  hurst            -  refused by profit_factor, positive_years; best cell +0.0% dd 0.0% n=0 pf=0.00
stoxx50  30m  entropy          -  refused by profit_factor, positive_years, annual_dd; best cell +0.0% dd 0.0% n=0 pf=0.00
stoxx50  30m  kurtosis         -  refused by positive_years; best cell +0.2% dd 0.0% n=1 pf=999.00
stoxx50  30m  autocorr         -  refused by positive_years; best cell +2.8% dd 4.0% n=22 pf=1.35
stoxx50  30m  runs             -  refused by positive_years; best cell +11.1% dd 5.7% n=25 pf=1.70
stoxx50  30m  kendall          -  refused by profit_factor, positive_years; best cell -5.7% dd 15.0% n=86 pf=0.83
stoxx50  30m  tails            -  refused by profit_factor, positive_years; best cell +0.0% dd 0.0% n=0 pf=0.00
stoxx50  30m  jump             -  refused by profit_factor, positive_years; best cell -2.3% dd 2.5% n=9 pf=0.31
stoxx50  30m  semivariance     -  refused by positive_years; best cell +5.8% dd 1.5% n=8 pf=4.00
stoxx50  30m  amihud           -  refused by profit_factor, positive_years; best cell +0.2% dd 4.6% n=22 pf=1.02
stoxx50  30m  estimator        -  refused by profit_factor, positive_years, annual_dd; best cell +0.0% dd 0.0% n=0 pf=0.00
stoxx50  30m  bulk_flow        -  refused by positive_years; best cell +9.2% dd 2.8% n=12 pf=2.95
stoxx50  30m  roofing          -  refused by profit_factor, positive_years; best cell -1.5% dd 6.1% n=50 pf=0.93
stoxx50  30m  fisher           -  refused by positive_years; best cell +3.9% dd 6.4% n=42 pf=1.23
stoxx50  30m  kalman           -  refused by profit_factor, positive_years; best cell +0.0% dd 0.0% n=0 pf=0.00
stoxx50  30m  fracdiff         -  refused by positive_years; best cell +2.4% dd 1.9% n=8 pf=1.95
stoxx50  30m  cycle            -  refused by positive_years; best cell +1.9% dd 5.1% n=6 pf=1.35
stoxx50  30m  half_life        -  refused by profit_factor; best cell +4.1% dd 4.6% n=12 pf=1.39
stoxx50  30m  cusum            -  refused by profit_factor, max_dd, positive_years, annual_dd; best cell -36.0% dd 40.1% n=171 pf=0.54
stoxx50  30m  vol_of_vol       -  refused by profit_factor, positive_years; best cell +0.0% dd 0.0% n=0 pf=0.00
stoxx50  30m  quantile_break   -  refused by positive_years; best cell +8.5% dd 0.6% n=13 pf=13.97
stoxx50  30m  regime_breakout  -  refused by profit_factor, max_dd, positive_years; best cell -15.8% dd 21.4% n=71 pf=0.60
stoxx50  30m  momentum_stack   -  refused by profit_factor, positive_years; best cell -5.6% dd 6.3% n=22 pf=0.57
stoxx50  30m  adaptive_pullback -  refused by positive_years; best cell +4.8% dd 2.4% n=19 pf=1.82
stoxx50  30m  value_area       -  refused by profit_factor, max_dd, positive_years; best cell -17.7% dd 22.1% n=98 pf=0.40
stoxx50  30m  stat_confluence  -  refused by profit_factor, positive_years; best cell -10.6% dd 11.9% n=27 pf=0.18
stoxx50  30m  pivot_exhaustion -  refused by positive_years; best cell +9.6% dd 4.9% n=20 pf=2.14
stoxx50  30m  oh_asia_break    -  refused by profit_factor, max_dd, positive_years; best cell -25.6% dd 28.9% n=123 pf=0.58
stoxx50  30m  oh_london_break  -  refused by profit_factor, positive_years; best cell -12.1% dd 16.3% n=49 pf=0.44
stoxx50  30m  oh_asia_squeeze  -  refused by profit_factor, positive_years; best cell +0.1% dd 2.7% n=25 pf=1.01
stoxx50  30m  oh_london_fakeout -  refused by profit_factor, positive_years; best cell -12.7% dd 15.6% n=72 pf=0.64
stoxx50  30m  oh_rth_handoff   -  refused by positive_years; best cell +7.7% dd 11.0% n=15 pf=1.50
stoxx50  30m  oh_rth_close_location -  refused by positive_years; best cell +4.1% dd 3.9% n=7 pf=1.98
stoxx50  30m  oh_post_close    -  refused by trades, profit_factor, positive_years, annual_dd, fill_rate; best cell +0.0% dd 0.0% n=0 pf=0.00
stoxx50  30m  oh_prior_level   -  refused by trades, profit_factor, positive_years, annual_dd, fill_rate; best cell +0.0% dd 0.0% n=0 pf=0.00
stoxx50  30m  oh_night_extension -  refused by trades, profit_factor, positive_years, annual_dd, fill_rate; best cell +0.0% dd 0.0% n=0 pf=0.00
stoxx50  30m  oh_pre_open_drift -  refused by trades, profit_factor, positive_years, annual_dd, fill_rate; best cell +0.0% dd 0.0% n=0 pf=0.00
stoxx50  30m  oh_open_vs_overnight -  refused by profit_factor, positive_years; best cell -4.9% dd 9.3% n=58 pf=0.82
stoxx50  30m  oh_session_momentum -  refused by profit_factor, positive_years; best cell -6.5% dd 8.3% n=28 pf=0.65
stoxx50  30m  oh_dual_session  -  refused by positive_years; best cell +3.6% dd 2.6% n=25 pf=1.38
stoxx50  30m  oh_reopen_drive  -  refused by trades, profit_factor, positive_years, annual_dd, fill_rate; best cell +0.0% dd 0.0% n=0 pf=0.00
stoxx50  30m  oh_london_drive  -  refused by profit_factor, positive_years; best cell -7.6% dd 11.7% n=67 pf=0.79
stoxx50  30m  oh_vwap_stretch  -  refused by profit_factor, positive_years; best cell +0.0% dd 0.0% n=0 pf=0.00
stoxx50  30m  oh_hour_drift    -  refused by profit_factor, positive_years; best cell -14.8% dd 15.0% n=51 pf=0.44
sealed C:\Users\JawirGaming66\quant\sandbox\research\..\results\exness_families_stoxx50_30m_windowed.json
