ethbtc 30m: exness fills from exness_ethbtc_1m -- 100,241 of 100,308 scoreable bars priced (100%), feed lag 0.6s + 1s queue, exit one bar later
  MODELLED COST: exness_ethbtc_1m is too short, so the spreads before its first minute come from fill_models.modelled_minutes -- screening only
ethbtc 30m: 168,102 cells over 113 families, 10 workers, 678 MB context each (6.8 GB)
        9% (16,810/168,102)
       19% (33,620/168,102)
       29% (50,430/168,102)
       39% (67,240/168,102)
       49% (84,050/168,102)
       59% (100,860/168,102)
       69% (117,670/168,102)
       79% (134,480/168,102)
       89% (151,290/168,102)
       99% (168,100/168,102)
ethbtc   30m  orb              -  refused by positive_years, fill_rate; best cell +10.9% dd 4.5% n=29 pf=2.06
ethbtc   30m  overnight        -  refused by profit_factor, positive_years, fill_rate; best cell +0.0% dd 0.0% n=0 pf=0.00
ethbtc   30m  pdr              -  refused by fill_rate; best cell +18.0% dd 17.1% n=140 pf=1.15
ethbtc   30m  donchian         -  refused by fill_rate; best cell +16.2% dd 12.0% n=131 pf=1.21
ethbtc   30m  ma_cross         -  refused by trades, positive_years, fill_rate; best cell +23.8% dd 8.5% n=49 pf=1.66
ethbtc   30m  momentum         -  refused by fill_rate; best cell +15.1% dd 15.1% n=115 pf=1.17
ethbtc   30m  gap              -  refused by positive_years, fill_rate; best cell +27.8% dd 13.6% n=88 pf=1.35
ethbtc   30m  vwap             -  refused by fill_rate; best cell +19.9% dd 8.3% n=71 pf=1.40
ethbtc   30m  zscore           -  refused by fill_rate; best cell +36.8% dd 11.7% n=99 pf=1.46
ethbtc   30m  ib               -  refused by positive_years, fill_rate; best cell +14.3% dd 15.8% n=98 pf=1.20
ethbtc   30m  failed_break     -  refused by positive_years, fill_rate; best cell +10.2% dd 14.4% n=49 pf=1.22
ethbtc   30m  nr               -  refused by trades, positive_years, fill_rate; best cell +7.1% dd 2.5% n=16 pf=2.73
ethbtc   30m  inside           -  refused by positive_years, fill_rate; best cell +2.0% dd 19.9% n=65 pf=1.05
ethbtc   30m  keltner          -  refused by positive_years, fill_rate; best cell +14.7% dd 7.6% n=38 pf=1.40
ethbtc   30m  squeeze          -  refused by trades, positive_years, fill_rate; best cell +6.7% dd 7.2% n=28 pf=1.46
ethbtc   30m  range_expansion  -  refused by fill_rate; best cell +7.8% dd 7.0% n=21 pf=1.42
ethbtc   30m  consecutive      -  refused by positive_years, fill_rate; best cell +3.5% dd 4.8% n=21 pf=1.45
ethbtc   30m  rsi              -  refused by trades, positive_years, fill_rate; best cell +7.9% dd 10.8% n=77 pf=1.13
ethbtc   30m  key_reversal     -  refused by fill_rate; best cell +24.0% dd 8.4% n=81 pf=1.41
ethbtc   30m  climax           -  refused by fill_rate; best cell +33.2% dd 16.3% n=94 pf=1.42
ethbtc   30m  volume_thrust    -  refused by fill_rate; best cell +28.9% dd 12.7% n=78 pf=1.56
ethbtc   30m  time_of_day      -  refused by profit_factor, positive_years, fill_rate; best cell +0.0% dd 0.0% n=0 pf=0.00
ethbtc   30m  turn_of_month    -  refused by positive_years, fill_rate; best cell +16.3% dd 5.6% n=41 pf=1.59
ethbtc   30m  swing_donchian   -  refused by fill_rate; best cell +21.5% dd 13.8% n=123 pf=1.24
ethbtc   30m  swing_ma         -  refused by trades, fill_rate; best cell +23.8% dd 8.5% n=49 pf=1.66
ethbtc   30m  swing_zscore     -  refused by fill_rate; best cell +36.8% dd 11.7% n=99 pf=1.46
ethbtc   30m  high_52w         -  refused by positive_years, fill_rate; best cell +7.3% dd 9.4% n=26 pf=1.29
ethbtc   30m  xma_cross        -  refused by fill_rate; best cell +38.0% dd 9.7% n=59 pf=1.94
ethbtc   30m  xma_slope        -  refused by positive_years; best cell +32.6% dd 4.8% n=40 pf=2.32
ethbtc   30m  xma_ribbon       -  refused by trades, fill_rate; best cell +17.8% dd 6.7% n=71 pf=1.37
ethbtc   30m  linreg_trend     -  refused by fill_rate; best cell +14.2% dd 22.4% n=92 pf=1.19
ethbtc   30m  efficiency       -  refused by positive_years; best cell +5.6% dd 13.6% n=112 pf=1.07
ethbtc   30m  regime_switch    -  refused by positive_years; best cell +10.1% dd 11.5% n=70 pf=1.19
ethbtc   30m  skew             -  refused by fill_rate; best cell +10.7% dd 10.7% n=146 pf=1.10
ethbtc   30m  vol_regime       -  refused by positive_years, fill_rate; best cell +5.7% dd 15.3% n=40 pf=1.13
ethbtc   30m  stochastic       -  refused by positive_years, fill_rate; best cell +1.3% dd 5.2% n=22 pf=1.16
ethbtc   30m  cci              -  refused by fill_rate; best cell +23.5% dd 12.6% n=145 pf=1.17
ethbtc   30m  macd_hist        -  refused by positive_years, fill_rate; best cell +8.9% dd 7.0% n=9 pf=1.74
ethbtc   30m  dmi              -  refused by trades, positive_years, fill_rate; best cell +6.6% dd 1.7% n=7 pf=3.43
ethbtc   30m  aroon            -  refused by trades, positive_years, fill_rate; best cell +22.5% dd 8.8% n=45 pf=1.56
ethbtc   30m  rsi_divergence   -  refused by trades, fill_rate; best cell +21.2% dd 2.9% n=15 pf=4.86
ethbtc   30m  supertrend       -  refused by positive_years, fill_rate; best cell +3.1% dd 3.5% n=17 pf=1.52
ethbtc   30m  sar              -  refused by positive_years, fill_rate; best cell +13.1% dd 27.4% n=203 pf=1.08
ethbtc   30m  swing_break      -  refused by positive_years, fill_rate; best cell +3.0% dd 4.5% n=19 pf=1.42
ethbtc   30m  structure        -  refused by fill_rate; best cell +41.4% dd 10.2% n=60 pf=1.90
ethbtc   30m  fvg              -  refused by positive_years, fill_rate; best cell +1.5% dd 2.8% n=16 pf=1.33
ethbtc   30m  floor_pivot      -  refused by fill_rate; best cell +27.2% dd 11.7% n=114 pf=1.30
ethbtc   30m  pullback         -  refused by fill_rate; best cell +29.3% dd 19.3% n=231 pf=1.14
ethbtc   30m  volatility_breakout -  refused by fill_rate; best cell +24.9% dd 11.5% n=156 pf=1.22
ethbtc   30m  avwap            -  refused by positive_years, fill_rate; best cell +2.9% dd 1.3% n=14 pf=1.85
ethbtc   30m  wick             -  refused by fill_rate; best cell +59.0% dd 8.0% n=162 pf=1.52
ethbtc   30m  obv_break        -  refused by trades, positive_years, fill_rate; best cell +7.8% dd 13.0% n=56 pf=1.16
ethbtc   30m  obv_divergence   -  refused by fill_rate; best cell +14.9% dd 7.7% n=52 pf=1.50
ethbtc   30m  mfi              -  refused by positive_years, fill_rate; best cell +26.1% dd 7.3% n=110 pf=1.36
ethbtc   30m  cmf              -  refused by fill_rate; best cell +10.5% dd 3.1% n=7 pf=4.17
ethbtc   30m  rvol             -  refused by fill_rate; best cell +22.4% dd 22.9% n=85 pf=1.31
ethbtc   30m  day_of_week      -  refused by trades, positive_years, fill_rate; best cell +30.8% dd 5.9% n=48 pf=2.12
ethbtc   30m  gated_orb        -  refused by positive_years; best cell +17.9% dd 2.1% n=20 pf=3.27
ethbtc   30m  gated_donchian   -  refused by fill_rate; best cell +21.7% dd 12.3% n=99 pf=1.36
ethbtc   30m  gated_fade       -  refused by trades; best cell +8.0% dd 7.7% n=23 pf=1.46
ethbtc   30m  gated_swing      -  refused by trades; best cell +14.8% dd 2.4% n=16 pf=2.77
ethbtc   30m  confluence       -  refused by fill_rate; best cell +29.3% dd 8.3% n=126 pf=1.35
ethbtc   30m  two_stage        -  refused by trades, positive_years, fill_rate; best cell +3.0% dd 5.0% n=42 pf=1.15
ethbtc   30m  break_retest     -  refused by fill_rate; best cell +19.1% dd 11.1% n=70 pf=1.42
ethbtc   30m  regime_router    -  refused by trades, fill_rate; best cell +13.6% dd 11.7% n=68 pf=1.33
ethbtc   30m  nested           -  refused by fill_rate; best cell +12.6% dd 11.8% n=178 pf=1.09
ethbtc   30m  cross_timing     -  refused by trades, fill_rate; best cell +30.6% dd 8.8% n=51 pf=1.78
ethbtc   30m  level_confluence -  refused by fill_rate; best cell +6.9% dd 9.7% n=30 pf=1.29
ethbtc   30m  trap             -  refused by positive_years, fill_rate; best cell +29.7% dd 12.1% n=103 pf=1.38
ethbtc   30m  hurst            -  refused by trades, positive_years; best cell +5.5% dd 1.1% n=2 pf=5.79
ethbtc   30m  entropy          -  refused by positive_years, fill_rate; best cell +3.9% dd 4.4% n=22 pf=1.47
ethbtc   30m  kurtosis         -  refused by positive_years; best cell +4.4% dd 0.0% n=2 pf=999.00
ethbtc   30m  autocorr         -  refused by positive_years, fill_rate; best cell +5.3% dd 21.2% n=98 pf=1.05
ethbtc   30m  runs             -  refused by trades, fill_rate; best cell +21.6% dd 12.4% n=53 pf=1.58
ethbtc   30m  kendall          -  refused by positive_years, fill_rate; best cell +4.8% dd 1.9% n=5 pf=3.29
ethbtc   30m  tails            -  refused by trades, positive_years, fill_rate; best cell +22.7% dd 6.8% n=40 pf=1.75
ethbtc   30m  jump             -  refused by positive_years, fill_rate; best cell +26.2% dd 15.0% n=79 pf=1.40
ethbtc   30m  semivariance     -  refused by positive_years, fill_rate; best cell +6.9% dd 0.9% n=6 pf=8.50
ethbtc   30m  amihud           -  refused by positive_years, fill_rate; best cell +10.4% dd 2.9% n=29 pf=2.08
ethbtc   30m  estimator        -  refused by positive_years, fill_rate; best cell +15.3% dd 0.6% n=7 pf=25.52
ethbtc   30m  bulk_flow        -  refused by positive_years; best cell +15.5% dd 0.4% n=2 pf=36.87
ethbtc   30m  roofing          -  refused by positive_years, fill_rate; best cell +11.0% dd 9.2% n=57 pf=1.31
ethbtc   30m  fisher           -  refused by trades, positive_years, fill_rate; best cell +12.3% dd 10.7% n=44 pf=1.43
ethbtc   30m  kalman           -  refused by positive_years; best cell +21.6% dd 23.4% n=106 pf=1.24
ethbtc   30m  fracdiff         -  refused by fill_rate; best cell +37.7% dd 8.2% n=90 pf=1.51
ethbtc   30m  cycle            -  refused by fill_rate; best cell +4.9% dd 7.1% n=29 pf=1.24
ethbtc   30m  half_life        -  refused by fill_rate; best cell +44.8% dd 19.2% n=153 pf=1.31
ethbtc   30m  cusum            -  refused by fill_rate; best cell +1.9% dd 6.5% n=43 pf=1.13
ethbtc   30m  vol_of_vol       -  refused by positive_years, fill_rate; best cell +12.0% dd 8.7% n=39 pf=1.45
ethbtc   30m  quantile_break   -  refused by fill_rate; best cell +11.7% dd 14.1% n=118 pf=1.14
ethbtc   30m  regime_breakout  -  refused by fill_rate; best cell +5.8% dd 12.7% n=76 pf=1.10
ethbtc   30m  momentum_stack   -  refused by fill_rate; best cell +9.5% dd 16.2% n=207 pf=1.05
ethbtc   30m  adaptive_pullback -  refused by fill_rate; best cell +20.9% dd 19.4% n=209 pf=1.10
ethbtc   30m  value_area       -  refused by profit_factor, positive_years, fill_rate; best cell +0.5% dd 18.7% n=109 pf=1.00
ethbtc   30m  stat_confluence  -  refused by positive_years, fill_rate; best cell +18.6% dd 12.3% n=72 pf=1.32
ethbtc   30m  pivot_exhaustion -  refused by trades, fill_rate; best cell +28.5% dd 6.7% n=19 pf=2.50
ethbtc   30m  oh_asia_break    -  refused by positive_years, fill_rate; best cell +4.7% dd 11.8% n=108 pf=1.08
ethbtc   30m  oh_london_break  -  refused by positive_years, fill_rate; best cell +8.7% dd 22.1% n=132 pf=1.07
ethbtc   30m  oh_asia_squeeze  -  refused by trades, positive_years, fill_rate; best cell +10.2% dd 13.9% n=71 pf=1.22
ethbtc   30m  oh_london_fakeout -  refused by trades, profit_factor, positive_years, annual_dd, fill_rate; best cell +0.0% dd 0.0% n=0 pf=0.00
ethbtc   30m  oh_rth_handoff   -  refused by trades, profit_factor, positive_years, annual_dd, fill_rate; best cell +0.0% dd 0.0% n=0 pf=0.00
ethbtc   30m  oh_rth_close_location -  refused by trades, profit_factor, positive_years, annual_dd, fill_rate; best cell +0.0% dd 0.0% n=0 pf=0.00
ethbtc   30m  oh_post_close    -  refused by trades, profit_factor, positive_years, annual_dd, fill_rate; best cell +0.0% dd 0.0% n=0 pf=0.00
ethbtc   30m  oh_prior_level   -  refused by trades, profit_factor, positive_years, annual_dd, fill_rate; best cell +0.0% dd 0.0% n=0 pf=0.00
ethbtc   30m  oh_night_extension -  refused by trades, profit_factor, positive_years, annual_dd, fill_rate; best cell +0.0% dd 0.0% n=0 pf=0.00
ethbtc   30m  oh_pre_open_drift -  refused by trades, profit_factor, positive_years, annual_dd, fill_rate; best cell +0.0% dd 0.0% n=0 pf=0.00
ethbtc   30m  oh_open_vs_overnight -  refused by positive_years, fill_rate; best cell +59.5% dd 14.1% n=104 pf=1.79
ethbtc   30m  oh_session_momentum -  refused by trades, profit_factor, positive_years, annual_dd, fill_rate; best cell +0.0% dd 0.0% n=0 pf=0.00
ethbtc   30m  oh_dual_session  -  refused by trades, profit_factor, positive_years, annual_dd, fill_rate; best cell +0.0% dd 0.0% n=0 pf=0.00
ethbtc   30m  oh_reopen_drive  -  refused by trades, profit_factor, positive_years, annual_dd, fill_rate; best cell +0.0% dd 0.0% n=0 pf=0.00
ethbtc   30m  oh_london_drive  -  refused by trades, profit_factor, positive_years, annual_dd, fill_rate; best cell +0.0% dd 0.0% n=0 pf=0.00
ethbtc   30m  oh_vwap_stretch  -  refused by trades, profit_factor, positive_years, annual_dd, fill_rate; best cell +0.0% dd 0.0% n=0 pf=0.00
ethbtc   30m  oh_hour_drift    -  refused by profit_factor, positive_years, fill_rate; best cell +0.0% dd 0.0% n=0 pf=0.00
sealed C:\Users\JawirGaming66\quant\sandbox\research\..\results\exness_families_ethbtc_30m_windowed.json
