why: 3 jobs, up to 16 at once, 6.9 GB to spend
[1/3] ethusd 60m  6s  peak 0.82 GB
    ethusd 60m flip1: 72 cells
          flip1   9% (7/72)
          flip1  19% (14/72)
          flip1  29% (21/72)
          flip1  38% (28/72)
          flip1  48% (35/72)
          flip1  58% (42/72)
          flip1  68% (49/72)
          flip1  77% (56/72)
          flip1  87% (63/72)
          flip1  97% (70/72)
    ethusd td_squeeze_fire  flip1: no IS cell
    ethusd 60m flip2: 72 cells
          flip2   9% (7/72)
          flip2  19% (14/72)
          flip2  29% (21/72)
          flip2  38% (28/72)
          flip2  48% (35/72)
          flip2  58% (42/72)
          flip2  68% (49/72)
          flip2  77% (56/72)
          flip2  87% (63/72)
          flip2  97% (70/72)
    ethusd td_squeeze_fire  flip2: no IS cell
    ethusd 60m flip3: 72 cells
          flip3   9% (7/72)
          flip3  19% (14/72)
          flip3  29% (21/72)
          flip3  38% (28/72)
          flip3  48% (35/72)
          flip3  58% (42/72)
          flip3  68% (49/72)
          flip3  77% (56/72)
          flip3  87% (63/72)
          flip3  97% (70/72)
    ethusd td_squeeze_fire  flip3: no IS cell
[2/3] ethusd 30m  9s  peak 0.87 GB
    ethusd 30m flip1: 36 cells
          flip1   8% (3/36)
          flip1  16% (6/36)
          flip1  25% (9/36)
          flip1  33% (12/36)
          flip1  41% (15/36)
          flip1  50% (18/36)
          flip1  58% (21/36)
          flip1  66% (24/36)
          flip1  75% (27/36)
          flip1  83% (30/36)
          flip1  91% (33/36)
          flip1 100% (36/36)
    ethusd td_poc_flip      flip1: no IS cell
    ethusd 30m flip2: 36 cells
          flip2   8% (3/36)
          flip2  16% (6/36)
          flip2  25% (9/36)
          flip2  33% (12/36)
          flip2  41% (15/36)
          flip2  50% (18/36)
          flip2  58% (21/36)
          flip2  66% (24/36)
          flip2  75% (27/36)
          flip2  83% (30/36)
          flip2  91% (33/36)
          flip2 100% (36/36)
    ethusd td_poc_flip      flip2: no IS cell
    ethusd 30m flip3: 36 cells
          flip3   8% (3/36)
          flip3  16% (6/36)
          flip3  25% (9/36)
          flip3  33% (12/36)
          flip3  41% (15/36)
          flip3  50% (18/36)
          flip3  58% (21/36)
          flip3  66% (24/36)
          flip3  75% (27/36)
          flip3  83% (30/36)
          flip3  91% (33/36)
          flip3 100% (36/36)
    ethusd td_poc_flip      flip3: no IS cell
[3/3] ethusd 15m  20s  peak 0.99 GB
    ethusd 15m flip1: 180 cells
          flip1  10% (18/180)
          flip1  20% (36/180)
          flip1  30% (54/180)
          flip1  40% (72/180)
          flip1  50% (90/180)
          flip1  60% (108/180)
          flip1  70% (126/180)
          flip1  80% (144/180)
          flip1  90% (162/180)
          flip1 100% (180/180)
    ethusd td_halftrend     flip1: no IS cell
    ethusd td_ema_macd      flip1: no IS cell
    ethusd 15m flip2: 180 cells
          flip2  10% (18/180)
          flip2  20% (36/180)
          flip2  30% (54/180)
          flip2  40% (72/180)
          flip2  50% (90/180)
          flip2  60% (108/180)
          flip2  70% (126/180)
          flip2  80% (144/180)
          flip2  90% (162/180)
          flip2 100% (180/180)
    ethusd td_halftrend     flip2: no IS cell
    ethusd td_ema_macd      flip2: no IS cell
    ethusd 15m flip3: 180 cells
          flip3  10% (18/180)
          flip3  20% (36/180)
          flip3  30% (54/180)
          flip3  40% (72/180)
          flip3  50% (90/180)
          flip3  60% (108/180)
          flip3  70% (126/180)
          flip3  80% (144/180)
          flip3  90% (162/180)
          flip3 100% (180/180)
    ethusd td_halftrend     flip3: no IS cell
    ethusd td_ema_macd      flip3: no IS cell
why: 3 jobs in 20s
