why: 3 jobs, up to 16 at once, 7.3 GB to spend
[1/3] ethusd 60m  19s  peak 1.16 GB
    ethusd 60m flip1: 360 cells
          flip1  10% (36/360)
          flip1  20% (72/360)
          flip1  30% (108/360)
          flip1  40% (144/360)
          flip1  50% (180/360)
          flip1  60% (216/360)
          flip1  70% (252/360)
          flip1  80% (288/360)
          flip1  90% (324/360)
          flip1 100% (360/360)
    ethusd qp_volume_breakout flip1: no IS cell
    ethusd qp_rsi_extreme   flip1: no IS cell
    ethusd 60m flip2: 360 cells
          flip2  10% (36/360)
          flip2  20% (72/360)
          flip2  30% (108/360)
          flip2  40% (144/360)
          flip2  50% (180/360)
          flip2  60% (216/360)
          flip2  70% (252/360)
          flip2  80% (288/360)
          flip2  90% (324/360)
          flip2 100% (360/360)
    ethusd qp_volume_breakout flip2: no IS cell
    ethusd qp_rsi_extreme   flip2: no IS cell
    ethusd 60m flip3: 360 cells
          flip3  10% (36/360)
          flip3  20% (72/360)
          flip3  30% (108/360)
          flip3  40% (144/360)
          flip3  50% (180/360)
          flip3  60% (216/360)
          flip3  70% (252/360)
          flip3  80% (288/360)
          flip3  90% (324/360)
          flip3 100% (360/360)
    ethusd qp_volume_breakout flip3: no IS cell
    ethusd qp_rsi_extreme   flip3: no IS cell
[2/3] ethusd 30m  35s  peak 1.03 GB
    ethusd 30m flip1: 504 cells
          flip1   9% (50/504)
          flip1  19% (100/504)
          flip1  29% (150/504)
          flip1  39% (200/504)
          flip1  49% (250/504)
          flip1  59% (300/504)
          flip1  69% (350/504)
          flip1  79% (400/504)
          flip1  89% (450/504)
          flip1  99% (500/504)
    ethusd qp_volume_breakout flip1: IS +14.4% OOS +10.3%
    ethusd qp_momentum_top  flip1: no IS cell
    ethusd qp_rsi_extreme   flip1: no IS cell
    ethusd 30m flip2: 504 cells
          flip2   9% (50/504)
          flip2  19% (100/504)
          flip2  29% (150/504)
          flip2  39% (200/504)
          flip2  49% (250/504)
          flip2  59% (300/504)
          flip2  69% (350/504)
          flip2  79% (400/504)
          flip2  89% (450/504)
          flip2  99% (500/504)
    ethusd qp_volume_breakout flip2: no IS cell
    ethusd qp_momentum_top  flip2: no IS cell
    ethusd qp_rsi_extreme   flip2: IS +39.9% OOS +1.3%
    ethusd 30m flip3: 504 cells
          flip3   9% (50/504)
          flip3  19% (100/504)
          flip3  29% (150/504)
          flip3  39% (200/504)
          flip3  49% (250/504)
          flip3  59% (300/504)
          flip3  69% (350/504)
          flip3  79% (400/504)
          flip3  89% (450/504)
          flip3  99% (500/504)
    ethusd qp_volume_breakout flip3: no IS cell
    ethusd qp_momentum_top  flip3: no IS cell
    ethusd qp_rsi_extreme   flip3: IS +37.4% OOS +1.4%
[3/3] ethusd 15m  46s  peak 1.14 GB
    ethusd 15m flip1: 504 cells
          flip1   9% (50/504)
          flip1  19% (100/504)
          flip1  29% (150/504)
          flip1  39% (200/504)
          flip1  49% (250/504)
          flip1  59% (300/504)
          flip1  69% (350/504)
          flip1  79% (400/504)
          flip1  89% (450/504)
          flip1  99% (500/504)
    ethusd qp_volume_breakout flip1: no IS cell
    ethusd qp_momentum_top  flip1: no IS cell
    ethusd qp_rsi_extreme   flip1: no IS cell
    ethusd 15m flip2: 504 cells
          flip2   9% (50/504)
          flip2  19% (100/504)
          flip2  29% (150/504)
          flip2  39% (200/504)
          flip2  49% (250/504)
          flip2  59% (300/504)
          flip2  69% (350/504)
          flip2  79% (400/504)
          flip2  89% (450/504)
          flip2  99% (500/504)
    ethusd qp_volume_breakout flip2: no IS cell
    ethusd qp_momentum_top  flip2: no IS cell
    ethusd qp_rsi_extreme   flip2: no IS cell
    ethusd 15m flip3: 504 cells
          flip3   9% (50/504)
          flip3  19% (100/504)
          flip3  29% (150/504)
          flip3  39% (200/504)
          flip3  49% (250/504)
          flip3  59% (300/504)
          flip3  69% (350/504)
          flip3  79% (400/504)
          flip3  89% (450/504)
          flip3  99% (500/504)
    ethusd qp_volume_breakout flip3: IS +84.4% OOS -28.7%
    ethusd qp_momentum_top  flip3: no IS cell
    ethusd qp_rsi_extreme   flip3: no IS cell
why: 3 jobs in 46s
