select: 5 jobs, up to 16 at once, 8.0 GB to spend
[1/5] ethusd 240m  7s  peak 0.18 GB
    ethusd   240m luxalgo_manipulation -  refused by trades, profit_factor, positive_years, annual_dd, fill_rate; best cell +0.0% dd 0.0% n=0 pf=0.00
    ethusd   240m lux_momentum_flip -  refused by trades, profit_factor, positive_years, annual_dd, fill_rate; best cell +0.0% dd 0.0% n=0 pf=0.00
    sealed C:\Users\JawirGaming66\quant\sandbox\research\..\results\exness_tt_families_widestop_isethusd2021_ethusd_240m_luxalgo.json
[2/5] ethusd 60m  44s  peak 0.27 GB
    ethusd   60m  luxalgo_manipulation -  refused by positive_years; best cell +18.2% dd 47.4% n=513 pf=1.04
    ethusd   60m  lux_momentum_flip -  refused by positive_years; best cell +9.4% dd 11.3% n=54 pf=1.33
    sealed C:\Users\JawirGaming66\quant\sandbox\research\..\results\exness_tt_families_widestop_isethusd2021_ethusd_60m_luxalgo.json
[3/5] ethusd 30m  84s  peak 0.37 GB
    ethusd   30m  luxalgo_manipulation -  refused by positive_years; best cell +92.9% dd 63.1% n=969 pf=1.04
    ethusd   30m  lux_momentum_flip -  refused by profit_factor, positive_years; best cell -3.3% dd 5.8% n=29 pf=0.61
    sealed C:\Users\JawirGaming66\quant\sandbox\research\..\results\exness_tt_families_widestop_isethusd2021_ethusd_30m_luxalgo.json
[4/5] ethusd 15m  168s  peak 0.54 GB
    ethusd   15m  luxalgo_manipulation +17.0% dd 8.7% n=193
    ethusd   15m  lux_momentum_flip -  refused by profit_factor; best cell +11.7% dd 5.4% n=84 pf=1.31
    sealed C:\Users\JawirGaming66\quant\sandbox\research\..\results\exness_tt_families_widestop_isethusd2021_ethusd_15m_luxalgo.json
[5/5] ethusd 5m  400s  peak 1.22 GB
    ethusd   5m   luxalgo_manipulation +39.8% dd 10.5% n=558
    ethusd   5m   lux_momentum_flip -  refused by profit_factor, positive_years; best cell -0.1% dd 19.3% n=252 pf=1.00
    sealed C:\Users\JawirGaming66\quant\sandbox\research\..\results\exness_tt_families_widestop_isethusd2021_ethusd_5m_luxalgo.json
select: 5 jobs in 400s
