why: 3 jobs, up to 16 at once, 8.1 GB to spend
[1/3] ethusd 60m  6s  peak 0.20 GB
    ethusd 60m flip1: 96 cells
          flip1   9% (9/96)
          flip1  18% (18/96)
          flip1  28% (27/96)
          flip1  37% (36/96)
          flip1  46% (45/96)
          flip1  56% (54/96)
          flip1  65% (63/96)
          flip1  75% (72/96)
          flip1  84% (81/96)
          flip1  93% (90/96)
    ethusd lux_gap_fill_breakout flip1: no IS cell
    ethusd 60m flip2: 96 cells
          flip2   9% (9/96)
          flip2  18% (18/96)
          flip2  28% (27/96)
          flip2  37% (36/96)
          flip2  46% (45/96)
          flip2  56% (54/96)
          flip2  65% (63/96)
          flip2  75% (72/96)
          flip2  84% (81/96)
          flip2  93% (90/96)
    ethusd lux_gap_fill_breakout flip2: no IS cell
    ethusd 60m flip3: 96 cells
          flip3   9% (9/96)
          flip3  18% (18/96)
          flip3  28% (27/96)
          flip3  37% (36/96)
          flip3  46% (45/96)
          flip3  56% (54/96)
          flip3  65% (63/96)
          flip3  75% (72/96)
          flip3  84% (81/96)
          flip3  93% (90/96)
    ethusd lux_gap_fill_breakout flip3: no IS cell
[2/3] ethusd 30m  34s  peak 0.30 GB
    ethusd 30m flip1: 1,080 cells
          flip1  10% (108/1,080)
          flip1  20% (216/1,080)
          flip1  30% (324/1,080)
          flip1  40% (432/1,080)
          flip1  50% (540/1,080)
          flip1  60% (648/1,080)
          flip1  70% (756/1,080)
          flip1  80% (864/1,080)
          flip1  90% (972/1,080)
          flip1 100% (1,080/1,080)
    ethusd lux_htf_manipulation flip1: no IS cell
    ethusd lux_orb_breakout flip1: no IS cell
    ethusd 30m flip2: 1,080 cells
          flip2  10% (108/1,080)
          flip2  20% (216/1,080)
          flip2  30% (324/1,080)
          flip2  40% (432/1,080)
          flip2  50% (540/1,080)
          flip2  60% (648/1,080)
          flip2  70% (756/1,080)
          flip2  80% (864/1,080)
          flip2  90% (972/1,080)
          flip2 100% (1,080/1,080)
    ethusd lux_htf_manipulation flip2: no IS cell
    ethusd lux_orb_breakout flip2: no IS cell
    ethusd 30m flip3: 1,080 cells
          flip3  10% (108/1,080)
          flip3  20% (216/1,080)
          flip3  30% (324/1,080)
          flip3  40% (432/1,080)
          flip3  50% (540/1,080)
          flip3  60% (648/1,080)
          flip3  70% (756/1,080)
          flip3  80% (864/1,080)
          flip3  90% (972/1,080)
          flip3 100% (1,080/1,080)
    ethusd lux_htf_manipulation flip3: no IS cell
    ethusd lux_orb_breakout flip3: no IS cell
[3/3] ethusd 15m  46s  peak 0.54 GB
    ethusd 15m flip1: 972 cells
          flip1   9% (97/972)
          flip1  19% (194/972)
          flip1  29% (291/972)
          flip1  39% (388/972)
          flip1  49% (485/972)
          flip1  59% (582/972)
          flip1  69% (679/972)
          flip1  79% (776/972)
          flip1  89% (873/972)
          flip1  99% (970/972)
    ethusd lux_htf_manipulation flip1: no IS cell
    ethusd lux_body_momentum flip1: no IS cell
    ethusd 15m flip2: 972 cells
          flip2   9% (97/972)
          flip2  19% (194/972)
          flip2  29% (291/972)
          flip2  39% (388/972)
          flip2  49% (485/972)
          flip2  59% (582/972)
          flip2  69% (679/972)
          flip2  79% (776/972)
          flip2  89% (873/972)
          flip2  99% (970/972)
    ethusd lux_htf_manipulation flip2: no IS cell
    ethusd lux_body_momentum flip2: no IS cell
    ethusd 15m flip3: 972 cells
          flip3   9% (97/972)
          flip3  19% (194/972)
          flip3  29% (291/972)
          flip3  39% (388/972)
          flip3  49% (485/972)
          flip3  59% (582/972)
          flip3  69% (679/972)
          flip3  79% (776/972)
          flip3  89% (873/972)
          flip3  99% (970/972)
    ethusd lux_htf_manipulation flip3: IS +26.7% OOS +5.0%
    ethusd lux_body_momentum flip3: no IS cell
why: 3 jobs in 46s
