why: 39 jobs, up to 16 at once, 8.6 GB to spend
[1/39] eurusd 15m  15s  peak 0.72 GB
    eurusd 15m flip1: 24 cells
          flip1   8% (2/24)
          flip1  16% (4/24)
          flip1  25% (6/24)
          flip1  33% (8/24)
          flip1  41% (10/24)
          flip1  50% (12/24)
          flip1  58% (14/24)
          flip1  66% (16/24)
          flip1  75% (18/24)
          flip1  83% (20/24)
          flip1  91% (22/24)
          flip1 100% (24/24)
    eurusd lux_friday_monday flip1: no IS cell
    eurusd 15m flip2: 24 cells
          flip2   8% (2/24)
          flip2  16% (4/24)
          flip2  25% (6/24)
          flip2  33% (8/24)
          flip2  41% (10/24)
          flip2  50% (12/24)
          flip2  58% (14/24)
          flip2  66% (16/24)
          flip2  75% (18/24)
          flip2  83% (20/24)
          flip2  91% (22/24)
          flip2 100% (24/24)
    eurusd lux_friday_monday flip2: no IS cell
    eurusd 15m flip3: 24 cells
          flip3   8% (2/24)
          flip3  16% (4/24)
          flip3  25% (6/24)
          flip3  33% (8/24)
          flip3  41% (10/24)
          flip3  50% (12/24)
          flip3  58% (14/24)
          flip3  66% (16/24)
          flip3  75% (18/24)
          flip3  83% (20/24)
          flip3  91% (22/24)
          flip3 100% (24/24)
    eurusd lux_friday_monday flip3: IS +13.2% OOS +5.1%
[2/39] de40 5m  22s  peak 0.62 GB
    de40 5m flip1: 24 cells
          flip1   8% (2/24)
          flip1  16% (4/24)
          flip1  25% (6/24)
          flip1  33% (8/24)
          flip1  41% (10/24)
          flip1  50% (12/24)
          flip1  58% (14/24)
          flip1  66% (16/24)
          flip1  75% (18/24)
          flip1  83% (20/24)
          flip1  91% (22/24)
          flip1 100% (24/24)
    de40 lux_supply_demand flip1: no IS cell
    de40 5m flip2: 24 cells
          flip2   8% (2/24)
          flip2  16% (4/24)
          flip2  25% (6/24)
          flip2  33% (8/24)
          flip2  41% (10/24)
          flip2  50% (12/24)
          flip2  58% (14/24)
          flip2  66% (16/24)
          flip2  75% (18/24)
          flip2  83% (20/24)
          flip2  91% (22/24)
          flip2 100% (24/24)
    de40 lux_supply_demand flip2: no IS cell
    de40 5m flip3: 24 cells
          flip3   8% (2/24)
          flip3  16% (4/24)
          flip3  25% (6/24)
          flip3  33% (8/24)
          flip3  41% (10/24)
          flip3  50% (12/24)
          flip3  58% (14/24)
          flip3  66% (16/24)
          flip3  75% (18/24)
          flip3  83% (20/24)
          flip3  91% (22/24)
          flip3 100% (24/24)
    de40 lux_supply_demand flip3: no IS cell
[3/39] ustec 5m  30s  peak 0.71 GB
    ustec 5m flip1: 120 cells
          flip1  10% (12/120)
          flip1  20% (24/120)
          flip1  30% (36/120)
          flip1  40% (48/120)
          flip1  50% (60/120)
          flip1  60% (72/120)
          flip1  70% (84/120)
          flip1  80% (96/120)
          flip1  90% (108/120)
          flip1 100% (120/120)
    ustec lux_orb_breakout flip1: no IS cell
    ustec lux_body_momentum flip1: no IS cell
    ustec lux_london_range flip1: no IS cell
    ustec 5m flip2: 120 cells
          flip2  10% (12/120)
          flip2  20% (24/120)
          flip2  30% (36/120)
          flip2  40% (48/120)
          flip2  50% (60/120)
          flip2  60% (72/120)
          flip2  70% (84/120)
          flip2  80% (96/120)
          flip2  90% (108/120)
          flip2 100% (120/120)
    ustec lux_orb_breakout flip2: no IS cell
    ustec lux_body_momentum flip2: IS +15.8% OOS -11.3%
    ustec lux_london_range flip2: no IS cell
    ustec 5m flip3: 120 cells
          flip3  10% (12/120)
          flip3  20% (24/120)
          flip3  30% (36/120)
          flip3  40% (48/120)
          flip3  50% (60/120)
          flip3  60% (72/120)
          flip3  70% (84/120)
          flip3  80% (96/120)
          flip3  90% (108/120)
          flip3 100% (120/120)
    ustec lux_orb_breakout flip3: no IS cell
    ustec lux_body_momentum flip3: no IS cell
    ustec lux_london_range flip3: no IS cell
[4/39] audjpy 15m  43s  peak 0.74 GB
    audjpy 15m flip1: 288 cells
          flip1   9% (28/288)
          flip1  19% (56/288)
          flip1  29% (84/288)
          flip1  38% (112/288)
          flip1  48% (140/288)
          flip1  58% (168/288)
          flip1  68% (196/288)
          flip1  77% (224/288)
          flip1  87% (252/288)
          flip1  97% (280/288)
    audjpy lux_htf_manipulation flip1: no IS cell
    audjpy 15m flip2: 288 cells
          flip2   9% (28/288)
          flip2  19% (56/288)
          flip2  29% (84/288)
          flip2  38% (112/288)
          flip2  48% (140/288)
          flip2  58% (168/288)
          flip2  68% (196/288)
          flip2  77% (224/288)
          flip2  87% (252/288)
          flip2  97% (280/288)
    audjpy lux_htf_manipulation flip2: no IS cell
    audjpy 15m flip3: 288 cells
          flip3   9% (28/288)
          flip3  19% (56/288)
          flip3  29% (84/288)
          flip3  38% (112/288)
          flip3  48% (140/288)
          flip3  58% (168/288)
          flip3  68% (196/288)
          flip3  77% (224/288)
          flip3  87% (252/288)
          flip3  97% (280/288)
    audjpy lux_htf_manipulation flip3: no IS cell
[5/39] us500 5m  44s  peak 0.95 GB
    us500 5m flip1: 144 cells
          flip1   9% (14/144)
          flip1  19% (28/144)
          flip1  29% (42/144)
          flip1  38% (56/144)
          flip1  48% (70/144)
          flip1  58% (84/144)
          flip1  68% (98/144)
          flip1  77% (112/144)
          flip1  87% (126/144)
          flip1  97% (140/144)
    us500 lux_swing_sweep_mss flip1: no IS cell
    us500 lux_silver_bullet flip1: no IS cell
    us500 5m flip2: 144 cells
          flip2   9% (14/144)
          flip2  19% (28/144)
          flip2  29% (42/144)
          flip2  38% (56/144)
          flip2  48% (70/144)
          flip2  58% (84/144)
          flip2  68% (98/144)
          flip2  77% (112/144)
          flip2  87% (126/144)
          flip2  97% (140/144)
    us500 lux_swing_sweep_mss flip2: no IS cell
    us500 lux_silver_bullet flip2: no IS cell
    us500 5m flip3: 144 cells
          flip3   9% (14/144)
          flip3  19% (28/144)
          flip3  29% (42/144)
          flip3  38% (56/144)
          flip3  48% (70/144)
          flip3  58% (84/144)
          flip3  68% (98/144)
          flip3  77% (112/144)
          flip3  87% (126/144)
          flip3  97% (140/144)
    us500 lux_swing_sweep_mss flip3: no IS cell
    us500 lux_silver_bullet flip3: no IS cell
[6/39] eurjpy 15m  49s  peak 1.23 GB
    eurjpy 15m flip1: 240 cells
          flip1  10% (24/240)
          flip1  20% (48/240)
          flip1  30% (72/240)
          flip1  40% (96/240)
          flip1  50% (120/240)
          flip1  60% (144/240)
          flip1  70% (168/240)
          flip1  80% (192/240)
          flip1  90% (216/240)
          flip1 100% (240/240)
    eurjpy lux_htf_liquidity_fvg flip1: no IS cell
    eurjpy lux_swing_sweep_mss flip1: no IS cell
    eurjpy lux_rubber_band  flip1: no IS cell
    eurjpy lux_ny_vwap_pullback flip1: no IS cell
    eurjpy lux_amd_fvg      flip1: no IS cell
    eurjpy 15m flip2: 240 cells
          flip2  10% (24/240)
          flip2  20% (48/240)
          flip2  30% (72/240)
          flip2  40% (96/240)
          flip2  50% (120/240)
          flip2  60% (144/240)
          flip2  70% (168/240)
          flip2  80% (192/240)
          flip2  90% (216/240)
          flip2 100% (240/240)
    eurjpy lux_htf_liquidity_fvg flip2: no IS cell
    eurjpy lux_swing_sweep_mss flip2: IS +29.6% OOS -7.8%
    eurjpy lux_rubber_band  flip2: no IS cell
    eurjpy lux_ny_vwap_pullback flip2: no IS cell
    eurjpy lux_amd_fvg      flip2: no IS cell
    eurjpy 15m flip3: 240 cells
          flip3  10% (24/240)
          flip3  20% (48/240)
          flip3  30% (72/240)
          flip3  40% (96/240)
          flip3  50% (120/240)
          flip3  60% (144/240)
          flip3  70% (168/240)
          flip3  80% (192/240)
          flip3  90% (216/240)
          flip3 100% (240/240)
    eurjpy lux_htf_liquidity_fvg flip3: IS +65.3% OOS -0.2%
    eurjpy lux_swing_sweep_mss flip3: IS +22.8% OOS +2.9%
    eurjpy lux_rubber_band  flip3: no IS cell
    eurjpy lux_ny_vwap_pullback flip3: no IS cell
    eurjpy lux_amd_fvg      flip3: IS +98.5% OOS -5.7%
[7/39] usdjpy 15m  50s  peak 1.13 GB
    usdjpy 15m flip1: 288 cells
          flip1   9% (28/288)
          flip1  19% (56/288)
          flip1  29% (84/288)
          flip1  38% (112/288)
          flip1  48% (140/288)
          flip1  58% (168/288)
          flip1  68% (196/288)
          flip1  77% (224/288)
          flip1  87% (252/288)
          flip1  97% (280/288)
    usdjpy lux_htf_manipulation flip1: no IS cell
    usdjpy 15m flip2: 288 cells
          flip2   9% (28/288)
          flip2  19% (56/288)
          flip2  29% (84/288)
          flip2  38% (112/288)
          flip2  48% (140/288)
          flip2  58% (168/288)
          flip2  68% (196/288)
          flip2  77% (224/288)
          flip2  87% (252/288)
          flip2  97% (280/288)
    usdjpy lux_htf_manipulation flip2: no IS cell
    usdjpy 15m flip3: 288 cells
          flip3   9% (28/288)
          flip3  19% (56/288)
          flip3  29% (84/288)
          flip3  38% (112/288)
          flip3  48% (140/288)
          flip3  58% (168/288)
          flip3  68% (196/288)
          flip3  77% (224/288)
          flip3  87% (252/288)
          flip3  97% (280/288)
    usdjpy lux_htf_manipulation flip3: no IS cell
[8/39] gbpjpy 15m  52s  peak 1.11 GB
    gbpjpy 15m flip1: 288 cells
          flip1   9% (28/288)
          flip1  19% (56/288)
          flip1  29% (84/288)
          flip1  38% (112/288)
          flip1  48% (140/288)
          flip1  58% (168/288)
          flip1  68% (196/288)
          flip1  77% (224/288)
          flip1  87% (252/288)
          flip1  97% (280/288)
    gbpjpy lux_htf_manipulation flip1: no IS cell
    gbpjpy 15m flip2: 288 cells
          flip2   9% (28/288)
          flip2  19% (56/288)
          flip2  29% (84/288)
          flip2  38% (112/288)
          flip2  48% (140/288)
          flip2  58% (168/288)
          flip2  68% (196/288)
          flip2  77% (224/288)
          flip2  87% (252/288)
          flip2  97% (280/288)
    gbpjpy lux_htf_manipulation flip2: no IS cell
    gbpjpy 15m flip3: 288 cells
          flip3   9% (28/288)
          flip3  19% (56/288)
          flip3  29% (84/288)
          flip3  38% (112/288)
          flip3  48% (140/288)
          flip3  58% (168/288)
          flip3  68% (196/288)
          flip3  77% (224/288)
          flip3  87% (252/288)
          flip3  97% (280/288)
    gbpjpy lux_htf_manipulation flip3: no IS cell
[9/39] gbpusd 30m  11s  peak 0.55 GB
    gbpusd 30m flip1: 64 cells
          flip1   9% (6/64)
          flip1  18% (12/64)
          flip1  28% (18/64)
          flip1  37% (24/64)
          flip1  46% (30/64)
          flip1  56% (36/64)
          flip1  65% (42/64)
          flip1  75% (48/64)
          flip1  84% (54/64)
          flip1  93% (60/64)
    gbpusd lux_structure_poc flip1: no IS cell
    gbpusd 30m flip2: 64 cells
          flip2   9% (6/64)
          flip2  18% (12/64)
          flip2  28% (18/64)
          flip2  37% (24/64)
          flip2  46% (30/64)
          flip2  56% (36/64)
          flip2  65% (42/64)
          flip2  75% (48/64)
          flip2  84% (54/64)
          flip2  93% (60/64)
    gbpusd lux_structure_poc flip2: no IS cell
    gbpusd 30m flip3: 64 cells
          flip3   9% (6/64)
          flip3  18% (12/64)
          flip3  28% (18/64)
          flip3  37% (24/64)
          flip3  46% (30/64)
          flip3  56% (36/64)
          flip3  65% (42/64)
          flip3  75% (48/64)
          flip3  84% (54/64)
          flip3  93% (60/64)
    gbpusd lux_structure_poc flip3: IS +21.8% OOS -1.2%
[10/39] de40 30m  10s  peak 0.25 GB
    de40 30m flip1: 216 cells
          flip1   9% (21/216)
          flip1  19% (42/216)
          flip1  29% (63/216)
          flip1  38% (84/216)
          flip1  48% (105/216)
          flip1  58% (126/216)
          flip1  68% (147/216)
          flip1  77% (168/216)
          flip1  87% (189/216)
          flip1  97% (210/216)
    de40 lux_no_wick_retest flip1: IS +25.1% OOS +1.2%
    de40 lux_rubber_band  flip1: no IS cell
    de40 30m flip2: 216 cells
          flip2   9% (21/216)
          flip2  19% (42/216)
          flip2  29% (63/216)
          flip2  38% (84/216)
          flip2  48% (105/216)
          flip2  58% (126/216)
          flip2  68% (147/216)
          flip2  77% (168/216)
          flip2  87% (189/216)
          flip2  97% (210/216)
    de40 lux_no_wick_retest flip2: no IS cell
    de40 lux_rubber_band  flip2: no IS cell
    de40 30m flip3: 216 cells
          flip3   9% (21/216)
          flip3  19% (42/216)
          flip3  29% (63/216)
          flip3  38% (84/216)
          flip3  48% (105/216)
          flip3  58% (126/216)
          flip3  68% (147/216)
          flip3  77% (168/216)
          flip3  87% (189/216)
          flip3  97% (210/216)
    de40 lux_no_wick_retest flip3: no IS cell
    de40 lux_rubber_band  flip3: no IS cell
[11/39] ustec 15m  43s  peak 0.40 GB
    ustec 15m flip1: 1,408 cells
          flip1   9% (140/1,408)
          flip1  19% (280/1,408)
          flip1  29% (420/1,408)
          flip1  39% (560/1,408)
          flip1  49% (700/1,408)
          flip1  59% (840/1,408)
          flip1  69% (980/1,408)
          flip1  79% (1,120/1,408)
          flip1  89% (1,260/1,408)
          flip1  99% (1,400/1,408)
    ustec luxalgo_manipulation flip1: no IS cell
    ustec lux_structure_poc flip1: IS +14.6% OOS -1.8%
    ustec lux_eight_am_roadmap flip1: no IS cell
    ustec lux_trend_pullback flip1: IS +12.9% OOS +9.1%
    ustec lux_htf_manipulation flip1: no IS cell
    ustec lux_friday_monday flip1: no IS cell
    ustec 15m flip2: 1,408 cells
          flip2   9% (140/1,408)
          flip2  19% (280/1,408)
          flip2  29% (420/1,408)
          flip2  39% (560/1,408)
          flip2  49% (700/1,408)
          flip2  59% (840/1,408)
          flip2  69% (980/1,408)
          flip2  79% (1,120/1,408)
          flip2  89% (1,260/1,408)
          flip2  99% (1,400/1,408)
    ustec luxalgo_manipulation flip2: no IS cell
    ustec lux_structure_poc flip2: no IS cell
    ustec lux_eight_am_roadmap flip2: no IS cell
    ustec lux_trend_pullback flip2: IS +10.3% OOS +8.9%
    ustec lux_htf_manipulation flip2: no IS cell
    ustec lux_friday_monday flip2: no IS cell
    ustec 15m flip3: 1,408 cells
          flip3   9% (140/1,408)
          flip3  19% (280/1,408)
          flip3  29% (420/1,408)
          flip3  39% (560/1,408)
          flip3  49% (700/1,408)
          flip3  59% (840/1,408)
          flip3  69% (980/1,408)
          flip3  79% (1,120/1,408)
          flip3  89% (1,260/1,408)
          flip3  99% (1,400/1,408)
    ustec luxalgo_manipulation flip3: IS +9.7% OOS -6.7%
    ustec lux_structure_poc flip3: no IS cell
    ustec lux_eight_am_roadmap flip3: no IS cell
    ustec lux_trend_pullback flip3: no IS cell
    ustec lux_htf_manipulation flip3: no IS cell
    ustec lux_friday_monday flip3: no IS cell
[12/39] jp225 30m  5s  peak 0.23 GB
    jp225 30m flip1: 32 cells
          flip1   9% (3/32)
          flip1  18% (6/32)
          flip1  28% (9/32)
          flip1  37% (12/32)
          flip1  46% (15/32)
          flip1  56% (18/32)
          flip1  65% (21/32)
          flip1  75% (24/32)
          flip1  84% (27/32)
          flip1  93% (30/32)
    jp225 lux_gap_fill_breakout flip1: IS +33.2% OOS +4.7%
    jp225 30m flip2: 32 cells
          flip2   9% (3/32)
          flip2  18% (6/32)
          flip2  28% (9/32)
          flip2  37% (12/32)
          flip2  46% (15/32)
          flip2  56% (18/32)
          flip2  65% (21/32)
          flip2  75% (24/32)
          flip2  84% (27/32)
          flip2  93% (30/32)
    jp225 lux_gap_fill_breakout flip2: no IS cell
    jp225 30m flip3: 32 cells
          flip3   9% (3/32)
          flip3  18% (6/32)
          flip3  28% (9/32)
          flip3  37% (12/32)
          flip3  46% (15/32)
          flip3  56% (18/32)
          flip3  65% (21/32)
          flip3  75% (24/32)
          flip3  84% (27/32)
          flip3  93% (30/32)
    jp225 lux_gap_fill_breakout flip3: no IS cell
[13/39] ustec 30m  6s  peak 0.21 GB
    ustec 30m flip1: 60 cells
          flip1  10% (6/60)
          flip1  20% (12/60)
          flip1  30% (18/60)
          flip1  40% (24/60)
          flip1  50% (30/60)
          flip1  60% (36/60)
          flip1  70% (42/60)
          flip1  80% (48/60)
          flip1  90% (54/60)
          flip1 100% (60/60)
    ustec lux_htf_liquidity_fvg flip1: no IS cell
    ustec lux_friday_monday flip1: no IS cell
    ustec lux_prior_day_direction flip1: no IS cell
    ustec 30m flip2: 60 cells
          flip2  10% (6/60)
          flip2  20% (12/60)
          flip2  30% (18/60)
          flip2  40% (24/60)
          flip2  50% (30/60)
          flip2  60% (36/60)
          flip2  70% (42/60)
          flip2  80% (48/60)
          flip2  90% (54/60)
          flip2 100% (60/60)
    ustec lux_htf_liquidity_fvg flip2: no IS cell
    ustec lux_friday_monday flip2: no IS cell
    ustec lux_prior_day_direction flip2: no IS cell
    ustec 30m flip3: 60 cells
          flip3  10% (6/60)
          flip3  20% (12/60)
          flip3  30% (18/60)
          flip3  40% (24/60)
          flip3  50% (30/60)
          flip3  60% (36/60)
          flip3  70% (42/60)
          flip3  80% (48/60)
          flip3  90% (54/60)
          flip3 100% (60/60)
    ustec lux_htf_liquidity_fvg flip3: no IS cell
    ustec lux_friday_monday flip3: no IS cell
    ustec lux_prior_day_direction flip3: no IS cell
[14/39] gbpjpy 30m  66s  peak 0.99 GB
    gbpjpy 30m flip1: 1,080 cells
          flip1  10% (108/1,080)
          flip1  20% (216/1,080)
          flip1  30% (324/1,080)
          flip1  40% (432/1,080)
          flip1  50% (540/1,080)
          flip1  60% (648/1,080)
          flip1  70% (756/1,080)
          flip1  80% (864/1,080)
          flip1  90% (972/1,080)
          flip1 100% (1,080/1,080)
    gbpjpy luxalgo_manipulation flip1: IS +110.7% OOS -1.9%
    gbpjpy lux_sweep_ifvg   flip1: IS +62.1% OOS +6.9%
    gbpjpy lux_supply_demand flip1: no IS cell
    gbpjpy 30m flip2: 1,080 cells
          flip2  10% (108/1,080)
          flip2  20% (216/1,080)
          flip2  30% (324/1,080)
          flip2  40% (432/1,080)
          flip2  50% (540/1,080)
          flip2  60% (648/1,080)
          flip2  70% (756/1,080)
          flip2  80% (864/1,080)
          flip2  90% (972/1,080)
          flip2 100% (1,080/1,080)
    gbpjpy luxalgo_manipulation flip2: IS +164.7% OOS -19.4%
    gbpjpy lux_sweep_ifvg   flip2: IS +111.3% OOS -2.6%
    gbpjpy lux_supply_demand flip2: no IS cell
    gbpjpy 30m flip3: 1,080 cells
          flip3  10% (108/1,080)
          flip3  20% (216/1,080)
          flip3  30% (324/1,080)
          flip3  40% (432/1,080)
          flip3  50% (540/1,080)
          flip3  60% (648/1,080)
          flip3  70% (756/1,080)
          flip3  80% (864/1,080)
          flip3  90% (972/1,080)
          flip3 100% (1,080/1,080)
    gbpjpy luxalgo_manipulation flip3: IS +288.9% OOS -25.1%
    gbpjpy lux_sweep_ifvg   flip3: IS +17.4% OOS +0.5%
    gbpjpy lux_supply_demand flip3: no IS cell
[15/39] eurjpy 30m  68s  peak 0.97 GB
    eurjpy 30m flip1: 668 cells
          flip1   9% (66/668)
          flip1  19% (132/668)
          flip1  29% (198/668)
          flip1  39% (264/668)
          flip1  49% (330/668)
          flip1  59% (396/668)
          flip1  69% (462/668)
          flip1  79% (528/668)
          flip1  88% (594/668)
          flip1  98% (660/668)
    eurjpy lux_value_area_reversion flip1: no IS cell
    eurjpy lux_rsi_divergence flip1: IS +39.2% OOS -12.6%
    eurjpy lux_sweep_ifvg   flip1: IS +27.6% OOS +2.4%
    eurjpy lux_trend_pullback flip1: IS +21.6% OOS -3.6%
    eurjpy lux_orb_retest   flip1: no IS cell
    eurjpy lux_ny_vwap_pullback flip1: no IS cell
    eurjpy lux_fvg_violation flip1: no IS cell
    eurjpy 30m flip2: 668 cells
          flip2   9% (66/668)
          flip2  19% (132/668)
          flip2  29% (198/668)
          flip2  39% (264/668)
          flip2  49% (330/668)
          flip2  59% (396/668)
          flip2  69% (462/668)
          flip2  79% (528/668)
          flip2  88% (594/668)
          flip2  98% (660/668)
    eurjpy lux_value_area_reversion flip2: no IS cell
    eurjpy lux_rsi_divergence flip2: IS +14.7% OOS -3.2%
    eurjpy lux_sweep_ifvg   flip2: no IS cell
    eurjpy lux_trend_pullback flip2: no IS cell
    eurjpy lux_orb_retest   flip2: IS +6.8% OOS -8.0%
    eurjpy lux_ny_vwap_pullback flip2: IS +39.0% OOS +1.5%
    eurjpy lux_fvg_violation flip2: no IS cell
    eurjpy 30m flip3: 668 cells
          flip3   9% (66/668)
          flip3  19% (132/668)
          flip3  29% (198/668)
          flip3  39% (264/668)
          flip3  49% (330/668)
          flip3  59% (396/668)
          flip3  69% (462/668)
          flip3  79% (528/668)
          flip3  88% (594/668)
          flip3  98% (660/668)
    eurjpy lux_value_area_reversion flip3: no IS cell
    eurjpy lux_rsi_divergence flip3: IS +22.9% OOS +11.4%
    eurjpy lux_sweep_ifvg   flip3: IS +98.4% OOS -1.4%
    eurjpy lux_trend_pullback flip3: no IS cell
    eurjpy lux_orb_retest   flip3: IS +10.0% OOS +7.3%
    eurjpy lux_ny_vwap_pullback flip3: IS +17.9% OOS +6.6%
    eurjpy lux_fvg_violation flip3: IS +40.3% OOS -23.8%
[16/39] usdjpy 30m  67s  peak 1.01 GB
    usdjpy 30m flip1: 1,164 cells
          flip1   9% (116/1,164)
          flip1  19% (232/1,164)
          flip1  29% (348/1,164)
          flip1  39% (464/1,164)
          flip1  49% (580/1,164)
          flip1  59% (696/1,164)
          flip1  69% (812/1,164)
          flip1  79% (928/1,164)
          flip1  89% (1,044/1,164)
          flip1  99% (1,160/1,164)
    usdjpy luxalgo_manipulation flip1: IS +46.0% OOS -12.9%
    usdjpy lux_htf_manipulation flip1: IS +23.7% OOS +7.7%
    usdjpy lux_prior_day_direction flip1: no IS cell
    usdjpy 30m flip2: 1,164 cells
          flip2   9% (116/1,164)
          flip2  19% (232/1,164)
          flip2  29% (348/1,164)
          flip2  39% (464/1,164)
          flip2  49% (580/1,164)
          flip2  59% (696/1,164)
          flip2  69% (812/1,164)
          flip2  79% (928/1,164)
          flip2  89% (1,044/1,164)
          flip2  99% (1,160/1,164)
    usdjpy luxalgo_manipulation flip2: IS +34.0% OOS +8.0%
    usdjpy lux_htf_manipulation flip2: no IS cell
    usdjpy lux_prior_day_direction flip2: no IS cell
    usdjpy 30m flip3: 1,164 cells
          flip3   9% (116/1,164)
          flip3  19% (232/1,164)
          flip3  29% (348/1,164)
          flip3  39% (464/1,164)
          flip3  49% (580/1,164)
          flip3  59% (696/1,164)
          flip3  69% (812/1,164)
          flip3  79% (928/1,164)
          flip3  89% (1,044/1,164)
          flip3  99% (1,160/1,164)
    usdjpy luxalgo_manipulation flip3: IS +36.9% OOS -2.3%
    usdjpy lux_htf_manipulation flip3: no IS cell
    usdjpy lux_prior_day_direction flip3: no IS cell
[17/39] gbpusd 60m  26s  peak 0.40 GB
    gbpusd 60m flip1: 864 cells
          flip1   9% (86/864)
          flip1  19% (172/864)
          flip1  29% (258/864)
          flip1  39% (344/864)
          flip1  49% (430/864)
          flip1  59% (516/864)
          flip1  69% (602/864)
          flip1  79% (688/864)
          flip1  89% (774/864)
          flip1  99% (860/864)
    gbpusd luxalgo_manipulation flip1: IS +10.5% OOS -3.7%
    gbpusd 60m flip2: 864 cells
          flip2   9% (86/864)
          flip2  19% (172/864)
          flip2  29% (258/864)
          flip2  39% (344/864)
          flip2  49% (430/864)
          flip2  59% (516/864)
          flip2  69% (602/864)
          flip2  79% (688/864)
          flip2  89% (774/864)
          flip2  99% (860/864)
    gbpusd luxalgo_manipulation flip2: IS +19.8% OOS -3.8%
    gbpusd 60m flip3: 864 cells
          flip3   9% (86/864)
          flip3  19% (172/864)
          flip3  29% (258/864)
          flip3  39% (344/864)
          flip3  49% (430/864)
          flip3  59% (516/864)
          flip3  69% (602/864)
          flip3  79% (688/864)
          flip3  89% (774/864)
          flip3  99% (860/864)
    gbpusd luxalgo_manipulation flip3: IS +31.8% OOS -8.5%
[18/39] btc 15m  13s  peak 0.45 GB
    btc 15m flip1: 64 cells
          flip1   9% (6/64)
          flip1  18% (12/64)
          flip1  28% (18/64)
          flip1  37% (24/64)
          flip1  46% (30/64)
          flip1  56% (36/64)
          flip1  65% (42/64)
          flip1  75% (48/64)
          flip1  84% (54/64)
          flip1  93% (60/64)
    btc lux_structure_poc flip1: IS +49.4% OOS -4.2%
    btc 15m flip2: 64 cells
          flip2   9% (6/64)
          flip2  18% (12/64)
          flip2  28% (18/64)
          flip2  37% (24/64)
          flip2  46% (30/64)
          flip2  56% (36/64)
          flip2  65% (42/64)
          flip2  75% (48/64)
          flip2  84% (54/64)
          flip2  93% (60/64)
    btc lux_structure_poc flip2: no IS cell
    btc 15m flip3: 64 cells
          flip3   9% (6/64)
          flip3  18% (12/64)
          flip3  28% (18/64)
          flip3  37% (24/64)
          flip3  46% (30/64)
          flip3  56% (36/64)
          flip3  65% (42/64)
          flip3  75% (48/64)
          flip3  84% (54/64)
          flip3  93% (60/64)
    btc lux_structure_poc flip3: no IS cell
[19/39] us500 15m  14s  peak 0.39 GB
    us500 15m flip1: 88 cells
          flip1   9% (8/88)
          flip1  18% (16/88)
          flip1  27% (24/88)
          flip1  36% (32/88)
          flip1  45% (40/88)
          flip1  54% (48/88)
          flip1  63% (56/88)
          flip1  72% (64/88)
          flip1  81% (72/88)
          flip1  90% (80/88)
          flip1 100% (88/88)
    us500 lux_structure_poc flip1: no IS cell
    us500 lux_supply_demand flip1: no IS cell
    us500 15m flip2: 88 cells
          flip2   9% (8/88)
          flip2  18% (16/88)
          flip2  27% (24/88)
          flip2  36% (32/88)
          flip2  45% (40/88)
          flip2  54% (48/88)
          flip2  63% (56/88)
          flip2  72% (64/88)
          flip2  81% (72/88)
          flip2  90% (80/88)
          flip2 100% (88/88)
    us500 lux_structure_poc flip2: no IS cell
    us500 lux_supply_demand flip2: no IS cell
    us500 15m flip3: 88 cells
          flip3   9% (8/88)
          flip3  18% (16/88)
          flip3  27% (24/88)
          flip3  36% (32/88)
          flip3  45% (40/88)
          flip3  54% (48/88)
          flip3  63% (56/88)
          flip3  72% (64/88)
          flip3  81% (72/88)
          flip3  90% (80/88)
          flip3 100% (88/88)
    us500 lux_structure_poc flip3: no IS cell
    us500 lux_supply_demand flip3: no IS cell
[20/39] de40 60m  4s  peak 0.19 GB
    de40 60m flip1: 64 cells
          flip1   9% (6/64)
          flip1  18% (12/64)
          flip1  28% (18/64)
          flip1  37% (24/64)
          flip1  46% (30/64)
          flip1  56% (36/64)
          flip1  65% (42/64)
          flip1  75% (48/64)
          flip1  84% (54/64)
          flip1  93% (60/64)
    de40 lux_sweep_reclaim flip1: IS +19.6% OOS -4.7%
    de40 60m flip2: 64 cells
          flip2   9% (6/64)
          flip2  18% (12/64)
          flip2  28% (18/64)
          flip2  37% (24/64)
          flip2  46% (30/64)
          flip2  56% (36/64)
          flip2  65% (42/64)
          flip2  75% (48/64)
          flip2  84% (54/64)
          flip2  93% (60/64)
    de40 lux_sweep_reclaim flip2: no IS cell
    de40 60m flip3: 64 cells
          flip3   9% (6/64)
          flip3  18% (12/64)
          flip3  28% (18/64)
          flip3  37% (24/64)
          flip3  46% (30/64)
          flip3  56% (36/64)
          flip3  65% (42/64)
          flip3  75% (48/64)
          flip3  84% (54/64)
          flip3  93% (60/64)
    de40 lux_sweep_reclaim flip3: no IS cell
[21/39] jp225 60m  9s  peak 0.19 GB
    jp225 60m flip1: 1,056 cells
          flip1   9% (105/1,056)
          flip1  19% (210/1,056)
          flip1  29% (315/1,056)
          flip1  39% (420/1,056)
          flip1  49% (525/1,056)
          flip1  59% (630/1,056)
          flip1  69% (735/1,056)
          flip1  79% (840/1,056)
          flip1  89% (945/1,056)
          flip1  99% (1,050/1,056)
    jp225 luxalgo_manipulation flip1: IS +7.5% OOS -11.4%
    jp225 lux_sweep_ifvg   flip1: IS +7.5% OOS +3.3%
    jp225 60m flip2: 1,056 cells
          flip2   9% (105/1,056)
          flip2  19% (210/1,056)
          flip2  29% (315/1,056)
          flip2  39% (420/1,056)
          flip2  49% (525/1,056)
          flip2  59% (630/1,056)
          flip2  69% (735/1,056)
          flip2  79% (840/1,056)
          flip2  89% (945/1,056)
          flip2  99% (1,050/1,056)
    jp225 luxalgo_manipulation flip2: IS +21.6% OOS -0.1%
    jp225 lux_sweep_ifvg   flip2: no IS cell
    jp225 60m flip3: 1,056 cells
          flip3   9% (105/1,056)
          flip3  19% (210/1,056)
          flip3  29% (315/1,056)
          flip3  39% (420/1,056)
          flip3  49% (525/1,056)
          flip3  59% (630/1,056)
          flip3  69% (735/1,056)
          flip3  79% (840/1,056)
          flip3  89% (945/1,056)
          flip3  99% (1,050/1,056)
    jp225 luxalgo_manipulation flip3: no IS cell
    jp225 lux_sweep_ifvg   flip3: no IS cell
[22/39] audusd 60m  17s  peak 0.90 GB
    audusd 60m flip1: 192 cells
          flip1   9% (19/192)
          flip1  19% (38/192)
          flip1  29% (57/192)
          flip1  39% (76/192)
          flip1  49% (95/192)
          flip1  59% (114/192)
          flip1  69% (133/192)
          flip1  79% (152/192)
          flip1  89% (171/192)
          flip1  98% (190/192)
    audusd lux_sweep_ifvg   flip1: IS +13.9% OOS -10.0%
    audusd 60m flip2: 192 cells
          flip2   9% (19/192)
          flip2  19% (38/192)
          flip2  29% (57/192)
          flip2  39% (76/192)
          flip2  49% (95/192)
          flip2  59% (114/192)
          flip2  69% (133/192)
          flip2  79% (152/192)
          flip2  89% (171/192)
          flip2  98% (190/192)
    audusd lux_sweep_ifvg   flip2: no IS cell
    audusd 60m flip3: 192 cells
          flip3   9% (19/192)
          flip3  19% (38/192)
          flip3  29% (57/192)
          flip3  39% (76/192)
          flip3  49% (95/192)
          flip3  59% (114/192)
          flip3  69% (133/192)
          flip3  79% (152/192)
          flip3  89% (171/192)
          flip3  98% (190/192)
    audusd lux_sweep_ifvg   flip3: IS +39.9% OOS -15.2%
[23/39] us500 30m  12s  peak 0.33 GB
    us500 30m flip1: 110 cells
          flip1  10% (11/110)
          flip1  20% (22/110)
          flip1  30% (33/110)
          flip1  40% (44/110)
          flip1  50% (55/110)
          flip1  60% (66/110)
          flip1  70% (77/110)
          flip1  80% (88/110)
          flip1  90% (99/110)
          flip1 100% (110/110)
    us500 lux_htf_liquidity_fvg flip1: no IS cell
    us500 lux_gap_fill_breakout flip1: no IS cell
    us500 lux_body_momentum flip1: no IS cell
    us500 lux_session_open_reaction flip1: no IS cell
    us500 30m flip2: 110 cells
          flip2  10% (11/110)
          flip2  20% (22/110)
          flip2  30% (33/110)
          flip2  40% (44/110)
          flip2  50% (55/110)
          flip2  60% (66/110)
          flip2  70% (77/110)
          flip2  80% (88/110)
          flip2  90% (99/110)
          flip2 100% (110/110)
    us500 lux_htf_liquidity_fvg flip2: no IS cell
    us500 lux_gap_fill_breakout flip2: no IS cell
    us500 lux_body_momentum flip2: no IS cell
    us500 lux_session_open_reaction flip2: no IS cell
    us500 30m flip3: 110 cells
          flip3  10% (11/110)
          flip3  20% (22/110)
          flip3  30% (33/110)
          flip3  40% (44/110)
          flip3  50% (55/110)
          flip3  60% (66/110)
          flip3  70% (77/110)
          flip3  80% (88/110)
          flip3  90% (99/110)
          flip3 100% (110/110)
    us500 lux_htf_liquidity_fvg flip3: no IS cell
    us500 lux_gap_fill_breakout flip3: IS +18.8% OOS -16.0%
    us500 lux_body_momentum flip3: no IS cell
    us500 lux_session_open_reaction flip3: no IS cell
[24/39] audjpy 120m  4s  peak 0.36 GB
    audjpy 120m flip1: 12 cells
          flip1   8% (1/12)
          flip1  16% (2/12)
          flip1  25% (3/12)
          flip1  33% (4/12)
          flip1  41% (5/12)
          flip1  50% (6/12)
          flip1  58% (7/12)
          flip1  66% (8/12)
          flip1  75% (9/12)
          flip1  83% (10/12)
          flip1  91% (11/12)
          flip1 100% (12/12)
    audjpy lux_prior_day_direction flip1: no IS cell
    audjpy 120m flip2: 12 cells
          flip2   8% (1/12)
          flip2  16% (2/12)
          flip2  25% (3/12)
          flip2  33% (4/12)
          flip2  41% (5/12)
          flip2  50% (6/12)
          flip2  58% (7/12)
          flip2  66% (8/12)
          flip2  75% (9/12)
          flip2  83% (10/12)
          flip2  91% (11/12)
          flip2 100% (12/12)
    audjpy lux_prior_day_direction flip2: no IS cell
    audjpy 120m flip3: 12 cells
          flip3   8% (1/12)
          flip3  16% (2/12)
          flip3  25% (3/12)
          flip3  33% (4/12)
          flip3  41% (5/12)
          flip3  50% (6/12)
          flip3  58% (7/12)
          flip3  66% (8/12)
          flip3  75% (9/12)
          flip3  83% (10/12)
          flip3  91% (11/12)
          flip3 100% (12/12)
    audjpy lux_prior_day_direction flip3: no IS cell
[25/39] usdjpy 60m  23s  peak 0.90 GB
    usdjpy 60m flip1: 372 cells
          flip1   9% (37/372)
          flip1  19% (74/372)
          flip1  29% (111/372)
          flip1  39% (148/372)
          flip1  49% (185/372)
          flip1  59% (222/372)
          flip1  69% (259/372)
          flip1  79% (296/372)
          flip1  89% (333/372)
          flip1  99% (370/372)
    usdjpy lux_htf_manipulation flip1: no IS cell
    usdjpy lux_orb_breakout flip1: no IS cell
    usdjpy lux_prior_day_direction flip1: no IS cell
    usdjpy 60m flip2: 372 cells
          flip2   9% (37/372)
          flip2  19% (74/372)
          flip2  29% (111/372)
          flip2  39% (148/372)
          flip2  49% (185/372)
          flip2  59% (222/372)
          flip2  69% (259/372)
          flip2  79% (296/372)
          flip2  89% (333/372)
          flip2  99% (370/372)
    usdjpy lux_htf_manipulation flip2: no IS cell
    usdjpy lux_orb_breakout flip2: no IS cell
    usdjpy lux_prior_day_direction flip2: no IS cell
    usdjpy 60m flip3: 372 cells
          flip3   9% (37/372)
          flip3  19% (74/372)
          flip3  29% (111/372)
          flip3  39% (148/372)
          flip3  49% (185/372)
          flip3  59% (222/372)
          flip3  69% (259/372)
          flip3  79% (296/372)
          flip3  89% (333/372)
          flip3  99% (370/372)
    usdjpy lux_htf_manipulation flip3: no IS cell
    usdjpy lux_orb_breakout flip3: no IS cell
    usdjpy lux_prior_day_direction flip3: no IS cell
[26/39] de40 120m  5s  peak 0.15 GB
    de40 120m flip1: 972 cells
          flip1   9% (97/972)
          flip1  19% (194/972)
          flip1  29% (291/972)
          flip1  39% (388/972)
          flip1  49% (485/972)
          flip1  59% (582/972)
          flip1  69% (679/972)
          flip1  79% (776/972)
          flip1  89% (873/972)
          flip1  99% (970/972)
    de40 luxalgo_manipulation flip1: no IS cell
    de40 lux_body_momentum flip1: no IS cell
    de40 lux_rsi_50_pullback flip1: no IS cell
    de40 120m flip2: 972 cells
          flip2   9% (97/972)
          flip2  19% (194/972)
          flip2  29% (291/972)
          flip2  39% (388/972)
          flip2  49% (485/972)
          flip2  59% (582/972)
          flip2  69% (679/972)
          flip2  79% (776/972)
          flip2  89% (873/972)
          flip2  99% (970/972)
    de40 luxalgo_manipulation flip2: no IS cell
    de40 lux_body_momentum flip2: no IS cell
    de40 lux_rsi_50_pullback flip2: no IS cell
    de40 120m flip3: 972 cells
          flip3   9% (97/972)
          flip3  19% (194/972)
          flip3  29% (291/972)
          flip3  39% (388/972)
          flip3  49% (485/972)
          flip3  59% (582/972)
          flip3  69% (679/972)
          flip3  79% (776/972)
          flip3  89% (873/972)
          flip3  99% (970/972)
    de40 luxalgo_manipulation flip3: IS +68.9% OOS -18.0%
    de40 lux_body_momentum flip3: no IS cell
    de40 lux_rsi_50_pullback flip3: no IS cell
[27/39] jp225 120m  3s  peak 0.15 GB
    jp225 120m flip1: 72 cells
          flip1   9% (7/72)
          flip1  19% (14/72)
          flip1  29% (21/72)
          flip1  38% (28/72)
          flip1  48% (35/72)
          flip1  58% (42/72)
          flip1  68% (49/72)
          flip1  77% (56/72)
          flip1  87% (63/72)
          flip1  97% (70/72)
    jp225 lux_rsi_50_pullback flip1: no IS cell
    jp225 120m flip2: 72 cells
          flip2   9% (7/72)
          flip2  19% (14/72)
          flip2  29% (21/72)
          flip2  38% (28/72)
          flip2  48% (35/72)
          flip2  58% (42/72)
          flip2  68% (49/72)
          flip2  77% (56/72)
          flip2  87% (63/72)
          flip2  97% (70/72)
    jp225 lux_rsi_50_pullback flip2: no IS cell
    jp225 120m flip3: 72 cells
          flip3   9% (7/72)
          flip3  19% (14/72)
          flip3  29% (21/72)
          flip3  38% (28/72)
          flip3  48% (35/72)
          flip3  58% (42/72)
          flip3  68% (49/72)
          flip3  77% (56/72)
          flip3  87% (63/72)
          flip3  97% (70/72)
    jp225 lux_rsi_50_pullback flip3: no IS cell
[28/39] ustec 120m  4s  peak 0.15 GB
    ustec 120m flip1: 24 cells
          flip1   8% (2/24)
          flip1  16% (4/24)
          flip1  25% (6/24)
          flip1  33% (8/24)
          flip1  41% (10/24)
          flip1  50% (12/24)
          flip1  58% (14/24)
          flip1  66% (16/24)
          flip1  75% (18/24)
          flip1  83% (20/24)
          flip1  91% (22/24)
          flip1 100% (24/24)
    ustec lux_friday_monday flip1: IS +5.3% OOS -1.9%
    ustec 120m flip2: 24 cells
          flip2   8% (2/24)
          flip2  16% (4/24)
          flip2  25% (6/24)
          flip2  33% (8/24)
          flip2  41% (10/24)
          flip2  50% (12/24)
          flip2  58% (14/24)
          flip2  66% (16/24)
          flip2  75% (18/24)
          flip2  83% (20/24)
          flip2  91% (22/24)
          flip2 100% (24/24)
    ustec lux_friday_monday flip2: no IS cell
    ustec 120m flip3: 24 cells
          flip3   8% (2/24)
          flip3  16% (4/24)
          flip3  25% (6/24)
          flip3  33% (8/24)
          flip3  41% (10/24)
          flip3  50% (12/24)
          flip3  58% (14/24)
          flip3  66% (16/24)
          flip3  75% (18/24)
          flip3  83% (20/24)
          flip3  91% (22/24)
          flip3 100% (24/24)
    ustec lux_friday_monday flip3: IS +16.7% OOS +36.4%
[29/39] eurjpy 120m  9s  peak 0.89 GB
    eurjpy 120m flip1: 28 cells
          flip1   7% (2/28)
          flip1  14% (4/28)
          flip1  21% (6/28)
          flip1  28% (8/28)
          flip1  35% (10/28)
          flip1  42% (12/28)
          flip1  50% (14/28)
          flip1  57% (16/28)
          flip1  64% (18/28)
          flip1  71% (20/28)
          flip1  78% (22/28)
          flip1  85% (24/28)
          flip1  92% (26/28)
          flip1 100% (28/28)
    eurjpy lux_key_levels_orb flip1: no IS cell
    eurjpy lux_london_range flip1: no IS cell
    eurjpy 120m flip2: 28 cells
          flip2   7% (2/28)
          flip2  14% (4/28)
          flip2  21% (6/28)
          flip2  28% (8/28)
          flip2  35% (10/28)
          flip2  42% (12/28)
          flip2  50% (14/28)
          flip2  57% (16/28)
          flip2  64% (18/28)
          flip2  71% (20/28)
          flip2  78% (22/28)
          flip2  85% (24/28)
          flip2  92% (26/28)
          flip2 100% (28/28)
    eurjpy lux_key_levels_orb flip2: no IS cell
    eurjpy lux_london_range flip2: no IS cell
    eurjpy 120m flip3: 28 cells
          flip3   7% (2/28)
          flip3  14% (4/28)
          flip3  21% (6/28)
          flip3  28% (8/28)
          flip3  35% (10/28)
          flip3  42% (12/28)
          flip3  50% (14/28)
          flip3  57% (16/28)
          flip3  64% (18/28)
          flip3  71% (20/28)
          flip3  78% (22/28)
          flip3  85% (24/28)
          flip3  92% (26/28)
          flip3 100% (28/28)
    eurjpy lux_key_levels_orb flip3: no IS cell
    eurjpy lux_london_range flip3: no IS cell
[30/39] ustec 60m  7s  peak 0.17 GB
    ustec 60m flip1: 864 cells
          flip1   9% (86/864)
          flip1  19% (172/864)
          flip1  29% (258/864)
          flip1  39% (344/864)
          flip1  49% (430/864)
          flip1  59% (516/864)
          flip1  69% (602/864)
          flip1  79% (688/864)
          flip1  89% (774/864)
          flip1  99% (860/864)
    ustec luxalgo_manipulation flip1: IS +11.2% OOS -8.0%
    ustec 60m flip2: 864 cells
          flip2   9% (86/864)
          flip2  19% (172/864)
          flip2  29% (258/864)
          flip2  39% (344/864)
          flip2  49% (430/864)
          flip2  59% (516/864)
          flip2  69% (602/864)
          flip2  79% (688/864)
          flip2  89% (774/864)
          flip2  99% (860/864)
    ustec luxalgo_manipulation flip2: no IS cell
    ustec 60m flip3: 864 cells
          flip3   9% (86/864)
          flip3  19% (172/864)
          flip3  29% (258/864)
          flip3  39% (344/864)
          flip3  49% (430/864)
          flip3  59% (516/864)
          flip3  69% (602/864)
          flip3  79% (688/864)
          flip3  89% (774/864)
          flip3  99% (860/864)
    ustec luxalgo_manipulation flip3: no IS cell
[31/39] btc 60m  6s  peak 0.20 GB
    btc 60m flip1: 360 cells
          flip1  10% (36/360)
          flip1  20% (72/360)
          flip1  30% (108/360)
          flip1  40% (144/360)
          flip1  50% (180/360)
          flip1  60% (216/360)
          flip1  70% (252/360)
          flip1  80% (288/360)
          flip1  90% (324/360)
          flip1 100% (360/360)
    btc lux_session_sweep_bos flip1: no IS cell
    btc 60m flip2: 360 cells
          flip2  10% (36/360)
          flip2  20% (72/360)
          flip2  30% (108/360)
          flip2  40% (144/360)
          flip2  50% (180/360)
          flip2  60% (216/360)
          flip2  70% (252/360)
          flip2  80% (288/360)
          flip2  90% (324/360)
          flip2 100% (360/360)
    btc lux_session_sweep_bos flip2: no IS cell
    btc 60m flip3: 360 cells
          flip3  10% (36/360)
          flip3  20% (72/360)
          flip3  30% (108/360)
          flip3  40% (144/360)
          flip3  50% (180/360)
          flip3  60% (216/360)
          flip3  70% (252/360)
          flip3  80% (288/360)
          flip3  90% (324/360)
          flip3 100% (360/360)
    btc lux_session_sweep_bos flip3: no IS cell
[32/39] gbpjpy 120m  24s  peak 0.90 GB
    gbpjpy 120m flip1: 1,092 cells
          flip1   9% (109/1,092)
          flip1  19% (218/1,092)
          flip1  29% (327/1,092)
          flip1  39% (436/1,092)
          flip1  49% (545/1,092)
          flip1  59% (654/1,092)
          flip1  69% (763/1,092)
          flip1  79% (872/1,092)
          flip1  89% (981/1,092)
          flip1  99% (1,090/1,092)
    gbpjpy luxalgo_manipulation flip1: no IS cell
    gbpjpy lux_sweep_ifvg   flip1: no IS cell
    gbpjpy lux_body_momentum flip1: no IS cell
    gbpjpy 120m flip2: 1,092 cells
          flip2   9% (109/1,092)
          flip2  19% (218/1,092)
          flip2  29% (327/1,092)
          flip2  39% (436/1,092)
          flip2  49% (545/1,092)
          flip2  59% (654/1,092)
          flip2  69% (763/1,092)
          flip2  79% (872/1,092)
          flip2  89% (981/1,092)
          flip2  99% (1,090/1,092)
    gbpjpy luxalgo_manipulation flip2: no IS cell
    gbpjpy lux_sweep_ifvg   flip2: no IS cell
    gbpjpy lux_body_momentum flip2: no IS cell
    gbpjpy 120m flip3: 1,092 cells
          flip3   9% (109/1,092)
          flip3  19% (218/1,092)
          flip3  29% (327/1,092)
          flip3  39% (436/1,092)
          flip3  49% (545/1,092)
          flip3  59% (654/1,092)
          flip3  69% (763/1,092)
          flip3  79% (872/1,092)
          flip3  89% (981/1,092)
          flip3  99% (1,090/1,092)
    gbpjpy luxalgo_manipulation flip3: no IS cell
    gbpjpy lux_sweep_ifvg   flip3: no IS cell
    gbpjpy lux_body_momentum flip3: no IS cell
[33/39] us500 60m  9s  peak 0.23 GB
    us500 60m flip1: 432 cells
          flip1   9% (43/432)
          flip1  19% (86/432)
          flip1  29% (129/432)
          flip1  39% (172/432)
          flip1  49% (215/432)
          flip1  59% (258/432)
          flip1  69% (301/432)
          flip1  79% (344/432)
          flip1  89% (387/432)
          flip1  99% (430/432)
    us500 lux_session_sweep_bos flip1: no IS cell
    us500 lux_rsi_50_pullback flip1: no IS cell
    us500 60m flip2: 432 cells
          flip2   9% (43/432)
          flip2  19% (86/432)
          flip2  29% (129/432)
          flip2  39% (172/432)
          flip2  49% (215/432)
          flip2  59% (258/432)
          flip2  69% (301/432)
          flip2  79% (344/432)
          flip2  89% (387/432)
          flip2  99% (430/432)
    us500 lux_session_sweep_bos flip2: no IS cell
    us500 lux_rsi_50_pullback flip2: IS +14.8% OOS +8.7%
    us500 60m flip3: 432 cells
          flip3   9% (43/432)
          flip3  19% (86/432)
          flip3  29% (129/432)
          flip3  39% (172/432)
          flip3  49% (215/432)
          flip3  59% (258/432)
          flip3  69% (301/432)
          flip3  79% (344/432)
          flip3  89% (387/432)
          flip3  99% (430/432)
    us500 lux_session_sweep_bos flip3: no IS cell
    us500 lux_rsi_50_pullback flip3: no IS cell
[34/39] eurjpy 60m  44s  peak 0.89 GB
    eurjpy 60m flip1: 1,160 cells
          flip1  10% (116/1,160)
          flip1  20% (232/1,160)
          flip1  30% (348/1,160)
          flip1  40% (464/1,160)
          flip1  50% (580/1,160)
          flip1  60% (696/1,160)
          flip1  70% (812/1,160)
          flip1  80% (928/1,160)
          flip1  90% (1,044/1,160)
          flip1 100% (1,160/1,160)
    eurjpy luxalgo_manipulation flip1: IS +41.1% OOS -7.6%
    eurjpy lux_value_area_reversion flip1: no IS cell
    eurjpy lux_sweep_ifvg   flip1: IS +36.1% OOS -2.7%
    eurjpy lux_orb_retest   flip1: IS +58.5% OOS -8.6%
    eurjpy 60m flip2: 1,160 cells
          flip2  10% (116/1,160)
          flip2  20% (232/1,160)
          flip2  30% (348/1,160)
          flip2  40% (464/1,160)
          flip2  50% (580/1,160)
          flip2  60% (696/1,160)
          flip2  70% (812/1,160)
          flip2  80% (928/1,160)
          flip2  90% (1,044/1,160)
          flip2 100% (1,160/1,160)
    eurjpy luxalgo_manipulation flip2: IS +152.2% OOS -8.3%
    eurjpy lux_value_area_reversion flip2: no IS cell
    eurjpy lux_sweep_ifvg   flip2: no IS cell
    eurjpy lux_orb_retest   flip2: IS +64.2% OOS -21.5%
    eurjpy 60m flip3: 1,160 cells
          flip3  10% (116/1,160)
          flip3  20% (232/1,160)
          flip3  30% (348/1,160)
          flip3  40% (464/1,160)
          flip3  50% (580/1,160)
          flip3  60% (696/1,160)
          flip3  70% (812/1,160)
          flip3  80% (928/1,160)
          flip3  90% (1,044/1,160)
          flip3 100% (1,160/1,160)
    eurjpy luxalgo_manipulation flip3: IS +112.7% OOS -4.3%
    eurjpy lux_value_area_reversion flip3: no IS cell
    eurjpy lux_sweep_ifvg   flip3: IS +63.0% OOS +6.1%
    eurjpy lux_orb_retest   flip3: IS +46.6% OOS -17.1%
[35/39] audjpy 240m  3s  peak 0.33 GB
    audjpy 240m flip1: 16 cells
          flip1   6% (1/16)
          flip1  12% (2/16)
          flip1  18% (3/16)
          flip1  25% (4/16)
          flip1  31% (5/16)
          flip1  37% (6/16)
          flip1  43% (7/16)
          flip1  50% (8/16)
          flip1  56% (9/16)
          flip1  62% (10/16)
          flip1  68% (11/16)
          flip1  75% (12/16)
          flip1  81% (13/16)
          flip1  87% (14/16)
          flip1  93% (15/16)
          flip1 100% (16/16)
    audjpy lux_key_levels_orb flip1: no IS cell
    audjpy 240m flip2: 16 cells
          flip2   6% (1/16)
          flip2  12% (2/16)
          flip2  18% (3/16)
          flip2  25% (4/16)
          flip2  31% (5/16)
          flip2  37% (6/16)
          flip2  43% (7/16)
          flip2  50% (8/16)
          flip2  56% (9/16)
          flip2  62% (10/16)
          flip2  68% (11/16)
          flip2  75% (12/16)
          flip2  81% (13/16)
          flip2  87% (14/16)
          flip2  93% (15/16)
          flip2 100% (16/16)
    audjpy lux_key_levels_orb flip2: no IS cell
    audjpy 240m flip3: 16 cells
          flip3   6% (1/16)
          flip3  12% (2/16)
          flip3  18% (3/16)
          flip3  25% (4/16)
          flip3  31% (5/16)
          flip3  37% (6/16)
          flip3  43% (7/16)
          flip3  50% (8/16)
          flip3  56% (9/16)
          flip3  62% (10/16)
          flip3  68% (11/16)
          flip3  75% (12/16)
          flip3  81% (13/16)
          flip3  87% (14/16)
          flip3  93% (15/16)
          flip3 100% (16/16)
    audjpy lux_key_levels_orb flip3: no IS cell
[36/39] gbpusd 240m  4s  peak 0.33 GB
    gbpusd 240m flip1: 24 cells
          flip1   8% (2/24)
          flip1  16% (4/24)
          flip1  25% (6/24)
          flip1  33% (8/24)
          flip1  41% (10/24)
          flip1  50% (12/24)
          flip1  58% (14/24)
          flip1  66% (16/24)
          flip1  75% (18/24)
          flip1  83% (20/24)
          flip1  91% (22/24)
          flip1 100% (24/24)
    gbpusd lux_vwap_ema     flip1: no IS cell
    gbpusd 240m flip2: 24 cells
          flip2   8% (2/24)
          flip2  16% (4/24)
          flip2  25% (6/24)
          flip2  33% (8/24)
          flip2  41% (10/24)
          flip2  50% (12/24)
          flip2  58% (14/24)
          flip2  66% (16/24)
          flip2  75% (18/24)
          flip2  83% (20/24)
          flip2  91% (22/24)
          flip2 100% (24/24)
    gbpusd lux_vwap_ema     flip2: no IS cell
    gbpusd 240m flip3: 24 cells
          flip3   8% (2/24)
          flip3  16% (4/24)
          flip3  25% (6/24)
          flip3  33% (8/24)
          flip3  41% (10/24)
          flip3  50% (12/24)
          flip3  58% (14/24)
          flip3  66% (16/24)
          flip3  75% (18/24)
          flip3  83% (20/24)
          flip3  91% (22/24)
          flip3 100% (24/24)
    gbpusd lux_vwap_ema     flip3: no IS cell
[37/39] eurusd 240m  3s  peak 0.34 GB
    eurusd 240m flip1: 24 cells
          flip1   8% (2/24)
          flip1  16% (4/24)
          flip1  25% (6/24)
          flip1  33% (8/24)
          flip1  41% (10/24)
          flip1  50% (12/24)
          flip1  58% (14/24)
          flip1  66% (16/24)
          flip1  75% (18/24)
          flip1  83% (20/24)
          flip1  91% (22/24)
          flip1 100% (24/24)
    eurusd lux_friday_monday flip1: no IS cell
    eurusd 240m flip2: 24 cells
          flip2   8% (2/24)
          flip2  16% (4/24)
          flip2  25% (6/24)
          flip2  33% (8/24)
          flip2  41% (10/24)
          flip2  50% (12/24)
          flip2  58% (14/24)
          flip2  66% (16/24)
          flip2  75% (18/24)
          flip2  83% (20/24)
          flip2  91% (22/24)
          flip2 100% (24/24)
    eurusd lux_friday_monday flip2: IS +8.7% OOS -0.4%
    eurusd 240m flip3: 24 cells
          flip3   8% (2/24)
          flip3  16% (4/24)
          flip3  25% (6/24)
          flip3  33% (8/24)
          flip3  41% (10/24)
          flip3  50% (12/24)
          flip3  58% (14/24)
          flip3  66% (16/24)
          flip3  75% (18/24)
          flip3  83% (20/24)
          flip3  91% (22/24)
          flip3 100% (24/24)
    eurusd lux_friday_monday flip3: no IS cell
[38/39] gbpjpy 240m  8s  peak 0.90 GB
    gbpjpy 240m flip1: 192 cells
          flip1   9% (19/192)
          flip1  19% (38/192)
          flip1  29% (57/192)
          flip1  39% (76/192)
          flip1  49% (95/192)
          flip1  59% (114/192)
          flip1  69% (133/192)
          flip1  79% (152/192)
          flip1  89% (171/192)
          flip1  98% (190/192)
    gbpjpy lux_no_wick_retest flip1: no IS cell
    gbpjpy 240m flip2: 192 cells
          flip2   9% (19/192)
          flip2  19% (38/192)
          flip2  29% (57/192)
          flip2  39% (76/192)
          flip2  49% (95/192)
          flip2  59% (114/192)
          flip2  69% (133/192)
          flip2  79% (152/192)
          flip2  89% (171/192)
          flip2  98% (190/192)
    gbpjpy lux_no_wick_retest flip2: no IS cell
    gbpjpy 240m flip3: 192 cells
          flip3   9% (19/192)
          flip3  19% (38/192)
          flip3  29% (57/192)
          flip3  39% (76/192)
          flip3  49% (95/192)
          flip3  59% (114/192)
          flip3  69% (133/192)
          flip3  79% (152/192)
          flip3  89% (171/192)
          flip3  98% (190/192)
    gbpjpy lux_no_wick_retest flip3: no IS cell
[39/39] eurjpy 5m  227s  peak 2.34 GB
    eurjpy 5m flip1: 456 cells
          flip1   9% (45/456)
          flip1  19% (90/456)
          flip1  29% (135/456)
          flip1  39% (180/456)
          flip1  49% (225/456)
          flip1  59% (270/456)
          flip1  69% (315/456)
          flip1  78% (360/456)
          flip1  88% (405/456)
          flip1  98% (450/456)
    eurjpy lux_equal_levels flip1: IS +20.2% OOS -6.3%
    eurjpy lux_rsi_divergence flip1: IS +62.1% OOS -8.2%
    eurjpy lux_trend_pullback flip1: no IS cell
    eurjpy lux_swing_sweep_mss flip1: no IS cell
    eurjpy lux_rubber_band  flip1: no IS cell
    eurjpy 5m flip2: 456 cells
          flip2   9% (45/456)
          flip2  19% (90/456)
          flip2  29% (135/456)
          flip2  39% (180/456)
          flip2  49% (225/456)
          flip2  59% (270/456)
          flip2  69% (315/456)
          flip2  78% (360/456)
          flip2  88% (405/456)
          flip2  98% (450/456)
    eurjpy lux_equal_levels flip2: no IS cell
    eurjpy lux_rsi_divergence flip2: IS +149.9% OOS -15.2%
    eurjpy lux_trend_pullback flip2: IS +23.8% OOS -9.1%
    eurjpy lux_swing_sweep_mss flip2: IS +113.0% OOS -8.5%
    eurjpy lux_rubber_band  flip2: no IS cell
    eurjpy 5m flip3: 456 cells
          flip3   9% (45/456)
          flip3  19% (90/456)
          flip3  29% (135/456)
          flip3  39% (180/456)
          flip3  49% (225/456)
          flip3  59% (270/456)
          flip3  69% (315/456)
          flip3  78% (360/456)
          flip3  88% (405/456)
          flip3  98% (450/456)
    eurjpy lux_equal_levels flip3: IS +17.2% OOS +0.9%
    eurjpy lux_rsi_divergence flip3: IS +134.8% OOS -10.1%
    eurjpy lux_trend_pullback flip3: IS +57.2% OOS -3.3%
    eurjpy lux_swing_sweep_mss flip3: no IS cell
    eurjpy lux_rubber_band  flip3: no IS cell
why: 39 jobs in 227s
