select: 57 jobs, up to 16 at once, 7.0 GB to spend
[1/57] audjpy 15m  155s  peak 0.87 GB
    audjpy   15m  luxalgo_manipulation -  refused by positive_years; best cell +33.9% dd 12.6% n=924 pf=1.08
    audjpy   15m  lux_momentum_flip -  refused by profit_factor, positive_years; best cell -17.5% dd 19.3% n=169 pf=0.62
[2/57] gbpusd 15m  154s  peak 0.85 GB
    gbpusd   15m  luxalgo_manipulation +36.5% dd 9.2% n=805
    gbpusd   15m  lux_momentum_flip -  refused by profit_factor, positive_years; best cell -7.2% dd 16.1% n=415 pf=0.91
    FAILED TypeError: Object of type int64 is not JSON serializable
[3/57] gbpusd 5m  389s  peak 1.72 GB
    gbpusd   5m   luxalgo_manipulation +36.8% dd 16.3% n=1299
    gbpusd   5m   lux_momentum_flip -  refused by profit_factor, max_dd, positive_years; best cell -22.9% dd 24.1% n=426 pf=0.57
    FAILED TypeError: Object of type int64 is not JSON serializable
[4/57] usdjpy 5m  398s  peak 1.82 GB
    usdjpy   5m   luxalgo_manipulation -  refused by max_dd; best cell +35.9% dd 17.4% n=987 pf=1.14
    usdjpy   5m   lux_momentum_flip -  refused by profit_factor, max_dd, positive_years; best cell -32.3% dd 33.3% n=393 pf=0.41
    FAILED TypeError: Object of type int64 is not JSON serializable
[5/57] audjpy 5m  402s  peak 1.78 GB
    audjpy   5m   luxalgo_manipulation -  refused by profit_factor, max_dd; best cell +21.1% dd 24.5% n=1240 pf=1.03
    audjpy   5m   lux_momentum_flip -  refused by profit_factor, max_dd, positive_years; best cell -35.1% dd 35.5% n=473 pf=0.51
[6/57] gbpjpy 5m  407s  peak 1.80 GB
    gbpjpy   5m   luxalgo_manipulation +210.1% dd 16.5% n=1302
    gbpjpy   5m   lux_momentum_flip -  refused by profit_factor, positive_years; best cell -7.0% dd 14.5% n=443 pf=0.90
[7/57] eurjpy 5m  410s  peak 1.84 GB
    eurjpy   5m   luxalgo_manipulation +158.6% dd 13.5% n=1259
    eurjpy   5m   lux_momentum_flip -  refused by positive_years; best cell +5.3% dd 9.8% n=445 pf=1.09
    FAILED TypeError: Object of type int64 is not JSON serializable
[8/57] gbpjpy 15m  190s  peak 1.03 GB
    gbpjpy   15m  luxalgo_manipulation +172.0% dd 17.6% n=1251
    gbpjpy   15m  lux_momentum_flip -  refused by positive_years; best cell +10.4% dd 7.0% n=176 pf=1.29
    FAILED TypeError: Object of type int64 is not JSON serializable
[9/57] audjpy 30m  107s  peak 0.61 GB
    audjpy   30m  luxalgo_manipulation +16.0% dd 6.8% n=159
    audjpy   30m  lux_momentum_flip -  refused by profit_factor, positive_years; best cell -15.9% dd 17.6% n=73 pf=0.48
[10/57] gbpusd 30m  106s  peak 0.60 GB
    gbpusd   30m  luxalgo_manipulation -  refused by positive_years; best cell +109.5% dd 20.1% n=1109 pf=1.21
    gbpusd   30m  lux_momentum_flip -  refused by profit_factor, positive_years; best cell -8.1% dd 9.2% n=95 pf=0.69
[11/57] eurusd 15m  158s  peak 0.79 GB
    eurusd   15m  luxalgo_manipulation -  refused by positive_years; best cell +9.9% dd 11.2% n=377 pf=1.11
    eurusd   15m  lux_momentum_flip -  refused by profit_factor, positive_years; best cell -8.2% dd 11.1% n=126 pf=0.69
[12/57] usdcad 15m  170s  peak 0.82 GB
    usdcad   15m  luxalgo_manipulation -  refused by profit_factor, positive_years; best cell -1.9% dd 8.3% n=245 pf=0.97
    usdcad   15m  lux_momentum_flip -  refused by profit_factor, positive_years; best cell -5.4% dd 7.8% n=144 pf=0.82
[13/57] eurjpy 15m  196s  peak 1.04 GB
    eurjpy   15m  luxalgo_manipulation +156.2% dd 14.7% n=1259
    eurjpy   15m  lux_momentum_flip -  refused by profit_factor, positive_years; best cell -7.2% dd 9.1% n=172 pf=0.80
    FAILED TypeError: Object of type int64 is not JSON serializable
[14/57] usdjpy 15m  189s  peak 1.01 GB
    usdjpy   15m  luxalgo_manipulation -  refused by positive_years; best cell +76.4% dd 22.1% n=1292 pf=1.27
    usdjpy   15m  lux_momentum_flip -  refused by profit_factor, positive_years; best cell -16.4% dd 17.6% n=157 pf=0.51
[15/57] audusd 15m  191s  peak 1.05 GB
    audusd   15m  luxalgo_manipulation +71.1% dd 7.4% n=765
    audusd   15m  lux_momentum_flip -  refused by profit_factor, positive_years; best cell -3.1% dd 15.6% n=411 pf=0.97
    FAILED TypeError: Object of type int64 is not JSON serializable
[16/57] gbpjpy 30m  112s  peak 0.91 GB
    gbpjpy   30m  luxalgo_manipulation +352.8% dd 15.0% n=1264
    gbpjpy   30m  lux_momentum_flip -  refused by profit_factor; best cell +13.8% dd 19.5% n=967 pf=1.05
[17/57] eurjpy 30m  112s  peak 0.93 GB
    eurjpy   30m  luxalgo_manipulation +223.1% dd 20.0% n=1105
    eurjpy   30m  lux_momentum_flip -  refused by positive_years; best cell +10.7% dd 2.4% n=97 pf=1.60
[18/57] usdjpy 30m  107s  peak 0.88 GB
    usdjpy   30m  luxalgo_manipulation +17.7% dd 19.4% n=591
    usdjpy   30m  lux_momentum_flip -  refused by profit_factor, positive_years; best cell -12.1% dd 13.6% n=75 pf=0.46
[19/57] stoxx50 15m  66s  peak 0.37 GB
    stoxx50  15m  luxalgo_manipulation -  refused by profit_factor, positive_years; best cell -11.1% dd 14.1% n=69 pf=0.60
    stoxx50  15m  lux_momentum_flip -  refused by profit_factor, positive_years; best cell -14.2% dd 14.4% n=38 pf=0.45
    FAILED TypeError: Object of type int64 is not JSON serializable
[20/57] fr40 15m  65s  peak 0.37 GB
    fr40     15m  luxalgo_manipulation -  refused by profit_factor, positive_years; best cell -1.9% dd 11.8% n=58 pf=0.94
    fr40     15m  lux_momentum_flip -  refused by profit_factor, positive_years; best cell +0.7% dd 10.0% n=126 pf=1.01
    FAILED TypeError: Object of type int64 is not JSON serializable
[21/57] uk100 15m  89s  peak 0.41 GB
    uk100    15m  luxalgo_manipulation -  refused by profit_factor; best cell +7.0% dd 15.3% n=142 pf=1.10
    uk100    15m  lux_momentum_flip -  refused by profit_factor, positive_years; best cell -10.6% dd 16.9% n=88 pf=0.74
    FAILED TypeError: Object of type int64 is not JSON serializable
[22/57] de40 15m  65s  peak 0.39 GB
    de40     15m  luxalgo_manipulation +19.3% dd 13.8% n=250
    de40     15m  lux_momentum_flip -  refused by positive_years; best cell +16.8% dd 8.3% n=111 pf=1.35
    FAILED TypeError: Object of type int64 is not JSON serializable
[23/57] audusd 30m  104s  peak 0.93 GB
    audusd   30m  luxalgo_manipulation +69.0% dd 13.8% n=411
    audusd   30m  lux_momentum_flip -  refused by profit_factor, positive_years; best cell -10.9% dd 13.6% n=77 pf=0.61
    FAILED TypeError: Object of type int64 is not JSON serializable
[24/57] usdcad 30m  92s  peak 0.57 GB
    usdcad   30m  luxalgo_manipulation -  refused by positive_years; best cell +6.7% dd 6.4% n=196 pf=1.15
    usdcad   30m  lux_momentum_flip -  refused by profit_factor, positive_years; best cell -6.2% dd 7.0% n=98 pf=0.76
[25/57] hk50 15m  38s  peak 0.29 GB
    hk50     15m  luxalgo_manipulation -  refused by positive_years; best cell +5.7% dd 7.9% n=139 pf=1.10
    hk50     15m  lux_momentum_flip -  refused by profit_factor, positive_years; best cell -9.8% dd 11.9% n=14 pf=0.21
[26/57] jp225 15m  50s  peak 0.34 GB
    jp225    15m  luxalgo_manipulation +22.3% dd 9.4% n=102
    jp225    15m  lux_momentum_flip -  refused by positive_years; best cell +1.3% dd 3.5% n=29 pf=1.09
    FAILED TypeError: Object of type int64 is not JSON serializable
[27/57] aus200 15m  43s  peak 0.31 GB
    aus200   15m  luxalgo_manipulation -  refused by profit_factor, positive_years; best cell -2.7% dd 3.3% n=30 pf=0.62
    aus200   15m  lux_momentum_flip -  refused by profit_factor, positive_years; best cell -7.0% dd 8.0% n=19 pf=0.28
    FAILED TypeError: Object of type int64 is not JSON serializable
[28/57] ustec 15m  54s  peak 0.34 GB
    ustec    15m  luxalgo_manipulation +29.2% dd 6.5% n=103
    ustec    15m  lux_momentum_flip -  refused by profit_factor, positive_years; best cell +2.3% dd 17.6% n=165 pf=1.02
[29/57] us500 15m  89s  peak 0.50 GB
    us500    15m  luxalgo_manipulation +5.6% dd 4.6% n=51
    us500    15m  lux_momentum_flip -  refused by positive_years; best cell +8.8% dd 1.6% n=26 pf=2.12
[30/57] btc 15m  107s  peak 0.49 GB
    btc      15m  luxalgo_manipulation +59.2% dd 13.9% n=510
    btc      15m  lux_momentum_flip -  refused by positive_years; best cell +25.9% dd 6.7% n=87 pf=1.45
[31/57] eurusd 30m  81s  peak 0.56 GB
    eurusd   30m  luxalgo_manipulation -  refused by positive_years; best cell +8.2% dd 13.7% n=1099 pf=1.03
    eurusd   30m  lux_momentum_flip -  refused by profit_factor, positive_years; best cell -6.3% dd 8.9% n=83 pf=0.69
[32/57] uk100 30m  46s  peak 0.27 GB
    uk100    30m  luxalgo_manipulation -  refused by positive_years; best cell +25.1% dd 3.9% n=70 pf=1.87
    uk100    30m  lux_momentum_flip -  refused by profit_factor; best cell -4.3% dd 6.3% n=43 pf=0.81
    FAILED TypeError: Object of type int64 is not JSON serializable
[33/57] ethusd 15m  124s  peak 1.10 GB
    ethusd   15m  luxalgo_manipulation -  refused by profit_factor; best cell +2.7% dd 7.8% n=104 pf=1.10
    ethusd   15m  lux_momentum_flip -  refused by profit_factor, max_dd, positive_years; best cell -25.0% dd 26.3% n=96 pf=0.64
    FAILED TypeError: Object of type int64 is not JSON serializable
[34/57] stoxx50 30m  33s  peak 0.25 GB
    stoxx50  30m  luxalgo_manipulation -  refused by positive_years; best cell +2.4% dd 4.0% n=42 pf=1.14
    stoxx50  30m  lux_momentum_flip -  refused by profit_factor, positive_years; best cell -11.8% dd 11.8% n=20 pf=0.34
    FAILED TypeError: Object of type int64 is not JSON serializable
[35/57] fr40 30m  34s  peak 0.26 GB
    fr40     30m  luxalgo_manipulation -  refused by positive_years; best cell +5.0% dd 6.9% n=62 pf=1.21
    fr40     30m  lux_momentum_flip -  refused by profit_factor, positive_years; best cell -1.3% dd 5.7% n=19 pf=0.88
    FAILED TypeError: Object of type int64 is not JSON serializable
[36/57] jp225 30m  26s  peak 0.24 GB
    jp225    30m  luxalgo_manipulation +14.1% dd 18.8% n=172
    jp225    30m  lux_momentum_flip +30.7% dd 18.3% n=287
    FAILED TypeError: Object of type int64 is not JSON serializable
[37/57] de40 30m  34s  peak 0.27 GB
    de40     30m  luxalgo_manipulation +16.2% dd 5.4% n=64
    de40     30m  lux_momentum_flip -  refused by profit_factor, positive_years; best cell +1.0% dd 19.2% n=135 pf=1.02
    FAILED TypeError: Object of type int64 is not JSON serializable
[38/57] hk50 30m  22s  peak 0.22 GB
    hk50     30m  luxalgo_manipulation -  refused by positive_years; best cell +2.3% dd 3.8% n=20 pf=1.46
    hk50     30m  lux_momentum_flip -  refused by profit_factor, positive_years; best cell -1.2% dd 2.9% n=8 pf=0.64
    FAILED TypeError: Object of type int64 is not JSON serializable
[39/57] aus200 30m  23s  peak 0.23 GB
    aus200   30m  luxalgo_manipulation -  refused by profit_factor, positive_years; best cell -0.4% dd 2.8% n=21 pf=0.92
    aus200   30m  lux_momentum_flip -  refused by profit_factor, positive_years; best cell -5.0% dd 5.0% n=17 pf=0.43
    FAILED TypeError: Object of type int64 is not JSON serializable
[40/57] ustec 30m  29s  peak 0.25 GB
    ustec    30m  luxalgo_manipulation +9.3% dd 1.7% n=53
    ustec    30m  lux_momentum_flip -  refused by positive_years; best cell +15.4% dd 13.5% n=114 pf=1.27
    FAILED TypeError: Object of type int64 is not JSON serializable
[41/57] us500 30m  47s  peak 0.33 GB
    us500    30m  luxalgo_manipulation +17.7% dd 4.9% n=155
    us500    30m  lux_momentum_flip -  refused by positive_years; best cell +4.8% dd 2.2% n=13 pf=2.04
    FAILED TypeError: Object of type int64 is not JSON serializable
[42/57] btc 30m  55s  peak 0.32 GB
    btc      30m  luxalgo_manipulation +50.2% dd 9.5% n=299
    btc      30m  lux_momentum_flip -  refused by positive_years; best cell +3.5% dd 8.0% n=45 pf=1.18
    FAILED TypeError: Object of type int64 is not JSON serializable
[43/57] ethusd 30m  65s  peak 1.04 GB
    ethusd   30m  luxalgo_manipulation -  refused by profit_factor; best cell -0.7% dd 2.4% n=36 pf=0.90
    ethusd   30m  lux_momentum_flip -  refused by profit_factor, max_dd, positive_years; best cell -18.5% dd 21.5% n=41 pf=0.42
    FAILED TypeError: Object of type int64 is not JSON serializable
[44/57] audusd 5m  405s  peak 1.98 GB
    audusd   5m   luxalgo_manipulation -  refused by positive_years; best cell +31.6% dd 8.3% n=610 pf=1.17
    audusd   5m   lux_momentum_flip -  refused by profit_factor, max_dd, positive_years; best cell -30.9% dd 33.0% n=374 pf=0.55
    FAILED TypeError: Object of type int64 is not JSON serializable
[45/57] usdcad 5m  325s  peak 1.76 GB
    usdcad   5m   luxalgo_manipulation -  refused by profit_factor, max_dd, positive_years; best cell -7.7% dd 21.8% n=556 pf=0.95
    usdcad   5m   lux_momentum_flip -  refused by profit_factor, max_dd, positive_years; best cell -30.6% dd 31.5% n=410 pf=0.43
    FAILED TypeError: Object of type int64 is not JSON serializable
[46/57] eurusd 5m  296s  peak 1.65 GB
    eurusd   5m   luxalgo_manipulation -  refused by positive_years; best cell +25.5% dd 15.1% n=833 pf=1.09
    eurusd   5m   lux_momentum_flip -  refused by profit_factor, positive_years; best cell -4.7% dd 9.8% n=338 pf=0.92
    FAILED TypeError: Object of type int64 is not JSON serializable
[47/57] uk100 5m  165s  peak 0.92 GB
    uk100    5m   luxalgo_manipulation -  refused by profit_factor, positive_years; best cell +14.2% dd 14.4% n=646 pf=1.04
    uk100    5m   lux_momentum_flip -  refused by profit_factor, max_dd, positive_years; best cell -35.5% dd 35.5% n=263 pf=0.51
    FAILED TypeError: Object of type int64 is not JSON serializable
[48/57] fr40 5m  130s  peak 0.80 GB
    fr40     5m   luxalgo_manipulation -  refused by profit_factor, max_dd, positive_years; best cell -19.2% dd 25.9% n=184 pf=0.76
    fr40     5m   lux_momentum_flip -  refused by profit_factor, max_dd, positive_years; best cell -29.6% dd 31.3% n=119 pf=0.43
[49/57] stoxx50 5m  131s  peak 0.79 GB
    stoxx50  5m   luxalgo_manipulation -  refused by profit_factor, max_dd, positive_years, annual_dd; best cell -43.4% dd 45.4% n=175 pf=0.56
    stoxx50  5m   lux_momentum_flip -  refused by profit_factor, max_dd, positive_years, annual_dd; best cell -39.4% dd 39.4% n=93 pf=0.11
    FAILED TypeError: Object of type int64 is not JSON serializable
[50/57] de40 5m  134s  peak 0.86 GB
    de40     5m   luxalgo_manipulation -  refused by profit_factor; best cell +7.8% dd 16.0% n=313 pf=1.05
    de40     5m   lux_momentum_flip -  refused by profit_factor, positive_years; best cell -7.6% dd 13.5% n=124 pf=0.80
    FAILED TypeError: Object of type int64 is not JSON serializable
[51/57] hk50 5m  77s  peak 0.57 GB
    hk50     5m   luxalgo_manipulation -  refused by profit_factor, positive_years; best cell -5.5% dd 12.2% n=124 pf=0.88
    hk50     5m   lux_momentum_flip -  refused by profit_factor, max_dd, positive_years; best cell -20.9% dd 23.5% n=62 pf=0.51
[52/57] jp225 5m  101s  peak 0.73 GB
    jp225    5m   luxalgo_manipulation -  refused by positive_years; best cell +3.7% dd 36.7% n=500 pf=1.02
    jp225    5m   lux_momentum_flip -  refused by profit_factor, positive_years; best cell -5.9% dd 9.7% n=88 pf=0.78
[53/57] aus200 5m  96s  peak 0.67 GB
    aus200   5m   luxalgo_manipulation -  refused by profit_factor, max_dd, positive_years; best cell -33.4% dd 33.5% n=121 pf=0.34
    aus200   5m   lux_momentum_flip -  refused by profit_factor, max_dd, positive_years; best cell -25.4% dd 25.4% n=63 pf=0.18
[54/57] ustec 5m  121s  peak 0.73 GB
    ustec    5m   luxalgo_manipulation +13.7% dd 9.2% n=381
    ustec    5m   lux_momentum_flip -  refused by profit_factor, positive_years; best cell -6.2% dd 9.5% n=93 pf=0.85
[55/57] us500 5m  218s  peak 1.18 GB
    us500    5m   luxalgo_manipulation -  refused by positive_years; best cell +19.6% dd 27.7% n=515 pf=1.05
    us500    5m   lux_momentum_flip -  refused by profit_factor, positive_years; best cell -3.8% dd 9.4% n=94 pf=0.88
[56/57] ethusd 5m  292s  peak 1.55 GB
    ethusd   5m   luxalgo_manipulation -  refused by profit_factor, max_dd, annual_dd; best cell -9.7% dd 44.2% n=378 pf=0.93
    ethusd   5m   lux_momentum_flip -  refused by profit_factor, max_dd, positive_years, annual_dd; best cell -89.5% dd 89.5% n=246 pf=0.15
[57/57] btc 5m  242s  peak 1.13 GB
    btc      5m   luxalgo_manipulation -  refused by positive_years; best cell +104.6% dd 84.2% n=1727 pf=1.07
    btc      5m   lux_momentum_flip -  refused by profit_factor, max_dd, positive_years; best cell -21.7% dd 30.2% n=293 pf=0.85
select: 57 jobs in 1796s

32 job(s) failed:
  gbpusd 15m: TypeError: Object of type int64 is not JSON serializable (see C:\Users\JawirGaming66\quant\sandbox\research\..\results\tt_logs\select_gbpusd_15m.log)
  gbpusd 5m: TypeError: Object of type int64 is not JSON serializable (see C:\Users\JawirGaming66\quant\sandbox\research\..\results\tt_logs\select_gbpusd_5m.log)
  usdjpy 5m: TypeError: Object of type int64 is not JSON serializable (see C:\Users\JawirGaming66\quant\sandbox\research\..\results\tt_logs\select_usdjpy_5m.log)
  eurjpy 5m: TypeError: Object of type int64 is not JSON serializable (see C:\Users\JawirGaming66\quant\sandbox\research\..\results\tt_logs\select_eurjpy_5m.log)
  gbpjpy 15m: TypeError: Object of type int64 is not JSON serializable (see C:\Users\JawirGaming66\quant\sandbox\research\..\results\tt_logs\select_gbpjpy_15m.log)
  eurjpy 15m: TypeError: Object of type int64 is not JSON serializable (see C:\Users\JawirGaming66\quant\sandbox\research\..\results\tt_logs\select_eurjpy_15m.log)
  audusd 15m: TypeError: Object of type int64 is not JSON serializable (see C:\Users\JawirGaming66\quant\sandbox\research\..\results\tt_logs\select_audusd_15m.log)
  stoxx50 15m: TypeError: Object of type int64 is not JSON serializable (see C:\Users\JawirGaming66\quant\sandbox\research\..\results\tt_logs\select_stoxx50_15m.log)
  fr40 15m: TypeError: Object of type int64 is not JSON serializable (see C:\Users\JawirGaming66\quant\sandbox\research\..\results\tt_logs\select_fr40_15m.log)
  uk100 15m: TypeError: Object of type int64 is not JSON serializable (see C:\Users\JawirGaming66\quant\sandbox\research\..\results\tt_logs\select_uk100_15m.log)
  de40 15m: TypeError: Object of type int64 is not JSON serializable (see C:\Users\JawirGaming66\quant\sandbox\research\..\results\tt_logs\select_de40_15m.log)
  audusd 30m: TypeError: Object of type int64 is not JSON serializable (see C:\Users\JawirGaming66\quant\sandbox\research\..\results\tt_logs\select_audusd_30m.log)
  jp225 15m: TypeError: Object of type int64 is not JSON serializable (see C:\Users\JawirGaming66\quant\sandbox\research\..\results\tt_logs\select_jp225_15m.log)
  aus200 15m: TypeError: Object of type int64 is not JSON serializable (see C:\Users\JawirGaming66\quant\sandbox\research\..\results\tt_logs\select_aus200_15m.log)
  uk100 30m: TypeError: Object of type int64 is not JSON serializable (see C:\Users\JawirGaming66\quant\sandbox\research\..\results\tt_logs\select_uk100_30m.log)
  ethusd 15m: TypeError: Object of type int64 is not JSON serializable (see C:\Users\JawirGaming66\quant\sandbox\research\..\results\tt_logs\select_ethusd_15m.log)
  stoxx50 30m: TypeError: Object of type int64 is not JSON serializable (see C:\Users\JawirGaming66\quant\sandbox\research\..\results\tt_logs\select_stoxx50_30m.log)
  fr40 30m: TypeError: Object of type int64 is not JSON serializable (see C:\Users\JawirGaming66\quant\sandbox\research\..\results\tt_logs\select_fr40_30m.log)
  jp225 30m: TypeError: Object of type int64 is not JSON serializable (see C:\Users\JawirGaming66\quant\sandbox\research\..\results\tt_logs\select_jp225_30m.log)
  de40 30m: TypeError: Object of type int64 is not JSON serializable (see C:\Users\JawirGaming66\quant\sandbox\research\..\results\tt_logs\select_de40_30m.log)
  hk50 30m: TypeError: Object of type int64 is not JSON serializable (see C:\Users\JawirGaming66\quant\sandbox\research\..\results\tt_logs\select_hk50_30m.log)
  aus200 30m: TypeError: Object of type int64 is not JSON serializable (see C:\Users\JawirGaming66\quant\sandbox\research\..\results\tt_logs\select_aus200_30m.log)
  ustec 30m: TypeError: Object of type int64 is not JSON serializable (see C:\Users\JawirGaming66\quant\sandbox\research\..\results\tt_logs\select_ustec_30m.log)
  us500 30m: TypeError: Object of type int64 is not JSON serializable (see C:\Users\JawirGaming66\quant\sandbox\research\..\results\tt_logs\select_us500_30m.log)
  btc 30m: TypeError: Object of type int64 is not JSON serializable (see C:\Users\JawirGaming66\quant\sandbox\research\..\results\tt_logs\select_btc_30m.log)
  ethusd 30m: TypeError: Object of type int64 is not JSON serializable (see C:\Users\JawirGaming66\quant\sandbox\research\..\results\tt_logs\select_ethusd_30m.log)
  audusd 5m: TypeError: Object of type int64 is not JSON serializable (see C:\Users\JawirGaming66\quant\sandbox\research\..\results\tt_logs\select_audusd_5m.log)
  usdcad 5m: TypeError: Object of type int64 is not JSON serializable (see C:\Users\JawirGaming66\quant\sandbox\research\..\results\tt_logs\select_usdcad_5m.log)
  eurusd 5m: TypeError: Object of type int64 is not JSON serializable (see C:\Users\JawirGaming66\quant\sandbox\research\..\results\tt_logs\select_eurusd_5m.log)
  uk100 5m: TypeError: Object of type int64 is not JSON serializable (see C:\Users\JawirGaming66\quant\sandbox\research\..\results\tt_logs\select_uk100_5m.log)
  stoxx50 5m: TypeError: Object of type int64 is not JSON serializable (see C:\Users\JawirGaming66\quant\sandbox\research\..\results\tt_logs\select_stoxx50_5m.log)
  de40 5m: TypeError: Object of type int64 is not JSON serializable (see C:\Users\JawirGaming66\quant\sandbox\research\..\results\tt_logs\select_de40_5m.log)
