select: 32 jobs, up to 16 at once, 8.4 GB to spend
[1/32] uk100 5m  205s  peak 0.89 GB
    uk100    5m   luxalgo_manipulation -  refused by profit_factor, positive_years; best cell +14.2% dd 14.4% n=646 pf=1.04
    uk100    5m   lux_momentum_flip -  refused by profit_factor, max_dd, positive_years; best cell -35.5% dd 35.5% n=263 pf=0.51
[2/32] eurusd 5m  342s  peak 1.47 GB
    eurusd   5m   luxalgo_manipulation -  refused by positive_years; best cell +25.5% dd 15.1% n=833 pf=1.09
    eurusd   5m   lux_momentum_flip -  refused by profit_factor, positive_years; best cell -4.7% dd 9.8% n=338 pf=0.92
[3/32] stoxx50 5m  158s  peak 0.79 GB
    stoxx50  5m   luxalgo_manipulation -  refused by profit_factor, max_dd, positive_years, annual_dd; best cell -43.4% dd 45.4% n=175 pf=0.56
    stoxx50  5m   lux_momentum_flip -  refused by profit_factor, max_dd, positive_years, annual_dd; best cell -39.4% dd 39.4% n=93 pf=0.11
[4/32] usdcad 5m  374s  peak 1.52 GB
    usdcad   5m   luxalgo_manipulation -  refused by profit_factor, max_dd, positive_years; best cell -7.7% dd 21.8% n=556 pf=0.95
    usdcad   5m   lux_momentum_flip -  refused by profit_factor, max_dd, positive_years; best cell -30.6% dd 31.5% n=410 pf=0.43
[5/32] gbpusd 5m  409s  peak 1.62 GB
    gbpusd   5m   luxalgo_manipulation +36.8% dd 16.3% n=1299
    gbpusd   5m   lux_momentum_flip -  refused by profit_factor, max_dd, positive_years; best cell -22.9% dd 24.1% n=426 pf=0.57
[6/32] usdjpy 5m  421s  peak 1.71 GB
    usdjpy   5m   luxalgo_manipulation -  refused by max_dd; best cell +35.9% dd 17.4% n=987 pf=1.14
    usdjpy   5m   lux_momentum_flip -  refused by profit_factor, max_dd, positive_years; best cell -32.3% dd 33.3% n=393 pf=0.41
[7/32] audusd 5m  426s  peak 1.73 GB
    audusd   5m   luxalgo_manipulation -  refused by positive_years; best cell +31.6% dd 8.3% n=610 pf=1.17
    audusd   5m   lux_momentum_flip -  refused by profit_factor, max_dd, positive_years; best cell -30.9% dd 33.0% n=374 pf=0.55
[8/32] eurjpy 5m  431s  peak 1.75 GB
    eurjpy   5m   luxalgo_manipulation +158.6% dd 13.5% n=1259
    eurjpy   5m   lux_momentum_flip -  refused by positive_years; best cell +5.3% dd 9.8% n=445 pf=1.09
[9/32] stoxx50 30m  43s  peak 0.25 GB
    stoxx50  30m  luxalgo_manipulation -  refused by positive_years; best cell +2.4% dd 4.0% n=42 pf=1.14
    stoxx50  30m  lux_momentum_flip -  refused by profit_factor, positive_years; best cell -11.8% dd 11.8% n=20 pf=0.34
[10/32] uk100 15m  101s  peak 0.40 GB
    uk100    15m  luxalgo_manipulation -  refused by profit_factor; best cell +7.0% dd 15.3% n=142 pf=1.10
    uk100    15m  lux_momentum_flip -  refused by profit_factor, positive_years; best cell -10.6% dd 16.9% n=88 pf=0.74
[11/32] fr40 30m  43s  peak 0.26 GB
    fr40     30m  luxalgo_manipulation -  refused by positive_years; best cell +5.0% dd 6.9% n=62 pf=1.21
    fr40     30m  lux_momentum_flip -  refused by profit_factor, positive_years; best cell -1.3% dd 5.7% n=19 pf=0.88
[12/32] uk100 30m  61s  peak 0.27 GB
    uk100    30m  luxalgo_manipulation -  refused by positive_years; best cell +25.1% dd 3.9% n=70 pf=1.87
    uk100    30m  lux_momentum_flip -  refused by profit_factor; best cell -4.3% dd 6.3% n=43 pf=0.81
[13/32] stoxx50 15m  78s  peak 0.37 GB
    stoxx50  15m  luxalgo_manipulation -  refused by profit_factor, positive_years; best cell -11.1% dd 14.1% n=69 pf=0.60
    stoxx50  15m  lux_momentum_flip -  refused by profit_factor, positive_years; best cell -14.2% dd 14.4% n=38 pf=0.45
[14/32] jp225 15m  63s  peak 0.35 GB
    jp225    15m  luxalgo_manipulation +22.3% dd 9.4% n=102
    jp225    15m  lux_momentum_flip -  refused by positive_years; best cell +1.3% dd 3.5% n=29 pf=1.09
[15/32] fr40 15m  80s  peak 0.37 GB
    fr40     15m  luxalgo_manipulation -  refused by profit_factor, positive_years; best cell -1.9% dd 11.8% n=58 pf=0.94
    fr40     15m  lux_momentum_flip -  refused by profit_factor, positive_years; best cell +0.7% dd 10.0% n=126 pf=1.01
[16/32] jp225 30m  38s  peak 0.24 GB
    jp225    30m  luxalgo_manipulation +14.1% dd 18.8% n=172
    jp225    30m  lux_momentum_flip +30.7% dd 18.3% n=287
[17/32] hk50 30m  33s  peak 0.22 GB
    hk50     30m  luxalgo_manipulation -  refused by positive_years; best cell +2.3% dd 3.8% n=20 pf=1.46
    hk50     30m  lux_momentum_flip -  refused by profit_factor, positive_years; best cell -1.2% dd 2.9% n=8 pf=0.64
[18/32] de40 15m  83s  peak 0.39 GB
    de40     15m  luxalgo_manipulation +19.3% dd 13.8% n=250
    de40     15m  lux_momentum_flip -  refused by positive_years; best cell +16.8% dd 8.3% n=111 pf=1.35
[19/32] aus200 30m  34s  peak 0.23 GB
    aus200   30m  luxalgo_manipulation -  refused by profit_factor, positive_years; best cell -0.4% dd 2.8% n=21 pf=0.92
    aus200   30m  lux_momentum_flip -  refused by profit_factor, positive_years; best cell -5.0% dd 5.0% n=17 pf=0.43
[20/32] de40 30m  48s  peak 0.27 GB
    de40     30m  luxalgo_manipulation +16.2% dd 5.4% n=64
    de40     30m  lux_momentum_flip -  refused by profit_factor, positive_years; best cell +1.0% dd 19.2% n=135 pf=1.02
[21/32] ustec 30m  41s  peak 0.25 GB
    ustec    30m  luxalgo_manipulation +9.3% dd 1.7% n=53
    ustec    30m  lux_momentum_flip -  refused by positive_years; best cell +15.4% dd 13.5% n=114 pf=1.27
[22/32] aus200 15m  57s  peak 0.32 GB
    aus200   15m  luxalgo_manipulation -  refused by profit_factor, positive_years; best cell -2.7% dd 3.3% n=30 pf=0.62
    aus200   15m  lux_momentum_flip -  refused by profit_factor, positive_years; best cell -7.0% dd 8.0% n=19 pf=0.28
[23/32] audusd 30m  127s  peak 0.93 GB
    audusd   30m  luxalgo_manipulation +69.0% dd 13.8% n=411
    audusd   30m  lux_momentum_flip -  refused by profit_factor, positive_years; best cell -10.9% dd 13.6% n=77 pf=0.61
[24/32] gbpusd 15m  204s  peak 0.85 GB
    gbpusd   15m  luxalgo_manipulation +36.5% dd 9.2% n=805
    gbpusd   15m  lux_momentum_flip -  refused by profit_factor, positive_years; best cell -7.2% dd 16.1% n=415 pf=0.91
[25/32] us500 30m  62s  peak 0.33 GB
    us500    30m  luxalgo_manipulation +17.7% dd 4.9% n=155
    us500    30m  lux_momentum_flip -  refused by positive_years; best cell +4.8% dd 2.2% n=13 pf=2.04
[26/32] gbpjpy 15m  215s  peak 1.05 GB
    gbpjpy   15m  luxalgo_manipulation +172.0% dd 17.6% n=1251
    gbpjpy   15m  lux_momentum_flip -  refused by positive_years; best cell +10.4% dd 7.0% n=176 pf=1.29
[27/32] btc 30m  69s  peak 0.32 GB
    btc      30m  luxalgo_manipulation +50.2% dd 9.5% n=299
    btc      30m  lux_momentum_flip -  refused by positive_years; best cell +3.5% dd 8.0% n=45 pf=1.18
[28/32] eurjpy 15m  213s  peak 1.06 GB
    eurjpy   15m  luxalgo_manipulation +156.2% dd 14.7% n=1259
    eurjpy   15m  lux_momentum_flip -  refused by profit_factor, positive_years; best cell -7.2% dd 9.1% n=172 pf=0.80
[29/32] ethusd 30m  82s  peak 1.01 GB
    ethusd   30m  luxalgo_manipulation -  refused by profit_factor; best cell -0.7% dd 2.4% n=36 pf=0.90
    ethusd   30m  lux_momentum_flip -  refused by profit_factor, max_dd, positive_years; best cell -18.5% dd 21.5% n=41 pf=0.42
[30/32] audusd 15m  208s  peak 1.07 GB
    audusd   15m  luxalgo_manipulation +71.1% dd 7.4% n=765
    audusd   15m  lux_momentum_flip -  refused by profit_factor, positive_years; best cell -3.1% dd 15.6% n=411 pf=0.97
[31/32] ethusd 15m  138s  peak 1.01 GB
    ethusd   15m  luxalgo_manipulation -  refused by profit_factor; best cell +2.7% dd 7.8% n=104 pf=1.10
    ethusd   15m  lux_momentum_flip -  refused by profit_factor, max_dd, positive_years; best cell -25.0% dd 26.3% n=96 pf=0.64
[32/32] de40 5m  160s  peak 0.86 GB
    de40     5m   luxalgo_manipulation -  refused by profit_factor; best cell +7.8% dd 16.0% n=313 pf=1.05
    de40     5m   lux_momentum_flip -  refused by profit_factor, positive_years; best cell -7.6% dd 13.5% n=124 pf=0.80
select: 32 jobs in 668s
