select: 57 jobs, up to 16 at once, 8.6 GB to spend
[1/57] usdjpy 60m  60s  peak 0.92 GB
    usdjpy   60m  luxalgo_manipulation -  refused by positive_years; best cell +101.9% dd 29.4% n=1041 pf=1.27
    usdjpy   60m  lux_momentum_flip -  refused by profit_factor, positive_years; best cell -1.9% dd 7.2% n=48 pf=0.90
[2/57] gbpusd 60m  61s  peak 0.87 GB
    gbpusd   60m  luxalgo_manipulation +85.4% dd 18.9% n=772
    gbpusd   60m  lux_momentum_flip -  refused by profit_factor, positive_years; best cell -6.4% dd 9.2% n=40 pf=0.62
[3/57] gbpjpy 60m  61s  peak 0.89 GB
    gbpjpy   60m  luxalgo_manipulation +130.0% dd 17.4% n=819
    gbpjpy   60m  lux_momentum_flip -  refused by profit_factor, positive_years; best cell +0.9% dd 20.4% n=278 pf=1.01
[4/57] eurjpy 60m  62s  peak 0.92 GB
    eurjpy   60m  luxalgo_manipulation +118.2% dd 17.9% n=1090
    eurjpy   60m  lux_momentum_flip -  refused by profit_factor; best cell +12.0% dd 13.3% n=672 pf=1.05
[5/57] audusd 60m  63s  peak 0.92 GB
    audusd   60m  luxalgo_manipulation +79.0% dd 19.8% n=761
    audusd   60m  lux_momentum_flip -  refused by profit_factor, positive_years; best cell -3.8% dd 12.6% n=140 pf=0.93
[6/57] eurusd 60m  75s  peak 1.51 GB
    eurusd   60m  luxalgo_manipulation +9.7% dd 3.1% n=132
    eurusd   60m  lux_momentum_flip -  refused by profit_factor, positive_years; best cell -4.8% dd 9.7% n=117 pf=0.86
[7/57] usdcad 60m  75s  peak 1.53 GB
    usdcad   60m  luxalgo_manipulation -  refused by positive_years; best cell +6.3% dd 5.7% n=120 pf=1.19
    usdcad   60m  lux_momentum_flip -  refused by profit_factor, positive_years; best cell -17.5% dd 17.9% n=55 pf=0.21
[8/57] jp225 60m  20s  peak 0.80 GB
    jp225    60m  luxalgo_manipulation +10.2% dd 6.7% n=81
    jp225    60m  lux_momentum_flip -  refused by positive_years; best cell +5.8% dd 10.3% n=142 pf=1.09
[9/57] de40 60m  21s  peak 0.54 GB
    de40     60m  luxalgo_manipulation -  refused by positive_years; best cell +9.7% dd 8.6% n=92 pf=1.22
    de40     60m  lux_momentum_flip -  refused by positive_years; best cell +4.4% dd 1.9% n=12 pf=1.91
[10/57] audjpy 60m  83s  peak 1.53 GB
    audjpy   60m  luxalgo_manipulation -  refused by positive_years; best cell +14.6% dd 16.4% n=173 pf=1.22
    audjpy   60m  lux_momentum_flip -  refused by profit_factor, positive_years; best cell +2.2% dd 8.2% n=144 pf=1.04
[11/57] stoxx50 60m  29s  peak 0.77 GB
    stoxx50  60m  luxalgo_manipulation -  refused by positive_years; best cell +0.5% dd 3.5% n=15 pf=1.07
    stoxx50  60m  lux_momentum_flip -  refused by profit_factor; best cell +1.6% dd 2.9% n=9 pf=1.29
[12/57] fr40 60m  30s  peak 0.73 GB
    fr40     60m  luxalgo_manipulation -  refused by positive_years; best cell +10.0% dd 9.2% n=48 pf=1.46
    fr40     60m  lux_momentum_flip -  refused by profit_factor, positive_years; best cell -4.9% dd 11.0% n=49 pf=0.81
[13/57] uk100 60m  31s  peak 0.65 GB
    uk100    60m  luxalgo_manipulation -  refused by positive_years; best cell +16.1% dd 15.5% n=291 pf=1.11
    uk100    60m  lux_momentum_flip -  refused by profit_factor, positive_years; best cell -4.2% dd 7.4% n=35 pf=0.76
[14/57] gbpusd 120m  35s  peak 1.06 GB
    gbpusd   120m luxalgo_manipulation +22.1% dd 18.0% n=587
    gbpusd   120m lux_momentum_flip -  refused by positive_years; best cell +7.6% dd 10.5% n=345 pf=1.06
[15/57] eurjpy 120m  35s  peak 0.86 GB
    eurjpy   120m luxalgo_manipulation +13.6% dd 4.0% n=142
    eurjpy   120m lux_momentum_flip -  refused by positive_years; best cell +1.0% dd 5.1% n=37 pf=1.10
[16/57] gbpjpy 120m  37s  peak 0.86 GB
    gbpjpy   120m luxalgo_manipulation +51.0% dd 8.1% n=225
    gbpjpy   120m lux_momentum_flip -  refused by profit_factor; best cell +1.4% dd 3.5% n=24 pf=1.14
[17/57] usdjpy 120m  36s  peak 0.86 GB
    usdjpy   120m luxalgo_manipulation -  refused by positive_years; best cell +33.7% dd 23.2% n=469 pf=1.23
    usdjpy   120m lux_momentum_flip -  refused by positive_years; best cell +1.5% dd 10.1% n=81 pf=1.05
[18/57] audusd 120m  35s  peak 0.87 GB
    audusd   120m luxalgo_manipulation -  refused by positive_years; best cell +16.9% dd 14.1% n=363 pf=1.13
    audusd   120m lux_momentum_flip -  refused by profit_factor, positive_years; best cell +1.7% dd 10.0% n=89 pf=1.05
[19/57] uk100 120m  18s  peak 0.67 GB
    uk100    120m luxalgo_manipulation -  refused by positive_years; best cell +31.6% dd 13.0% n=73 pf=1.61
    uk100    120m lux_momentum_flip -  refused by trades; best cell +26.1% dd 16.1% n=195 pf=1.22
[20/57] audjpy 120m  59s  peak 1.49 GB
    audjpy   120m luxalgo_manipulation -  refused by positive_years; best cell +19.8% dd 11.4% n=213 pf=1.24
    audjpy   120m lux_momentum_flip -  refused by positive_years; best cell +6.1% dd 6.1% n=80 pf=1.17
[21/57] stoxx50 120m  18s  peak 0.74 GB
    stoxx50  120m luxalgo_manipulation -  refused by positive_years; best cell +6.5% dd 5.8% n=36 pf=1.26
    stoxx50  120m lux_momentum_flip -  refused by profit_factor, positive_years; best cell +0.0% dd 0.0% n=0 pf=0.00
[22/57] gbpusd 240m  20s  peak 1.08 GB
    gbpusd   240m luxalgo_manipulation -  refused by trades; best cell +18.5% dd 13.0% n=235 pf=1.15
    gbpusd   240m lux_momentum_flip -  refused by fill_rate; best cell +5.0% dd 2.9% n=27 pf=1.64
[23/57] eurusd 120m  54s  peak 1.48 GB
    eurusd   120m luxalgo_manipulation -  refused by positive_years; best cell +11.3% dd 10.8% n=305 pf=1.14
    eurusd   120m lux_momentum_flip -  refused by positive_years; best cell +14.2% dd 11.4% n=352 pf=1.12
[24/57] usdcad 120m  54s  peak 1.50 GB
    usdcad   120m luxalgo_manipulation -  refused by positive_years; best cell +3.8% dd 5.8% n=68 pf=1.22
    usdcad   120m lux_momentum_flip -  refused by profit_factor, positive_years; best cell +0.9% dd 3.9% n=70 pf=1.04
[25/57] fr40 120m  19s  peak 0.82 GB
    fr40     120m luxalgo_manipulation -  refused by positive_years; best cell +12.9% dd 3.9% n=24 pf=2.45
    fr40     120m lux_momentum_flip -  refused by positive_years; best cell +5.0% dd 8.0% n=33 pf=1.19
[26/57] gbpjpy 240m  23s  peak 1.02 GB
    gbpjpy   240m luxalgo_manipulation -  refused by positive_years; best cell +10.2% dd 7.0% n=77 pf=1.33
    gbpjpy   240m lux_momentum_flip -  refused by trades; best cell +9.3% dd 4.0% n=40 pf=1.87
[27/57] eurjpy 240m  20s  peak 0.87 GB
    eurjpy   240m luxalgo_manipulation -  refused by trades; best cell +18.5% dd 4.6% n=117 pf=1.42
    eurjpy   240m lux_momentum_flip -  refused by positive_years; best cell +0.5% dd 0.9% n=10 pf=1.21
[28/57] usdjpy 240m  22s  peak 0.85 GB
    usdjpy   240m luxalgo_manipulation -  refused by positive_years; best cell +21.8% dd 5.8% n=113 pf=1.64
    usdjpy   240m lux_momentum_flip -  refused by positive_years; best cell +3.9% dd 5.3% n=65 pf=1.22
[29/57] audusd 240m  20s  peak 0.86 GB
    audusd   240m luxalgo_manipulation -  refused by positive_years; best cell +16.2% dd 15.0% n=181 pf=1.15
    audusd   240m lux_momentum_flip -  refused by positive_years, fill_rate; best cell +2.9% dd 2.9% n=9 pf=1.72
[30/57] hk50 60m  14s  peak 0.53 GB
    hk50     60m  luxalgo_manipulation -  refused by positive_years; best cell +1.5% dd 3.7% n=27 pf=1.24
    hk50     60m  lux_momentum_flip -  refused by profit_factor, positive_years; best cell +0.1% dd 2.7% n=11 pf=1.04
[31/57] audjpy 240m  42s  peak 1.49 GB
    audjpy   240m luxalgo_manipulation -  refused by positive_years; best cell +28.6% dd 21.8% n=331 pf=1.15
    audjpy   240m lux_momentum_flip -  refused by positive_years; best cell +3.1% dd 6.2% n=40 pf=1.16
[32/57] uk100 240m  7s  peak 0.67 GB
    uk100    240m luxalgo_manipulation -  refused by trades, profit_factor, positive_years, annual_dd, fill_rate; best cell +0.0% dd 0.0% n=0 pf=0.00
    uk100    240m lux_momentum_flip -  refused by trades, positive_years, fill_rate; best cell +1.6% dd 0.6% n=3 pf=3.48
[33/57] ustec 60m  15s  peak 0.47 GB
    ustec    60m  luxalgo_manipulation +5.8% dd 4.2% n=53
    ustec    60m  lux_momentum_flip -  refused by profit_factor, positive_years; best cell -0.3% dd 2.9% n=8 pf=0.93
[34/57] aus200 60m  23s  peak 0.88 GB
    aus200   60m  luxalgo_manipulation -  refused by positive_years; best cell +0.7% dd 0.8% n=5 pf=1.57
    aus200   60m  lux_momentum_flip -  refused by profit_factor, positive_years; best cell -2.4% dd 2.4% n=9 pf=0.29
[35/57] eurusd 240m  34s  peak 1.48 GB
    eurusd   240m luxalgo_manipulation -  refused by positive_years; best cell +19.4% dd 4.2% n=66 pf=1.96
    eurusd   240m lux_momentum_flip -  refused by positive_years; best cell +7.5% dd 5.4% n=68 pf=1.35
[36/57] usdcad 240m  35s  peak 1.49 GB
    usdcad   240m luxalgo_manipulation -  refused by positive_years; best cell +10.1% dd 5.2% n=123 pf=1.31
    usdcad   240m lux_momentum_flip -  refused by profit_factor, positive_years, fill_rate; best cell -1.5% dd 1.8% n=5 pf=0.18
[37/57] us500 60m  24s  peak 0.47 GB
    us500    60m  luxalgo_manipulation +11.7% dd 7.8% n=120
    us500    60m  lux_momentum_flip -  refused by profit_factor, positive_years; best cell -0.4% dd 4.7% n=19 pf=0.96
[38/57] de40 120m  10s  peak 0.66 GB
    de40     120m luxalgo_manipulation +16.1% dd 7.8% n=79
    de40     120m lux_momentum_flip -  refused by profit_factor, positive_years; best cell -3.4% dd 3.4% n=2 pf=0.00
[39/57] jp225 120m  8s  peak 0.64 GB
    jp225    120m luxalgo_manipulation -  refused by trades, fill_rate; best cell +8.6% dd 1.5% n=27 pf=2.02
    jp225    120m lux_momentum_flip -  refused by positive_years; best cell +8.7% dd 6.0% n=59 pf=1.43
[40/57] hk50 120m  8s  peak 0.65 GB
    hk50     120m luxalgo_manipulation -  refused by trades; best cell +2.9% dd 1.8% n=14 pf=2.40
    hk50     120m lux_momentum_flip -  refused by profit_factor, positive_years; best cell -0.9% dd 0.9% n=3 pf=0.00
[41/57] ethusd 60m  31s  peak 1.07 GB
    ethusd   60m  luxalgo_manipulation -  refused by profit_factor, positive_years; best cell +0.1% dd 1.5% n=23 pf=1.03
    ethusd   60m  lux_momentum_flip -  refused by profit_factor, max_dd, positive_years; best cell -15.5% dd 23.5% n=63 pf=0.66
[42/57] btc 60m  27s  peak 0.94 GB
    btc      60m  luxalgo_manipulation -  refused by positive_years; best cell +34.3% dd 7.7% n=106 pf=1.55
    btc      60m  lux_momentum_flip -  refused by profit_factor, positive_years; best cell -0.0% dd 1.9% n=14 pf=0.99
[43/57] ustec 120m  14s  peak 0.76 GB
    ustec    120m luxalgo_manipulation -  refused by trades, fill_rate; best cell +5.6% dd 5.3% n=35 pf=1.40
    ustec    120m lux_momentum_flip -  refused by trades; best cell +1.8% dd 3.5% n=18 pf=1.29
[44/57] aus200 120m  15s  peak 0.84 GB
    aus200   120m luxalgo_manipulation -  refused by trades, positive_years; best cell +0.2% dd 0.8% n=5 pf=1.23
    aus200   120m lux_momentum_flip -  refused by trades; best cell +2.3% dd 0.6% n=11 pf=2.83
[45/57] stoxx50 240m  11s  peak 0.68 GB
    stoxx50  240m luxalgo_manipulation -  refused by trades, profit_factor, positive_years, annual_dd, fill_rate; best cell +0.0% dd 0.0% n=0 pf=0.00
    stoxx50  240m lux_momentum_flip -  refused by trades, positive_years, fill_rate; best cell +1.4% dd 0.0% n=2 pf=999.00
[46/57] us500 120m  20s  peak 1.02 GB
    us500    120m luxalgo_manipulation -  refused by trades, fill_rate; best cell +5.2% dd 1.5% n=19 pf=2.57
    us500    120m lux_momentum_flip -  refused by positive_years; best cell +5.2% dd 3.9% n=80 pf=1.22
[47/57] ethusd 120m  20s  peak 1.06 GB
    ethusd   120m luxalgo_manipulation -  refused by fill_rate; best cell +4.9% dd 8.8% n=28 pf=1.39
    ethusd   120m lux_momentum_flip -  refused by positive_years; best cell +6.2% dd 9.3% n=71 pf=1.23
[48/57] btc 120m  17s  peak 1.17 GB
    btc      120m luxalgo_manipulation -  refused by fill_rate; best cell +13.8% dd 2.1% n=25 pf=3.82
    btc      120m lux_momentum_flip -  refused by profit_factor, positive_years; best cell +0.1% dd 3.1% n=9 pf=1.04
[49/57] de40 240m  5s  peak 0.52 GB
    de40     240m luxalgo_manipulation -  refused by trades, profit_factor, positive_years, annual_dd, fill_rate; best cell +0.0% dd 0.0% n=0 pf=0.00
    de40     240m lux_momentum_flip -  refused by trades, positive_years; best cell +2.0% dd 10.3% n=20 pf=1.18
[50/57] hk50 240m  5s  peak 0.50 GB
    hk50     240m luxalgo_manipulation -  refused by trades, profit_factor, positive_years, annual_dd, fill_rate; best cell +0.0% dd 0.0% n=0 pf=0.00
    hk50     240m lux_momentum_flip -  refused by trades, positive_years; best cell +0.1% dd 0.0% n=1 pf=999.00
[51/57] jp225 240m  6s  peak 0.69 GB
    jp225    240m luxalgo_manipulation -  refused by trades, profit_factor, positive_years, annual_dd, fill_rate; best cell +0.0% dd 0.0% n=0 pf=0.00
    jp225    240m lux_momentum_flip -  refused by trades, profit_factor, positive_years, annual_dd, fill_rate; best cell +0.0% dd 0.0% n=0 pf=0.00
[52/57] fr40 240m  12s  peak 0.83 GB
    fr40     240m luxalgo_manipulation -  refused by trades, profit_factor, positive_years, annual_dd, fill_rate; best cell +0.0% dd 0.0% n=0 pf=0.00
    fr40     240m lux_momentum_flip -  refused by trades, positive_years, fill_rate; best cell +0.5% dd 3.8% n=3 pf=1.12
[53/57] ustec 240m  6s  peak 0.46 GB
    ustec    240m luxalgo_manipulation -  refused by trades, profit_factor, positive_years, annual_dd, fill_rate; best cell +0.0% dd 0.0% n=0 pf=0.00
    ustec    240m lux_momentum_flip -  refused by trades, profit_factor, positive_years, annual_dd, fill_rate; best cell +0.0% dd 0.0% n=0 pf=0.00
[54/57] us500 240m  8s  peak 0.46 GB
    us500    240m luxalgo_manipulation -  refused by trades, profit_factor, positive_years, annual_dd, fill_rate; best cell +0.0% dd 0.0% n=0 pf=0.00
    us500    240m lux_momentum_flip -  refused by trades, profit_factor, positive_years, annual_dd, fill_rate; best cell +0.0% dd 0.0% n=0 pf=0.00
[55/57] btc 240m  6s  peak 0.84 GB
    btc      240m luxalgo_manipulation -  refused by trades, profit_factor, positive_years, annual_dd, fill_rate; best cell +0.0% dd 0.0% n=0 pf=0.00
    btc      240m lux_momentum_flip -  refused by trades, profit_factor, positive_years, annual_dd, fill_rate; best cell +0.0% dd 0.0% n=0 pf=0.00
[56/57] aus200 240m  12s  peak 0.83 GB
    aus200   240m luxalgo_manipulation -  refused by trades, profit_factor, positive_years, annual_dd, fill_rate; best cell +0.0% dd 0.0% n=0 pf=0.00
    aus200   240m lux_momentum_flip -  refused by trades, profit_factor, positive_years, annual_dd, fill_rate; best cell +0.0% dd 0.0% n=0 pf=0.00
[57/57] ethusd 240m  10s  peak 1.05 GB
    ethusd   240m luxalgo_manipulation -  refused by trades, profit_factor, positive_years, annual_dd, fill_rate; best cell +0.0% dd 0.0% n=0 pf=0.00
    ethusd   240m lux_momentum_flip -  refused by trades, profit_factor, positive_years, annual_dd, fill_rate; best cell +0.0% dd 0.0% n=0 pf=0.00
select: 57 jobs in 243s
