tiktok_quantpad: 17 survivors
btc      30m   qp_momentum_top              OOS   +34.9 n= 369 pf=1.31 null=-11.4 PASS
usdjpy   60m   qp_ma_cross                  OOS   +25.4 n= 108 pf=1.75 null=-9.1 PASS
usdjpy   15m   qp_volume_breakout           OOS   +21.5 n= 135 pf=1.60 null=-3.3 PASS
usdjpy   60m   qp_rsi_extreme               OOS   +17.7 n= 134 pf=1.34 null=-8.0 PASS
btc      60m   qp_rsi_extreme               OOS   +13.2 n= 121 pf=1.26 null=+4.9 PASS
usdjpy   15m   qp_ma_cross                  OOS   +11.2 n= 222 pf=1.16 null=- PASS*
usdjpy   30m   qp_ma_cross                  OOS   +11.2 n= 223 pf=1.15 null=- PASS*
eurjpy   60m   qp_ma_cross                  OOS   +10.2 n= 138 pf=1.28 null=+6.4 PASS
usdjpy   30m   qp_volume_breakout           OOS    +9.7 n= 125 pf=1.25 null=-1.4 PASS
gbpjpy   15m   qp_ma_cross                  OOS    +7.4 n= 233 pf=1.10 null=+4.5 PASS
ustec    60m   qp_rsi_extreme               OOS    +6.5 n=  49 pf=1.62 null=- PASS*
eurjpy   30m   qp_ma_cross                  OOS    +6.3 n= 193 pf=1.12 null=+2.7 PASS
eurjpy   15m   qp_volume_breakout           OOS    +5.3 n=  42 pf=1.89 null=-10.4 PASS
eurjpy   5m    qp_volume_breakout           OOS    +4.0 n= 133 pf=1.18 null=-3.5 PASS
ustec    5m    qp_afternoon_range_break     OOS    +1.9 n= 101 pf=1.08 null=- PASS*
us500    60m   qp_ma_cross                  OOS    +1.5 n=  41 pf=1.13 null=-1.0 PASS
uk100    240m  qp_gap_fade                  OOS    +1.1 n=  44 pf=1.08 null=- PASS*

refused:
  no in-sample winner                1027
  lost on the holdout                  83
  no sweep on file                     19
  holdout PF below 1.05                 9
  lost to their own null                3
  fewer than 30 holdout trades          1

wrote 17 files to C:\Users\JawirGaming66\quant\sandbox\research\..\results\exness; index now 359
