select: 88 jobs, up to 16 at once, 6.9 GB to spend
[1/88] stoxx50 5m  28s  peak 0.51 GB
[2/88] gbpusd 15m  31s  peak 0.63 GB
[3/88] uk100 5m  38s  peak 0.63 GB
[4/88] eurusd 5m  60s  peak 1.13 GB
[5/88] usdcad 5m  64s  peak 1.18 GB
[6/88] audusd 5m  67s  peak 1.23 GB
[7/88] fr40 5m  30s  peak 0.52 GB
[8/88] jp225 5m  28s  peak 0.51 GB
[9/88] gbpjpy 15m  35s  peak 0.91 GB
[10/88] de40 5m  32s  peak 0.57 GB
[11/88] eurjpy 15m  33s  peak 0.62 GB
[12/88] hk50 5m  22s  peak 0.40 GB
[13/88] aus200 5m  25s  peak 0.47 GB
[14/88] gbpusd 30m  21s  peak 0.47 GB
[15/88] ustec 5m  28s  peak 0.50 GB
[16/88] usdjpy 15m  33s  peak 0.90 GB
[17/88] gbpjpy 30m  20s  peak 0.87 GB
[18/88] eurjpy 30m  18s  peak 0.47 GB
[19/88] usdjpy 30m  17s  peak 0.47 GB
[20/88] audusd 15m  28s  peak 1.00 GB
[21/88] us500 5m  39s  peak 0.76 GB
[22/88] audusd 30m  17s  peak 0.47 GB
[23/88] usdcad 15m  24s  peak 0.60 GB
[24/88] ethusd 5m  45s  peak 1.42 GB
[25/88] btc 5m  43s  peak 0.82 GB
[26/88] stoxx50 15m  11s  peak 0.26 GB
[27/88] uk100 15m  15s  peak 0.29 GB
[28/88] eurusd 15m  24s  peak 0.59 GB
[29/88] fr40 15m  12s  peak 0.26 GB
[30/88] de40 15m  12s  peak 0.29 GB
[31/88] jp225 15m  11s  peak 0.26 GB
[32/88] hk50 15m  9s  peak 0.22 GB
[33/88] aus200 15m  10s  peak 0.24 GB
[34/88] usdcad 30m  17s  peak 0.46 GB
[35/88] ustec 15m  12s  peak 0.26 GB
[36/88] us500 15m  19s  peak 0.36 GB
[37/88] eurusd 30m  16s  peak 0.45 GB
[38/88] uk100 30m  10s  peak 0.21 GB
[39/88] btc 15m  20s  peak 0.36 GB
[40/88] ethusd 15m  23s  peak 1.00 GB
[41/88] fr40 30m  8s  peak 0.20 GB
[42/88] stoxx50 30m  8s  peak 0.20 GB
[43/88] de40 30m  9s  peak 0.21 GB
[44/88] jp225 30m  8s  peak 0.20 GB
[45/88] hk50 30m  7s  peak 0.18 GB
[46/88] aus200 30m  7s  peak 0.19 GB
[47/88] gbpusd 60m  12s  peak 0.39 GB
[48/88] audjpy 60m  13s  peak 0.40 GB
[49/88] ustec 30m  9s  peak 0.20 GB
[50/88] gbpjpy 60m  13s  peak 0.39 GB
[51/88] eurjpy 60m  13s  peak 0.39 GB
[52/88] usdcad 60m  13s  peak 0.39 GB
[53/88] us500 30m  15s  peak 0.25 GB
[54/88] usdjpy 60m  15s  peak 0.80 GB
[55/88] audusd 60m  15s  peak 0.81 GB
[56/88] eurusd 60m  12s  peak 0.39 GB
[57/88] ethusd 30m  18s  peak 0.90 GB
[58/88] stoxx50 60m  7s  peak 0.16 GB
[59/88] fr40 60m  7s  peak 0.16 GB
[60/88] de40 60m  7s  peak 0.17 GB
[61/88] uk100 60m  8s  peak 0.17 GB
[62/88] hk50 60m  6s  peak 0.16 GB
[63/88] jp225 60m  6s  peak 0.17 GB
[64/88] aus200 60m  6s  peak 0.16 GB
[65/88] ustec 60m  7s  peak 0.16 GB
[66/88] btc 30m  15s  peak 0.25 GB
[67/88] us500 60m  11s  peak 0.19 GB
[68/88] btc 60m  10s  peak 0.19 GB
[69/88] audjpy 240m  8s  peak 0.34 GB
[70/88] gbpusd 240m  7s  peak 0.33 GB
[71/88] ethusd 60m  13s  peak 0.87 GB
[72/88] de40 240m  5s  peak 0.14 GB
[73/88] uk100 240m  6s  peak 0.14 GB
[74/88] fr40 240m  5s  peak 0.14 GB
[75/88] stoxx50 240m  5s  peak 0.14 GB
[76/88] gbpjpy 240m  11s  peak 0.83 GB
[77/88] eurjpy 240m  10s  peak 0.80 GB
[78/88] eurusd 240m  9s  peak 0.34 GB
[79/88] usdcad 240m  9s  peak 0.33 GB
[80/88] audusd 240m  10s  peak 0.71 GB
[81/88] usdjpy 240m  11s  peak 0.71 GB
[82/88] jp225 240m  4s  peak 0.14 GB
[83/88] hk50 240m  4s  peak 0.14 GB
[84/88] aus200 240m  4s  peak 0.14 GB
[85/88] ustec 240m  5s  peak 0.14 GB
[86/88] btc 240m  5s  peak 0.15 GB
[87/88] ethusd 240m  7s  peak 0.77 GB
[88/88] us500 240m  8s  peak 0.15 GB
select: 88 jobs in 308s
