why: 23 jobs, up to 16 at once, 6.9 GB to spend
[1/23] gbpusd 15m  17s  peak 0.63 GB
    gbpusd 15m flip1: 48 cells
          flip1   8% (4/48)
          flip1  16% (8/48)
          flip1  25% (12/48)
          flip1  33% (16/48)
          flip1  41% (20/48)
          flip1  50% (24/48)
          flip1  58% (28/48)
          flip1  66% (32/48)
          flip1  75% (36/48)
          flip1  83% (40/48)
          flip1  91% (44/48)
          flip1 100% (48/48)
    gbpusd qp_rsi_extreme   flip1: no IS cell
    gbpusd 15m flip2: 48 cells
          flip2   8% (4/48)
          flip2  16% (8/48)
          flip2  25% (12/48)
          flip2  33% (16/48)
          flip2  41% (20/48)
          flip2  50% (24/48)
          flip2  58% (28/48)
          flip2  66% (32/48)
          flip2  75% (36/48)
          flip2  83% (40/48)
          flip2  91% (44/48)
          flip2 100% (48/48)
    gbpusd qp_rsi_extreme   flip2: no IS cell
    gbpusd 15m flip3: 48 cells
          flip3   8% (4/48)
          flip3  16% (8/48)
          flip3  25% (12/48)
          flip3  33% (16/48)
          flip3  41% (20/48)
          flip3  50% (24/48)
          flip3  58% (28/48)
          flip3  66% (32/48)
          flip3  75% (36/48)
          flip3  83% (40/48)
          flip3  91% (44/48)
          flip3 100% (48/48)
    gbpusd qp_rsi_extreme   flip3: no IS cell
[2/23] eurjpy 30m  18s  peak 0.53 GB
    eurjpy 30m flip1: 144 cells
          flip1   9% (14/144)
          flip1  19% (28/144)
          flip1  29% (42/144)
          flip1  38% (56/144)
          flip1  48% (70/144)
          flip1  58% (84/144)
          flip1  68% (98/144)
          flip1  77% (112/144)
          flip1  87% (126/144)
          flip1  97% (140/144)
    eurjpy qp_ma_cross      flip1: IS +121.8% OOS +2.7%
    eurjpy 30m flip2: 144 cells
          flip2   9% (14/144)
          flip2  19% (28/144)
          flip2  29% (42/144)
          flip2  38% (56/144)
          flip2  48% (70/144)
          flip2  58% (84/144)
          flip2  68% (98/144)
          flip2  77% (112/144)
          flip2  87% (126/144)
          flip2  97% (140/144)
    eurjpy qp_ma_cross      flip2: IS +101.4% OOS -7.4%
    eurjpy 30m flip3: 144 cells
          flip3   9% (14/144)
          flip3  19% (28/144)
          flip3  29% (42/144)
          flip3  38% (56/144)
          flip3  48% (70/144)
          flip3  58% (84/144)
          flip3  68% (98/144)
          flip3  77% (112/144)
          flip3  87% (126/144)
          flip3  97% (140/144)
    eurjpy qp_ma_cross      flip3: IS +56.7% OOS -15.2%
[3/23] gbpjpy 30m  18s  peak 0.50 GB
    gbpjpy 30m flip1: 48 cells
          flip1   8% (4/48)
          flip1  16% (8/48)
          flip1  25% (12/48)
          flip1  33% (16/48)
          flip1  41% (20/48)
          flip1  50% (24/48)
          flip1  58% (28/48)
          flip1  66% (32/48)
          flip1  75% (36/48)
          flip1  83% (40/48)
          flip1  91% (44/48)
          flip1 100% (48/48)
    gbpjpy qp_momentum_top  flip1: no IS cell
    gbpjpy 30m flip2: 48 cells
          flip2   8% (4/48)
          flip2  16% (8/48)
          flip2  25% (12/48)
          flip2  33% (16/48)
          flip2  41% (20/48)
          flip2  50% (24/48)
          flip2  58% (28/48)
          flip2  66% (32/48)
          flip2  75% (36/48)
          flip2  83% (40/48)
          flip2  91% (44/48)
          flip2 100% (48/48)
    gbpjpy qp_momentum_top  flip2: no IS cell
    gbpjpy 30m flip3: 48 cells
          flip3   8% (4/48)
          flip3  16% (8/48)
          flip3  25% (12/48)
          flip3  33% (16/48)
          flip3  41% (20/48)
          flip3  50% (24/48)
          flip3  58% (28/48)
          flip3  66% (32/48)
          flip3  75% (36/48)
          flip3  83% (40/48)
          flip3  91% (44/48)
          flip3 100% (48/48)
    gbpjpy qp_momentum_top  flip3: no IS cell
[4/23] usdjpy 30m  19s  peak 0.55 GB
    usdjpy 30m flip1: 216 cells
          flip1   9% (21/216)
          flip1  19% (42/216)
          flip1  29% (63/216)
          flip1  38% (84/216)
          flip1  48% (105/216)
          flip1  58% (126/216)
          flip1  68% (147/216)
          flip1  77% (168/216)
          flip1  87% (189/216)
          flip1  97% (210/216)
    usdjpy qp_volume_breakout flip1: IS +34.6% OOS -1.4%
    usdjpy qp_ma_cross      flip1: no IS cell
    usdjpy 30m flip2: 216 cells
          flip2   9% (21/216)
          flip2  19% (42/216)
          flip2  29% (63/216)
          flip2  38% (84/216)
          flip2  48% (105/216)
          flip2  58% (126/216)
          flip2  68% (147/216)
          flip2  77% (168/216)
          flip2  87% (189/216)
          flip2  97% (210/216)
    usdjpy qp_volume_breakout flip2: no IS cell
    usdjpy qp_ma_cross      flip2: no IS cell
    usdjpy 30m flip3: 216 cells
          flip3   9% (21/216)
          flip3  19% (42/216)
          flip3  29% (63/216)
          flip3  38% (84/216)
          flip3  48% (105/216)
          flip3  58% (126/216)
          flip3  68% (147/216)
          flip3  77% (168/216)
          flip3  87% (189/216)
          flip3  97% (210/216)
    usdjpy qp_volume_breakout flip3: no IS cell
    usdjpy qp_ma_cross      flip3: no IS cell
[5/23] ustec 5m  22s  peak 0.54 GB
    ustec 5m flip1: 36 cells
          flip1   8% (3/36)
          flip1  16% (6/36)
          flip1  25% (9/36)
          flip1  33% (12/36)
          flip1  41% (15/36)
          flip1  50% (18/36)
          flip1  58% (21/36)
          flip1  66% (24/36)
          flip1  75% (27/36)
          flip1  83% (30/36)
          flip1  91% (33/36)
          flip1 100% (36/36)
    ustec qp_afternoon_range_break flip1: no IS cell
    ustec 5m flip2: 36 cells
          flip2   8% (3/36)
          flip2  16% (6/36)
          flip2  25% (9/36)
          flip2  33% (12/36)
          flip2  41% (15/36)
          flip2  50% (18/36)
          flip2  58% (21/36)
          flip2  66% (24/36)
          flip2  75% (27/36)
          flip2  83% (30/36)
          flip2  91% (33/36)
          flip2 100% (36/36)
    ustec qp_afternoon_range_break flip2: no IS cell
    ustec 5m flip3: 36 cells
          flip3   8% (3/36)
          flip3  16% (6/36)
          flip3  25% (9/36)
          flip3  33% (12/36)
          flip3  41% (15/36)
          flip3  50% (18/36)
          flip3  58% (21/36)
          flip3  66% (24/36)
          flip3  75% (27/36)
          flip3  83% (30/36)
          flip3  91% (33/36)
          flip3 100% (36/36)
    ustec qp_afternoon_range_break flip3: no IS cell
[6/23] gbpjpy 15m  30s  peak 0.75 GB
    gbpjpy 15m flip1: 144 cells
          flip1   9% (14/144)
          flip1  19% (28/144)
          flip1  29% (42/144)
          flip1  38% (56/144)
          flip1  48% (70/144)
          flip1  58% (84/144)
          flip1  68% (98/144)
          flip1  77% (112/144)
          flip1  87% (126/144)
          flip1  97% (140/144)
    gbpjpy qp_ma_cross      flip1: IS +119.4% OOS +2.2%
    gbpjpy 15m flip2: 144 cells
          flip2   9% (14/144)
          flip2  19% (28/144)
          flip2  29% (42/144)
          flip2  38% (56/144)
          flip2  48% (70/144)
          flip2  58% (84/144)
          flip2  68% (98/144)
          flip2  77% (112/144)
          flip2  87% (126/144)
          flip2  97% (140/144)
    gbpjpy qp_ma_cross      flip2: IS +82.4% OOS -19.3%
    gbpjpy 15m flip3: 144 cells
          flip3   9% (14/144)
          flip3  19% (28/144)
          flip3  29% (42/144)
          flip3  38% (56/144)
          flip3  48% (70/144)
          flip3  58% (84/144)
          flip3  68% (98/144)
          flip3  77% (112/144)
          flip3  87% (126/144)
          flip3  97% (140/144)
    gbpjpy qp_ma_cross      flip3: IS +62.4% OOS +4.5%
[7/23] eurjpy 15m  33s  peak 0.79 GB
    eurjpy 15m flip1: 216 cells
          flip1   9% (21/216)
          flip1  19% (42/216)
          flip1  29% (63/216)
          flip1  38% (84/216)
          flip1  48% (105/216)
          flip1  58% (126/216)
          flip1  68% (147/216)
          flip1  77% (168/216)
          flip1  87% (189/216)
          flip1  97% (210/216)
    eurjpy qp_volume_breakout flip1: no IS cell
    eurjpy qp_ma_cross      flip1: IS +35.3% OOS -9.4%
    eurjpy 15m flip2: 216 cells
          flip2   9% (21/216)
          flip2  19% (42/216)
          flip2  29% (63/216)
          flip2  38% (84/216)
          flip2  48% (105/216)
          flip2  58% (126/216)
          flip2  68% (147/216)
          flip2  77% (168/216)
          flip2  87% (189/216)
          flip2  97% (210/216)
    eurjpy qp_volume_breakout flip2: IS +92.5% OOS -10.4%
    eurjpy qp_ma_cross      flip2: IS +128.6% OOS +14.3%
    eurjpy 15m flip3: 216 cells
          flip3   9% (21/216)
          flip3  19% (42/216)
          flip3  29% (63/216)
          flip3  38% (84/216)
          flip3  48% (105/216)
          flip3  58% (126/216)
          flip3  68% (147/216)
          flip3  77% (168/216)
          flip3  87% (189/216)
          flip3  97% (210/216)
    eurjpy qp_volume_breakout flip3: no IS cell
    eurjpy qp_ma_cross      flip3: IS +73.7% OOS -11.0%
[8/23] usdjpy 15m  34s  peak 0.78 GB
    usdjpy 15m flip1: 264 cells
          flip1   9% (26/264)
          flip1  19% (52/264)
          flip1  29% (78/264)
          flip1  39% (104/264)
          flip1  49% (130/264)
          flip1  59% (156/264)
          flip1  68% (182/264)
          flip1  78% (208/264)
          flip1  88% (234/264)
          flip1  98% (260/264)
    usdjpy qp_volume_breakout flip1: no IS cell
    usdjpy qp_rsi_extreme   flip1: no IS cell
    usdjpy qp_ma_cross      flip1: no IS cell
    usdjpy 15m flip2: 264 cells
          flip2   9% (26/264)
          flip2  19% (52/264)
          flip2  29% (78/264)
          flip2  39% (104/264)
          flip2  49% (130/264)
          flip2  59% (156/264)
          flip2  68% (182/264)
          flip2  78% (208/264)
          flip2  88% (234/264)
          flip2  98% (260/264)
    usdjpy qp_volume_breakout flip2: IS +30.8% OOS -3.3%
    usdjpy qp_rsi_extreme   flip2: no IS cell
    usdjpy qp_ma_cross      flip2: no IS cell
    usdjpy 15m flip3: 264 cells
          flip3   9% (26/264)
          flip3  19% (52/264)
          flip3  29% (78/264)
          flip3  39% (104/264)
          flip3  49% (130/264)
          flip3  59% (156/264)
          flip3  68% (182/264)
          flip3  78% (208/264)
          flip3  88% (234/264)
          flip3  98% (260/264)
    usdjpy qp_volume_breakout flip3: no IS cell
    usdjpy qp_rsi_extreme   flip3: no IS cell
    usdjpy qp_ma_cross      flip3: no IS cell
[9/23] de40 30m  5s  peak 0.23 GB
    de40 30m flip1: 48 cells
          flip1   8% (4/48)
          flip1  16% (8/48)
          flip1  25% (12/48)
          flip1  33% (16/48)
          flip1  41% (20/48)
          flip1  50% (24/48)
          flip1  58% (28/48)
          flip1  66% (32/48)
          flip1  75% (36/48)
          flip1  83% (40/48)
          flip1  91% (44/48)
          flip1 100% (48/48)
    de40 qp_rsi_extreme   flip1: IS +25.8% OOS +15.2%
    de40 30m flip2: 48 cells
          flip2   8% (4/48)
          flip2  16% (8/48)
          flip2  25% (12/48)
          flip2  33% (16/48)
          flip2  41% (20/48)
          flip2  50% (24/48)
          flip2  58% (28/48)
          flip2  66% (32/48)
          flip2  75% (36/48)
          flip2  83% (40/48)
          flip2  91% (44/48)
          flip2 100% (48/48)
    de40 qp_rsi_extreme   flip2: no IS cell
    de40 30m flip3: 48 cells
          flip3   8% (4/48)
          flip3  16% (8/48)
          flip3  25% (12/48)
          flip3  33% (16/48)
          flip3  41% (20/48)
          flip3  50% (24/48)
          flip3  58% (28/48)
          flip3  66% (32/48)
          flip3  75% (36/48)
          flip3  83% (40/48)
          flip3  91% (44/48)
          flip3 100% (48/48)
    de40 qp_rsi_extreme   flip3: no IS cell
[10/23] jp225 30m  7s  peak 0.23 GB
    jp225 30m flip1: 144 cells
          flip1   9% (14/144)
          flip1  19% (28/144)
          flip1  29% (42/144)
          flip1  38% (56/144)
          flip1  48% (70/144)
          flip1  58% (84/144)
          flip1  68% (98/144)
          flip1  77% (112/144)
          flip1  87% (126/144)
          flip1  97% (140/144)
    jp225 qp_ma_cross      flip1: IS +8.0% OOS -2.3%
    jp225 30m flip2: 144 cells
          flip2   9% (14/144)
          flip2  19% (28/144)
          flip2  29% (42/144)
          flip2  38% (56/144)
          flip2  48% (70/144)
          flip2  58% (84/144)
          flip2  68% (98/144)
          flip2  77% (112/144)
          flip2  87% (126/144)
          flip2  97% (140/144)
    jp225 qp_ma_cross      flip2: IS +6.4% OOS -7.9%
    jp225 30m flip3: 144 cells
          flip3   9% (14/144)
          flip3  19% (28/144)
          flip3  29% (42/144)
          flip3  38% (56/144)
          flip3  48% (70/144)
          flip3  58% (84/144)
          flip3  68% (98/144)
          flip3  77% (112/144)
          flip3  87% (126/144)
          flip3  97% (140/144)
    jp225 qp_ma_cross      flip3: no IS cell
[11/23] us500 15m  18s  peak 0.44 GB
    us500 15m flip1: 144 cells
          flip1   9% (14/144)
          flip1  19% (28/144)
          flip1  29% (42/144)
          flip1  38% (56/144)
          flip1  48% (70/144)
          flip1  58% (84/144)
          flip1  68% (98/144)
          flip1  77% (112/144)
          flip1  87% (126/144)
          flip1  97% (140/144)
    us500 qp_ma_cross      flip1: IS +60.6% OOS +21.3%
    us500 15m flip2: 144 cells
          flip2   9% (14/144)
          flip2  19% (28/144)
          flip2  29% (42/144)
          flip2  38% (56/144)
          flip2  48% (70/144)
          flip2  58% (84/144)
          flip2  68% (98/144)
          flip2  77% (112/144)
          flip2  87% (126/144)
          flip2  97% (140/144)
    us500 qp_ma_cross      flip2: IS +21.9% OOS +26.6%
    us500 15m flip3: 144 cells
          flip3   9% (14/144)
          flip3  19% (28/144)
          flip3  29% (42/144)
          flip3  38% (56/144)
          flip3  48% (70/144)
          flip3  58% (84/144)
          flip3  68% (98/144)
          flip3  77% (112/144)
          flip3  87% (126/144)
          flip3  97% (140/144)
    us500 qp_ma_cross      flip3: IS +39.3% OOS -2.0%
[12/23] gbpjpy 60m  6s  peak 0.39 GB
    gbpjpy 60m flip1: 48 cells
          flip1   8% (4/48)
          flip1  16% (8/48)
          flip1  25% (12/48)
          flip1  33% (16/48)
          flip1  41% (20/48)
          flip1  50% (24/48)
          flip1  58% (28/48)
          flip1  66% (32/48)
          flip1  75% (36/48)
          flip1  83% (40/48)
          flip1  91% (44/48)
          flip1 100% (48/48)
    gbpjpy qp_rsi_extreme   flip1: no IS cell
    gbpjpy 60m flip2: 48 cells
          flip2   8% (4/48)
          flip2  16% (8/48)
          flip2  25% (12/48)
          flip2  33% (16/48)
          flip2  41% (20/48)
          flip2  50% (24/48)
          flip2  58% (28/48)
          flip2  66% (32/48)
          flip2  75% (36/48)
          flip2  83% (40/48)
          flip2  91% (44/48)
          flip2 100% (48/48)
    gbpjpy qp_rsi_extreme   flip2: no IS cell
    gbpjpy 60m flip3: 48 cells
          flip3   8% (4/48)
          flip3  16% (8/48)
          flip3  25% (12/48)
          flip3  33% (16/48)
          flip3  41% (20/48)
          flip3  50% (24/48)
          flip3  58% (28/48)
          flip3  66% (32/48)
          flip3  75% (36/48)
          flip3  83% (40/48)
          flip3  91% (44/48)
          flip3 100% (48/48)
    gbpjpy qp_rsi_extreme   flip3: no IS cell
[13/23] eurjpy 5m  44s  peak 1.69 GB
    eurjpy 5m flip1: 72 cells
          flip1   9% (7/72)
          flip1  19% (14/72)
          flip1  29% (21/72)
          flip1  38% (28/72)
          flip1  48% (35/72)
          flip1  58% (42/72)
          flip1  68% (49/72)
          flip1  77% (56/72)
          flip1  87% (63/72)
          flip1  97% (70/72)
    eurjpy qp_volume_breakout flip1: IS +31.5% OOS -5.0%
    eurjpy 5m flip2: 72 cells
          flip2   9% (7/72)
          flip2  19% (14/72)
          flip2  29% (21/72)
          flip2  38% (28/72)
          flip2  48% (35/72)
          flip2  58% (42/72)
          flip2  68% (49/72)
          flip2  77% (56/72)
          flip2  87% (63/72)
          flip2  97% (70/72)
    eurjpy qp_volume_breakout flip2: IS +21.2% OOS -3.5%
    eurjpy 5m flip3: 72 cells
          flip3   9% (7/72)
          flip3  19% (14/72)
          flip3  29% (21/72)
          flip3  38% (28/72)
          flip3  48% (35/72)
          flip3  58% (42/72)
          flip3  68% (49/72)
          flip3  77% (56/72)
          flip3  87% (63/72)
          flip3  97% (70/72)
    eurjpy qp_volume_breakout flip3: no IS cell
[14/23] ustec 60m  6s  peak 0.16 GB
    ustec 60m flip1: 48 cells
          flip1   8% (4/48)
          flip1  16% (8/48)
          flip1  25% (12/48)
          flip1  33% (16/48)
          flip1  41% (20/48)
          flip1  50% (24/48)
          flip1  58% (28/48)
          flip1  66% (32/48)
          flip1  75% (36/48)
          flip1  83% (40/48)
          flip1  91% (44/48)
          flip1 100% (48/48)
    ustec qp_rsi_extreme   flip1: no IS cell
    ustec 60m flip2: 48 cells
          flip2   8% (4/48)
          flip2  16% (8/48)
          flip2  25% (12/48)
          flip2  33% (16/48)
          flip2  41% (20/48)
          flip2  50% (24/48)
          flip2  58% (28/48)
          flip2  66% (32/48)
          flip2  75% (36/48)
          flip2  83% (40/48)
          flip2  91% (44/48)
          flip2 100% (48/48)
    ustec qp_rsi_extreme   flip2: no IS cell
    ustec 60m flip3: 48 cells
          flip3   8% (4/48)
          flip3  16% (8/48)
          flip3  25% (12/48)
          flip3  33% (16/48)
          flip3  41% (20/48)
          flip3  50% (24/48)
          flip3  58% (28/48)
          flip3  66% (32/48)
          flip3  75% (36/48)
          flip3  83% (40/48)
          flip3  91% (44/48)
          flip3 100% (48/48)
    ustec qp_rsi_extreme   flip3: no IS cell
[15/23] de40 60m  7s  peak 0.17 GB
    de40 60m flip1: 48 cells
          flip1   8% (4/48)
          flip1  16% (8/48)
          flip1  25% (12/48)
          flip1  33% (16/48)
          flip1  41% (20/48)
          flip1  50% (24/48)
          flip1  58% (28/48)
          flip1  66% (32/48)
          flip1  75% (36/48)
          flip1  83% (40/48)
          flip1  91% (44/48)
          flip1 100% (48/48)
    de40 qp_momentum_top  flip1: no IS cell
    de40 60m flip2: 48 cells
          flip2   8% (4/48)
          flip2  16% (8/48)
          flip2  25% (12/48)
          flip2  33% (16/48)
          flip2  41% (20/48)
          flip2  50% (24/48)
          flip2  58% (28/48)
          flip2  66% (32/48)
          flip2  75% (36/48)
          flip2  83% (40/48)
          flip2  91% (44/48)
          flip2 100% (48/48)
    de40 qp_momentum_top  flip2: no IS cell
    de40 60m flip3: 48 cells
          flip3   8% (4/48)
          flip3  16% (8/48)
          flip3  25% (12/48)
          flip3  33% (16/48)
          flip3  41% (20/48)
          flip3  50% (24/48)
          flip3  58% (28/48)
          flip3  66% (32/48)
          flip3  75% (36/48)
          flip3  83% (40/48)
          flip3  91% (44/48)
          flip3 100% (48/48)
    de40 qp_momentum_top  flip3: no IS cell
[16/23] gbpjpy 240m  4s  peak 0.33 GB
    gbpjpy 240m flip1: 48 cells
          flip1   8% (4/48)
          flip1  16% (8/48)
          flip1  25% (12/48)
          flip1  33% (16/48)
          flip1  41% (20/48)
          flip1  50% (24/48)
          flip1  58% (28/48)
          flip1  66% (32/48)
          flip1  75% (36/48)
          flip1  83% (40/48)
          flip1  91% (44/48)
          flip1 100% (48/48)
    gbpjpy qp_rsi_extreme   flip1: no IS cell
    gbpjpy 240m flip2: 48 cells
          flip2   8% (4/48)
          flip2  16% (8/48)
          flip2  25% (12/48)
          flip2  33% (16/48)
          flip2  41% (20/48)
          flip2  50% (24/48)
          flip2  58% (28/48)
          flip2  66% (32/48)
          flip2  75% (36/48)
          flip2  83% (40/48)
          flip2  91% (44/48)
          flip2 100% (48/48)
    gbpjpy qp_rsi_extreme   flip2: no IS cell
    gbpjpy 240m flip3: 48 cells
          flip3   8% (4/48)
          flip3  16% (8/48)
          flip3  25% (12/48)
          flip3  33% (16/48)
          flip3  41% (20/48)
          flip3  50% (24/48)
          flip3  58% (28/48)
          flip3  66% (32/48)
          flip3  75% (36/48)
          flip3  83% (40/48)
          flip3  91% (44/48)
          flip3 100% (48/48)
    gbpjpy qp_rsi_extreme   flip3: no IS cell
[17/23] uk100 240m  3s  peak 0.14 GB
    uk100 240m flip1: 36 cells
          flip1   8% (3/36)
          flip1  16% (6/36)
          flip1  25% (9/36)
          flip1  33% (12/36)
          flip1  41% (15/36)
          flip1  50% (18/36)
          flip1  58% (21/36)
          flip1  66% (24/36)
          flip1  75% (27/36)
          flip1  83% (30/36)
          flip1  91% (33/36)
          flip1 100% (36/36)
    uk100 qp_gap_fade      flip1: no IS cell
    uk100 240m flip2: 36 cells
          flip2   8% (3/36)
          flip2  16% (6/36)
          flip2  25% (9/36)
          flip2  33% (12/36)
          flip2  41% (15/36)
          flip2  50% (18/36)
          flip2  58% (21/36)
          flip2  66% (24/36)
          flip2  75% (27/36)
          flip2  83% (30/36)
          flip2  91% (33/36)
          flip2 100% (36/36)
    uk100 qp_gap_fade      flip2: no IS cell
    uk100 240m flip3: 36 cells
          flip3   8% (3/36)
          flip3  16% (6/36)
          flip3  25% (9/36)
          flip3  33% (12/36)
          flip3  41% (15/36)
          flip3  50% (18/36)
          flip3  58% (21/36)
          flip3  66% (24/36)
          flip3  75% (27/36)
          flip3  83% (30/36)
          flip3  91% (33/36)
          flip3 100% (36/36)
    uk100 qp_gap_fade      flip3: no IS cell
[18/23] btc 60m  5s  peak 0.20 GB
    btc 60m flip1: 48 cells
          flip1   8% (4/48)
          flip1  16% (8/48)
          flip1  25% (12/48)
          flip1  33% (16/48)
          flip1  41% (20/48)
          flip1  50% (24/48)
          flip1  58% (28/48)
          flip1  66% (32/48)
          flip1  75% (36/48)
          flip1  83% (40/48)
          flip1  91% (44/48)
          flip1 100% (48/48)
    btc qp_rsi_extreme   flip1: no IS cell
    btc 60m flip2: 48 cells
          flip2   8% (4/48)
          flip2  16% (8/48)
          flip2  25% (12/48)
          flip2  33% (16/48)
          flip2  41% (20/48)
          flip2  50% (24/48)
          flip2  58% (28/48)
          flip2  66% (32/48)
          flip2  75% (36/48)
          flip2  83% (40/48)
          flip2  91% (44/48)
          flip2 100% (48/48)
    btc qp_rsi_extreme   flip2: no IS cell
    btc 60m flip3: 48 cells
          flip3   8% (4/48)
          flip3  16% (8/48)
          flip3  25% (12/48)
          flip3  33% (16/48)
          flip3  41% (20/48)
          flip3  50% (24/48)
          flip3  58% (28/48)
          flip3  66% (32/48)
          flip3  75% (36/48)
          flip3  83% (40/48)
          flip3  91% (44/48)
          flip3 100% (48/48)
    btc qp_rsi_extreme   flip3: IS +47.0% OOS +4.9%
[19/23] us500 30m  16s  peak 0.26 GB
    us500 30m flip1: 48 cells
          flip1   8% (4/48)
          flip1  16% (8/48)
          flip1  25% (12/48)
          flip1  33% (16/48)
          flip1  41% (20/48)
          flip1  50% (24/48)
          flip1  58% (28/48)
          flip1  66% (32/48)
          flip1  75% (36/48)
          flip1  83% (40/48)
          flip1  91% (44/48)
          flip1 100% (48/48)
    us500 qp_momentum_top  flip1: no IS cell
    us500 30m flip2: 48 cells
          flip2   8% (4/48)
          flip2  16% (8/48)
          flip2  25% (12/48)
          flip2  33% (16/48)
          flip2  41% (20/48)
          flip2  50% (24/48)
          flip2  58% (28/48)
          flip2  66% (32/48)
          flip2  75% (36/48)
          flip2  83% (40/48)
          flip2  91% (44/48)
          flip2 100% (48/48)
    us500 qp_momentum_top  flip2: no IS cell
    us500 30m flip3: 48 cells
          flip3   8% (4/48)
          flip3  16% (8/48)
          flip3  25% (12/48)
          flip3  33% (16/48)
          flip3  41% (20/48)
          flip3  50% (24/48)
          flip3  58% (28/48)
          flip3  66% (32/48)
          flip3  75% (36/48)
          flip3  83% (40/48)
          flip3  91% (44/48)
          flip3 100% (48/48)
    us500 qp_momentum_top  flip3: no IS cell
[20/23] btc 30m  16s  peak 0.30 GB
    btc 30m flip1: 48 cells
          flip1   8% (4/48)
          flip1  16% (8/48)
          flip1  25% (12/48)
          flip1  33% (16/48)
          flip1  41% (20/48)
          flip1  50% (24/48)
          flip1  58% (28/48)
          flip1  66% (32/48)
          flip1  75% (36/48)
          flip1  83% (40/48)
          flip1  91% (44/48)
          flip1 100% (48/48)
    btc qp_momentum_top  flip1: IS +13.3% OOS -11.4%
    btc 30m flip2: 48 cells
          flip2   8% (4/48)
          flip2  16% (8/48)
          flip2  25% (12/48)
          flip2  33% (16/48)
          flip2  41% (20/48)
          flip2  50% (24/48)
          flip2  58% (28/48)
          flip2  66% (32/48)
          flip2  75% (36/48)
          flip2  83% (40/48)
          flip2  91% (44/48)
          flip2 100% (48/48)
    btc qp_momentum_top  flip2: no IS cell
    btc 30m flip3: 48 cells
          flip3   8% (4/48)
          flip3  16% (8/48)
          flip3  25% (12/48)
          flip3  33% (16/48)
          flip3  41% (20/48)
          flip3  50% (24/48)
          flip3  58% (28/48)
          flip3  66% (32/48)
          flip3  75% (36/48)
          flip3  83% (40/48)
          flip3  91% (44/48)
          flip3 100% (48/48)
    btc qp_momentum_top  flip3: no IS cell
[21/23] usdjpy 60m  11s  peak 0.43 GB
    usdjpy 60m flip1: 192 cells
          flip1   9% (19/192)
          flip1  19% (38/192)
          flip1  29% (57/192)
          flip1  39% (76/192)
          flip1  49% (95/192)
          flip1  59% (114/192)
          flip1  69% (133/192)
          flip1  79% (152/192)
          flip1  89% (171/192)
          flip1  98% (190/192)
    usdjpy qp_rsi_extreme   flip1: IS +22.9% OOS -8.0%
    usdjpy qp_ma_cross      flip1: IS +20.4% OOS -9.1%
    usdjpy 60m flip2: 192 cells
          flip2   9% (19/192)
          flip2  19% (38/192)
          flip2  29% (57/192)
          flip2  39% (76/192)
          flip2  49% (95/192)
          flip2  59% (114/192)
          flip2  69% (133/192)
          flip2  79% (152/192)
          flip2  89% (171/192)
          flip2  98% (190/192)
    usdjpy qp_rsi_extreme   flip2: no IS cell
    usdjpy qp_ma_cross      flip2: no IS cell
    usdjpy 60m flip3: 192 cells
          flip3   9% (19/192)
          flip3  19% (38/192)
          flip3  29% (57/192)
          flip3  39% (76/192)
          flip3  49% (95/192)
          flip3  59% (114/192)
          flip3  69% (133/192)
          flip3  79% (152/192)
          flip3  89% (171/192)
          flip3  98% (190/192)
    usdjpy qp_rsi_extreme   flip3: no IS cell
    usdjpy qp_ma_cross      flip3: IS +22.6% OOS -14.1%
[22/23] us500 60m  8s  peak 0.21 GB
    us500 60m flip1: 168 cells
          flip1   9% (16/168)
          flip1  19% (32/168)
          flip1  28% (48/168)
          flip1  38% (64/168)
          flip1  47% (80/168)
          flip1  57% (96/168)
          flip1  66% (112/168)
          flip1  76% (128/168)
          flip1  85% (144/168)
          flip1  95% (160/168)
    us500 qp_rsi2_pullback flip1: no IS cell
    us500 qp_ma_cross      flip1: no IS cell
    us500 60m flip2: 168 cells
          flip2   9% (16/168)
          flip2  19% (32/168)
          flip2  28% (48/168)
          flip2  38% (64/168)
          flip2  47% (80/168)
          flip2  57% (96/168)
          flip2  66% (112/168)
          flip2  76% (128/168)
          flip2  85% (144/168)
          flip2  95% (160/168)
    us500 qp_rsi2_pullback flip2: no IS cell
    us500 qp_ma_cross      flip2: IS +3.7% OOS -1.0%
    us500 60m flip3: 168 cells
          flip3   9% (16/168)
          flip3  19% (32/168)
          flip3  28% (48/168)
          flip3  38% (64/168)
          flip3  47% (80/168)
          flip3  57% (96/168)
          flip3  66% (112/168)
          flip3  76% (128/168)
          flip3  85% (144/168)
          flip3  95% (160/168)
    us500 qp_rsi2_pullback flip3: no IS cell
    us500 qp_ma_cross      flip3: IS +1.6% OOS -2.0%
[23/23] eurjpy 60m  16s  peak 0.44 GB
    eurjpy 60m flip1: 192 cells
          flip1   9% (19/192)
          flip1  19% (38/192)
          flip1  29% (57/192)
          flip1  39% (76/192)
          flip1  49% (95/192)
          flip1  59% (114/192)
          flip1  69% (133/192)
          flip1  79% (152/192)
          flip1  89% (171/192)
          flip1  98% (190/192)
    eurjpy qp_momentum_top  flip1: no IS cell
    eurjpy qp_ma_cross      flip1: IS +11.4% OOS -13.7%
    eurjpy 60m flip2: 192 cells
          flip2   9% (19/192)
          flip2  19% (38/192)
          flip2  29% (57/192)
          flip2  39% (76/192)
          flip2  49% (95/192)
          flip2  59% (114/192)
          flip2  69% (133/192)
          flip2  79% (152/192)
          flip2  89% (171/192)
          flip2  98% (190/192)
    eurjpy qp_momentum_top  flip2: IS +58.9% OOS +1.8%
    eurjpy qp_ma_cross      flip2: IS +64.2% OOS +6.4%
    eurjpy 60m flip3: 192 cells
          flip3   9% (19/192)
          flip3  19% (38/192)
          flip3  29% (57/192)
          flip3  39% (76/192)
          flip3  49% (95/192)
          flip3  59% (114/192)
          flip3  69% (133/192)
          flip3  79% (152/192)
          flip3  89% (171/192)
          flip3  98% (190/192)
    eurjpy qp_momentum_top  flip3: no IS cell
    eurjpy qp_ma_cross      flip3: IS +15.0% OOS -11.7%
why: 23 jobs in 56s
