us500 5m: exness fills from exness_us500_1m -- 251,844 of 254,244 scoreable bars priced (99%), feed lag 0.6s + 1s queue, exit one bar later
us500 5m: 864 cells over 1 families, 9 workers, 713 MB context each (6.4 GB)
        9% (86/864)
       19% (172/864)
       29% (258/864)
       39% (344/864)
       49% (430/864)
       59% (516/864)
       69% (602/864)
       79% (688/864)
       89% (774/864)
       99% (860/864)
us500    5m   luxalgo_manipulation -  refused by positive_years; best cell +19.6% dd 27.7% n=515 pf=1.05
sealed C:\Users\JawirGaming66\quant\sandbox\research\..\results\exness_tt_families_us500_5m.json
ustec 5m: exness fills from exness_ustec_1m -- 252,943 of 254,430 scoreable bars priced (99%), feed lag 0.6s + 1s queue, exit one bar later
ustec 5m: 864 cells over 1 families, 15 workers, 484 MB context each (7.3 GB)
        9% (86/864)
       19% (172/864)
       29% (258/864)
       39% (344/864)
       49% (430/864)
       59% (516/864)
       69% (602/864)
       79% (688/864)
       89% (774/864)
       99% (860/864)
ustec    5m   luxalgo_manipulation +13.7% dd 9.2% n=381
sealed C:\Users\JawirGaming66\quant\sandbox\research\..\results\exness_tt_families_ustec_5m.json
de40 5m: exness fills from exness_de30_1m -- 240,933 of 248,925 scoreable bars priced (97%), feed lag 0.6s + 1s queue, exit one bar later
  3% of the window predates exness_de30_1m and keeps the vendor open and the constant spread -- that part is still the idealised fill
de40 5m: 864 cells over 1 families, 12 workers, 570 MB context each (6.8 GB)
        9% (86/864)
       19% (172/864)
       29% (258/864)
       39% (344/864)
       49% (430/864)
       59% (516/864)
       69% (602/864)
       79% (688/864)
       89% (774/864)
       99% (860/864)
de40     5m   luxalgo_manipulation -  refused by profit_factor; best cell +7.8% dd 16.0% n=313 pf=1.05
sealed C:\Users\JawirGaming66\quant\sandbox\research\..\results\exness_tt_families_de40_5m.json
fr40 5m: exness fills from exness_fr40_1m -- 152,000 of 154,264 scoreable bars priced (99%), feed lag 0.6s + 1s queue, exit one bar later
  MODELLED COST: exness_fr40_1m is too short, so the spreads before its first minute come from fill_models.modelled_minutes -- screening only
  1% of the window predates exness_fr40_1m and keeps the vendor open and the constant spread -- that part is still the idealised fill
fr40 5m: 864 cells over 1 families, 12 workers, 578 MB context each (6.9 GB)
        9% (86/864)
       19% (172/864)
       29% (258/864)
       39% (344/864)
       49% (430/864)
       59% (516/864)
       69% (602/864)
       79% (688/864)
       89% (774/864)
       99% (860/864)
fr40     5m   luxalgo_manipulation -  refused by profit_factor, max_dd, positive_years; best cell -19.2% dd 25.9% n=184 pf=0.76
sealed C:\Users\JawirGaming66\quant\sandbox\research\..\results\exness_tt_families_fr40_5m.json
stoxx50 5m: exness fills from exness_stoxx50_1m -- 134,836 of 151,910 scoreable bars priced (89%), feed lag 0.6s + 1s queue, exit one bar later
  MODELLED COST: exness_stoxx50_1m is too short, so the spreads before its first minute come from fill_models.modelled_minutes -- screening only
  11% of the window predates exness_stoxx50_1m and keeps the vendor open and the constant spread -- that part is still the idealised fill
stoxx50 5m: 864 cells over 1 families, 11 workers, 619 MB context each (6.8 GB)
        9% (86/864)
       19% (172/864)
       29% (258/864)
       39% (344/864)
       49% (430/864)
       59% (516/864)
       69% (602/864)
       79% (688/864)
       89% (774/864)
       99% (860/864)
stoxx50  5m   luxalgo_manipulation -  refused by profit_factor, max_dd, positive_years, annual_dd; best cell -43.4% dd 45.4% n=175 pf=0.56
sealed C:\Users\JawirGaming66\quant\sandbox\research\..\results\exness_tt_families_stoxx50_5m.json
uk100 5m: exness fills from exness_uk100_1m -- 364,318 of 384,773 scoreable bars priced (95%), feed lag 0.6s + 1s queue, exit one bar later
  5% of the window predates exness_uk100_1m and keeps the vendor open and the constant spread -- that part is still the idealised fill
uk100 5m: 864 cells over 1 families, 8 workers, 798 MB context each (6.4 GB)
        9% (86/864)
       19% (172/864)
       29% (258/864)
       39% (344/864)
       49% (430/864)
       59% (516/864)
       69% (602/864)
       79% (688/864)
       89% (774/864)
       99% (860/864)
uk100    5m   luxalgo_manipulation -  refused by profit_factor, positive_years; best cell +14.2% dd 14.4% n=646 pf=1.04
sealed C:\Users\JawirGaming66\quant\sandbox\research\..\results\exness_tt_families_uk100_5m.json
aus200 5m: exness fills from exness_aus200_1m -- 207,712 of 221,782 scoreable bars priced (94%), feed lag 0.6s + 1s queue, exit one bar later
  MODELLED COST: exness_aus200_1m is too short, so the spreads before its first minute come from fill_models.modelled_minutes -- screening only
  6% of the window predates exness_aus200_1m and keeps the vendor open and the constant spread -- that part is still the idealised fill
aus200 5m: 864 cells over 1 families, 8 workers, 859 MB context each (6.9 GB)
        9% (86/864)
       19% (172/864)
       29% (258/864)
       39% (344/864)
       49% (430/864)
       59% (516/864)
       69% (602/864)
       79% (688/864)
       89% (774/864)
       99% (860/864)
aus200   5m   luxalgo_manipulation -  refused by profit_factor, max_dd, positive_years; best cell -33.4% dd 33.5% n=121 pf=0.34
sealed C:\Users\JawirGaming66\quant\sandbox\research\..\results\exness_tt_families_aus200_5m.json
hk50 5m: exness fills from exness_hk50_1m -- 148,259 of 149,448 scoreable bars priced (99%), feed lag 0.6s + 1s queue, exit one bar later
hk50 5m: 864 cells over 1 families, 7 workers, 863 MB context each (6.0 GB)
        9% (86/864)
       19% (172/864)
       29% (258/864)
       39% (344/864)
       49% (430/864)
       59% (516/864)
       69% (602/864)
       79% (688/864)
       89% (774/864)
       99% (860/864)
hk50     5m   luxalgo_manipulation -  refused by profit_factor, positive_years; best cell -5.5% dd 12.2% n=124 pf=0.88
sealed C:\Users\JawirGaming66\quant\sandbox\research\..\results\exness_tt_families_hk50_5m.json
jp225 5m: exness fills from exness_jp225_1m -- 244,123 of 253,281 scoreable bars priced (96%), feed lag 0.6s + 1s queue, exit one bar later
  4% of the window predates exness_jp225_1m and keeps the vendor open and the constant spread -- that part is still the idealised fill
jp225 5m: 864 cells over 1 families, 6 workers, 1002 MB context each (6.0 GB)
        9% (86/864)
       19% (172/864)
       29% (258/864)
       39% (344/864)
       49% (430/864)
       59% (516/864)
       69% (602/864)
       79% (688/864)
       89% (774/864)
       99% (860/864)
jp225    5m   luxalgo_manipulation -  refused by positive_years; best cell +3.7% dd 36.7% n=500 pf=1.02
sealed C:\Users\JawirGaming66\quant\sandbox\research\..\results\exness_tt_families_jp225_5m.json
eurusd 5m: exness fills from exness_eurusd_1m -- 489,756 of 495,385 scoreable bars priced (99%), feed lag 0.6s + 1s queue, exit one bar later
  MODELLED COST: exness_eurusd_1m is too short, so the spreads before its first minute come from fill_models.modelled_minutes -- screening only
  1% of the window predates exness_eurusd_1m and keeps the vendor open and the constant spread -- that part is still the idealised fill
eurusd 5m: 864 cells over 1 families, 5 workers, 1256 MB context each (6.3 GB)
        9% (86/864)
       19% (172/864)
       29% (258/864)
       39% (344/864)
       49% (430/864)
       59% (516/864)
       69% (602/864)
       79% (688/864)
       89% (774/864)
       99% (860/864)
eurusd   5m   luxalgo_manipulation -  refused by positive_years; best cell +25.5% dd 15.1% n=833 pf=1.09
sealed C:\Users\JawirGaming66\quant\sandbox\research\..\results\exness_tt_families_eurusd_5m.json
usdjpy 5m: exness fills from exness_usdjpy_1m -- 501,898 of 503,992 scoreable bars priced (100%), feed lag 0.6s + 1s queue, exit one bar later
usdjpy 5m: 864 cells over 1 families, 4 workers, 1421 MB context each (5.7 GB)
        9% (86/864)
       19% (172/864)
       29% (258/864)
       39% (344/864)
       49% (430/864)
       59% (516/864)
       69% (602/864)
       79% (688/864)
       89% (774/864)
       99% (860/864)
usdjpy   5m   luxalgo_manipulation -  refused by max_dd; best cell +35.9% dd 17.4% n=987 pf=1.14
sealed C:\Users\JawirGaming66\quant\sandbox\research\..\results\exness_tt_families_usdjpy_5m.json
gbpusd 5m: exness fills from exness_gbpusd_1m -- 494,660 of 498,127 scoreable bars priced (99%), feed lag 0.6s + 1s queue, exit one bar later
gbpusd 5m: 864 cells over 1 families, 3 workers, 1900 MB context each (5.7 GB)
        9% (86/864)
       19% (172/864)
       29% (258/864)
       39% (344/864)
       49% (430/864)
       59% (516/864)
       69% (602/864)
       79% (688/864)
       89% (774/864)
       99% (860/864)
gbpusd   5m   luxalgo_manipulation +36.8% dd 16.3% n=1299
audjpy 5m: exness fills from exness_audjpy_1m -- 490,406 of 495,096 scoreable bars priced (99%), feed lag 0.6s + 1s queue, exit one bar later
  MODELLED COST: exness_audjpy_1m is too short, so the spreads before its first minute come from fill_models.modelled_minutes -- screening only
audjpy 5m: 864 cells over 1 families, 14 workers, 474 MB context each (6.6 GB)
        9% (86/864)
       19% (172/864)
       29% (258/864)
       39% (344/864)
       49% (430/864)
       59% (516/864)
       69% (602/864)
       79% (688/864)
       89% (774/864)
       99% (860/864)
audjpy   5m   luxalgo_manipulation -  refused by profit_factor, max_dd; best cell +21.1% dd 24.5% n=1240 pf=1.03
sealed C:\Users\JawirGaming66\quant\sandbox\research\..\results\exness_tt_families_audjpy_5m.json
audusd 5m: exness fills from exness_audusd_1m -- 501,766 of 503,879 scoreable bars priced (100%), feed lag 0.6s + 1s queue, exit one bar later
audusd 5m: 864 cells over 1 families, 15 workers, 481 MB context each (7.2 GB)
        9% (86/864)
       19% (172/864)
       29% (258/864)
       39% (344/864)
       49% (430/864)
       59% (516/864)
       69% (602/864)
       79% (688/864)
       89% (774/864)
       99% (860/864)
audusd   5m   luxalgo_manipulation -  refused by positive_years; best cell +31.6% dd 8.3% n=610 pf=1.17
sealed C:\Users\JawirGaming66\quant\sandbox\research\..\results\exness_tt_families_audusd_5m.json
eurjpy 5m: exness fills from exness_eurjpy_1m -- 501,579 of 503,432 scoreable bars priced (100%), feed lag 0.6s + 1s queue, exit one bar later
eurjpy 5m: 864 cells over 1 families, 14 workers, 497 MB context each (7.0 GB)
        9% (86/864)
       19% (172/864)
       29% (258/864)
       39% (344/864)
       49% (430/864)
       59% (516/864)
       69% (602/864)
       79% (688/864)
       89% (774/864)
       99% (860/864)
eurjpy   5m   luxalgo_manipulation +158.6% dd 13.5% n=1259
sealed C:\Users\JawirGaming66\quant\sandbox\research\..\results\exness_tt_families_eurjpy_5m.json
gbpjpy 5m: exness fills from exness_gbpjpy_1m -- 501,271 of 503,292 scoreable bars priced (100%), feed lag 0.6s + 1s queue, exit one bar later
gbpjpy 5m: 864 cells over 1 families, 13 workers, 511 MB context each (6.6 GB)
        9% (86/864)
       19% (172/864)
       29% (258/864)
       39% (344/864)
       49% (430/864)
       59% (516/864)
       69% (602/864)
       79% (688/864)
       89% (774/864)
       99% (860/864)
gbpjpy   5m   luxalgo_manipulation +210.1% dd 16.5% n=1302
sealed C:\Users\JawirGaming66\quant\sandbox\research\..\results\exness_tt_families_gbpjpy_5m.json
usdcad 5m: exness fills from exness_usdcad_1m -- 489,137 of 495,146 scoreable bars priced (99%), feed lag 0.6s + 1s queue, exit one bar later
  MODELLED COST: exness_usdcad_1m is too short, so the spreads before its first minute come from fill_models.modelled_minutes -- screening only
  1% of the window predates exness_usdcad_1m and keeps the vendor open and the constant spread -- that part is still the idealised fill
usdcad 5m: 864 cells over 1 families, 13 workers, 520 MB context each (6.8 GB)
        9% (86/864)
       19% (172/864)
       29% (258/864)
       39% (344/864)
       49% (430/864)
       59% (516/864)
       69% (602/864)
       79% (688/864)
       89% (774/864)
       99% (860/864)
usdcad   5m   luxalgo_manipulation -  refused by profit_factor, max_dd, positive_years; best cell -7.7% dd 21.8% n=556 pf=0.95
sealed C:\Users\JawirGaming66\quant\sandbox\research\..\results\exness_tt_families_usdcad_5m.json
btc 5m: exness fills from exness_btcusd_1m -- 703,151 of 706,778 scoreable bars priced (99%), feed lag 2s + 1s queue, exit one bar later
btc 5m: 864 cells over 1 families, 12 workers, 533 MB context each (6.4 GB)
        9% (86/864)
       19% (172/864)
       29% (258/864)
       39% (344/864)
       49% (430/864)
       59% (516/864)
       69% (602/864)
       79% (688/864)
       89% (774/864)
       99% (860/864)
btc      5m   luxalgo_manipulation -  refused by positive_years; best cell +104.6% dd 84.2% n=1727 pf=1.07
sealed C:\Users\JawirGaming66\quant\sandbox\research\..\results\exness_tt_families_btc_5m.json
ethusd 5m: exness fills from exness_ethusd_1m -- 628,827 of 707,936 scoreable bars priced (89%), feed lag 2s + 1s queue, exit one bar later
  11% of the window predates exness_ethusd_1m and keeps the vendor open and the constant spread -- that part is still the idealised fill
ethusd 5m: 864 cells over 1 families, 11 workers, 583 MB context each (6.4 GB)
        9% (86/864)
       19% (172/864)
       29% (258/864)
       39% (344/864)
       49% (430/864)
       59% (516/864)
       69% (602/864)
       79% (688/864)
       89% (774/864)
       99% (860/864)
ethusd   5m   luxalgo_manipulation -  refused by profit_factor, max_dd, annual_dd; best cell -9.7% dd 44.2% n=378 pf=0.93
sealed C:\Users\JawirGaming66\quant\sandbox\research\..\results\exness_tt_families_ethusd_5m.json
us500 15m: exness fills from exness_us500_1m -- 84,009 of 84,789 scoreable bars priced (99%), feed lag 0.6s + 1s queue, exit one bar later
us500 15m: 864 cells over 1 families, 16 workers, 425 MB context each (6.8 GB)
        9% (86/864)
       19% (172/864)
       29% (258/864)
       39% (344/864)
       49% (430/864)
       59% (516/864)
       69% (602/864)
       79% (688/864)
       89% (774/864)
       99% (860/864)
us500    15m  luxalgo_manipulation +5.6% dd 4.6% n=51
sealed C:\Users\JawirGaming66\quant\sandbox\research\..\results\exness_tt_families_us500_15m.json
ustec 15m: exness fills from exness_ustec_1m -- 84,324 of 84,897 scoreable bars priced (99%), feed lag 0.6s + 1s queue, exit one bar later
ustec 15m: 864 cells over 1 families, 16 workers, 384 MB context each (6.1 GB)
        9% (86/864)
       19% (172/864)
       29% (258/864)
       39% (344/864)
       49% (430/864)
       59% (516/864)
       69% (602/864)
       79% (688/864)
       89% (774/864)
       99% (860/864)
ustec    15m  luxalgo_manipulation +29.2% dd 6.5% n=103
sealed C:\Users\JawirGaming66\quant\sandbox\research\..\results\exness_tt_families_ustec_15m.json
de40 15m: exness fills from exness_de30_1m -- 80,560 of 83,218 scoreable bars priced (97%), feed lag 0.6s + 1s queue, exit one bar later
  3% of the window predates exness_de30_1m and keeps the vendor open and the constant spread -- that part is still the idealised fill
de40 15m: 864 cells over 1 families, 16 workers, 384 MB context each (6.1 GB)
        9% (86/864)
       19% (172/864)
       29% (258/864)
       39% (344/864)
       49% (430/864)
       59% (516/864)
       69% (602/864)
       79% (688/864)
       89% (774/864)
       99% (860/864)
de40     15m  luxalgo_manipulation +19.3% dd 13.8% n=250
sealed C:\Users\JawirGaming66\quant\sandbox\research\..\results\exness_tt_families_de40_15m.json
fr40 15m: exness fills from exness_fr40_1m -- 50,703 of 51,480 scoreable bars priced (98%), feed lag 0.6s + 1s queue, exit one bar later
  MODELLED COST: exness_fr40_1m is too short, so the spreads before its first minute come from fill_models.modelled_minutes -- screening only
  2% of the window predates exness_fr40_1m and keeps the vendor open and the constant spread -- that part is still the idealised fill
fr40 15m: 864 cells over 1 families, 16 workers, 371 MB context each (5.9 GB)
        9% (86/864)
       19% (172/864)
       29% (258/864)
       39% (344/864)
       49% (430/864)
       59% (516/864)
       69% (602/864)
       79% (688/864)
       89% (774/864)
       99% (860/864)
fr40     15m  luxalgo_manipulation -  refused by profit_factor, positive_years; best cell -1.9% dd 11.8% n=58 pf=0.94
sealed C:\Users\JawirGaming66\quant\sandbox\research\..\results\exness_tt_families_fr40_15m.json
stoxx50 15m: exness fills from exness_stoxx50_1m -- 45,657 of 51,048 scoreable bars priced (89%), feed lag 0.6s + 1s queue, exit one bar later
  MODELLED COST: exness_stoxx50_1m is too short, so the spreads before its first minute come from fill_models.modelled_minutes -- screening only
  11% of the window predates exness_stoxx50_1m and keeps the vendor open and the constant spread -- that part is still the idealised fill
stoxx50 15m: 864 cells over 1 families, 16 workers, 367 MB context each (5.9 GB)
        9% (86/864)
       19% (172/864)
       29% (258/864)
       39% (344/864)
       49% (430/864)
       59% (516/864)
       69% (602/864)
       79% (688/864)
       89% (774/864)
       99% (860/864)
stoxx50  15m  luxalgo_manipulation -  refused by profit_factor, positive_years; best cell -11.1% dd 14.1% n=69 pf=0.60
sealed C:\Users\JawirGaming66\quant\sandbox\research\..\results\exness_tt_families_stoxx50_15m.json
uk100 15m: exness fills from exness_uk100_1m -- 121,847 of 128,565 scoreable bars priced (95%), feed lag 0.6s + 1s queue, exit one bar later
  5% of the window predates exness_uk100_1m and keeps the vendor open and the constant spread -- that part is still the idealised fill
uk100 15m: 864 cells over 1 families, 16 workers, 382 MB context each (6.1 GB)
        9% (86/864)
       19% (172/864)
       29% (258/864)
       39% (344/864)
       49% (430/864)
       59% (516/864)
       69% (602/864)
       79% (688/864)
       89% (774/864)
       99% (860/864)
uk100    15m  luxalgo_manipulation -  refused by profit_factor; best cell +7.0% dd 15.3% n=142 pf=1.10
sealed C:\Users\JawirGaming66\quant\sandbox\research\..\results\exness_tt_families_uk100_15m.json
aus200 15m: exness fills from exness_aus200_1m -- 69,229 of 75,193 scoreable bars priced (92%), feed lag 0.6s + 1s queue, exit one bar later
  MODELLED COST: exness_aus200_1m is too short, so the spreads before its first minute come from fill_models.modelled_minutes -- screening only
  8% of the window predates exness_aus200_1m and keeps the vendor open and the constant spread -- that part is still the idealised fill
aus200 15m: 864 cells over 1 families, 16 workers, 376 MB context each (6.0 GB)
        9% (86/864)
       19% (172/864)
       29% (258/864)
       39% (344/864)
       49% (430/864)
       59% (516/864)
       69% (602/864)
       79% (688/864)
       89% (774/864)
       99% (860/864)
aus200   15m  luxalgo_manipulation -  refused by profit_factor, positive_years; best cell -2.7% dd 3.3% n=30 pf=0.62
sealed C:\Users\JawirGaming66\quant\sandbox\research\..\results\exness_tt_families_aus200_15m.json
hk50 15m: exness fills from exness_hk50_1m -- 49,436 of 49,833 scoreable bars priced (99%), feed lag 0.6s + 1s queue, exit one bar later
hk50 15m: 864 cells over 1 families, 16 workers, 361 MB context each (5.8 GB)
        9% (86/864)
       19% (172/864)
       29% (258/864)
       39% (344/864)
       49% (430/864)
       59% (516/864)
       69% (602/864)
       79% (688/864)
       89% (774/864)
       99% (860/864)
hk50     15m  luxalgo_manipulation -  refused by positive_years; best cell +5.7% dd 7.9% n=139 pf=1.10
sealed C:\Users\JawirGaming66\quant\sandbox\research\..\results\exness_tt_families_hk50_15m.json
jp225 15m: exness fills from exness_jp225_1m -- 81,871 of 84,751 scoreable bars priced (97%), feed lag 0.6s + 1s queue, exit one bar later
  3% of the window predates exness_jp225_1m and keeps the vendor open and the constant spread -- that part is still the idealised fill
jp225 15m: 864 cells over 1 families, 16 workers, 379 MB context each (6.1 GB)
        9% (86/864)
       19% (172/864)
       29% (258/864)
       39% (344/864)
       49% (430/864)
       59% (516/864)
       69% (602/864)
       79% (688/864)
       89% (774/864)
       99% (860/864)
jp225    15m  luxalgo_manipulation +22.3% dd 9.4% n=102
sealed C:\Users\JawirGaming66\quant\sandbox\research\..\results\exness_tt_families_jp225_15m.json
eurusd 15m: exness fills from exness_eurusd_1m -- 163,356 of 165,171 scoreable bars priced (99%), feed lag 0.6s + 1s queue, exit one bar later
  MODELLED COST: exness_eurusd_1m is too short, so the spreads before its first minute come from fill_models.modelled_minutes -- screening only
  1% of the window predates exness_eurusd_1m and keeps the vendor open and the constant spread -- that part is still the idealised fill
eurusd 15m: 864 cells over 1 families, 16 workers, 412 MB context each (6.6 GB)
        9% (86/864)
       19% (172/864)
       29% (258/864)
       39% (344/864)
       49% (430/864)
       59% (516/864)
       69% (602/864)
       79% (688/864)
       89% (774/864)
       99% (860/864)
eurusd   15m  luxalgo_manipulation -  refused by positive_years; best cell +9.9% dd 11.2% n=377 pf=1.11
sealed C:\Users\JawirGaming66\quant\sandbox\research\..\results\exness_tt_families_eurusd_15m.json
usdjpy 15m: exness fills from exness_usdjpy_1m -- 167,086 of 168,043 scoreable bars priced (99%), feed lag 0.6s + 1s queue, exit one bar later
usdjpy 15m: 864 cells over 1 families, 16 workers, 417 MB context each (6.7 GB)
        9% (86/864)
       19% (172/864)
       29% (258/864)
       39% (344/864)
       49% (430/864)
       59% (516/864)
       69% (602/864)
       79% (688/864)
       89% (774/864)
       99% (860/864)
usdjpy   15m  luxalgo_manipulation -  refused by positive_years; best cell +76.4% dd 22.1% n=1292 pf=1.27
sealed C:\Users\JawirGaming66\quant\sandbox\research\..\results\exness_tt_families_usdjpy_15m.json
gbpusd 15m: exness fills from exness_gbpusd_1m -- 164,665 of 166,111 scoreable bars priced (99%), feed lag 0.6s + 1s queue, exit one bar later
gbpusd 15m: 864 cells over 1 families, 16 workers, 417 MB context each (6.7 GB)
        9% (86/864)
       19% (172/864)
       29% (258/864)
       39% (344/864)
       49% (430/864)
       59% (516/864)
       69% (602/864)
       79% (688/864)
       89% (774/864)
       99% (860/864)
gbpusd   15m  luxalgo_manipulation +36.5% dd 9.2% n=805
sealed C:\Users\JawirGaming66\quant\sandbox\research\..\results\exness_tt_families_gbpusd_15m.json
audjpy 15m: exness fills from exness_audjpy_1m -- 163,225 of 165,134 scoreable bars priced (99%), feed lag 0.6s + 1s queue, exit one bar later
  MODELLED COST: exness_audjpy_1m is too short, so the spreads before its first minute come from fill_models.modelled_minutes -- screening only
  1% of the window predates exness_audjpy_1m and keeps the vendor open and the constant spread -- that part is still the idealised fill
audjpy 15m: 864 cells over 1 families, 16 workers, 420 MB context each (6.7 GB)
        9% (86/864)
       19% (172/864)
       29% (258/864)
       39% (344/864)
       49% (430/864)
       59% (516/864)
       69% (602/864)
       79% (688/864)
       89% (774/864)
       99% (860/864)
audjpy   15m  luxalgo_manipulation -  refused by positive_years; best cell +33.9% dd 12.6% n=924 pf=1.08
sealed C:\Users\JawirGaming66\quant\sandbox\research\..\results\exness_tt_families_audjpy_15m.json
audusd 15m: exness fills from exness_audusd_1m -- 167,025 of 168,034 scoreable bars priced (99%), feed lag 0.6s + 1s queue, exit one bar later
audusd 15m: 864 cells over 1 families, 16 workers, 415 MB context each (6.6 GB)
        9% (86/864)
       19% (172/864)
       29% (258/864)
       39% (344/864)
       49% (430/864)
       59% (516/864)
       69% (602/864)
       79% (688/864)
       89% (774/864)
       99% (860/864)
audusd   15m  luxalgo_manipulation +71.1% dd 7.4% n=765
sealed C:\Users\JawirGaming66\quant\sandbox\research\..\results\exness_tt_families_audusd_15m.json
eurjpy 15m: exness fills from exness_eurjpy_1m -- 167,076 of 168,010 scoreable bars priced (99%), feed lag 0.6s + 1s queue, exit one bar later
eurjpy 15m: 864 cells over 1 families, 16 workers, 418 MB context each (6.7 GB)
        9% (86/864)
       19% (172/864)
       29% (258/864)
       39% (344/864)
       49% (430/864)
       59% (516/864)
       69% (602/864)
       79% (688/864)
       89% (774/864)
       99% (860/864)
eurjpy   15m  luxalgo_manipulation +156.2% dd 14.7% n=1259
sealed C:\Users\JawirGaming66\quant\sandbox\research\..\results\exness_tt_families_eurjpy_15m.json
gbpjpy 15m: exness fills from exness_gbpjpy_1m -- 166,953 of 167,996 scoreable bars priced (99%), feed lag 0.6s + 1s queue, exit one bar later
gbpjpy 15m: 864 cells over 1 families, 16 workers, 414 MB context each (6.6 GB)
        9% (86/864)
       19% (172/864)
       29% (258/864)
       39% (344/864)
       49% (430/864)
       59% (516/864)
       69% (602/864)
       79% (688/864)
       89% (774/864)
       99% (860/864)
gbpjpy   15m  luxalgo_manipulation +172.0% dd 17.6% n=1251
sealed C:\Users\JawirGaming66\quant\sandbox\research\..\results\exness_tt_families_gbpjpy_15m.json
usdcad 15m: exness fills from exness_usdcad_1m -- 163,106 of 165,142 scoreable bars priced (99%), feed lag 0.6s + 1s queue, exit one bar later
  MODELLED COST: exness_usdcad_1m is too short, so the spreads before its first minute come from fill_models.modelled_minutes -- screening only
  1% of the window predates exness_usdcad_1m and keeps the vendor open and the constant spread -- that part is still the idealised fill
usdcad 15m: 864 cells over 1 families, 16 workers, 415 MB context each (6.6 GB)
        9% (86/864)
       19% (172/864)
       29% (258/864)
       39% (344/864)
       49% (430/864)
       59% (516/864)
       69% (602/864)
       79% (688/864)
       89% (774/864)
       99% (860/864)
usdcad   15m  luxalgo_manipulation -  refused by profit_factor, positive_years; best cell -1.9% dd 8.3% n=245 pf=0.97
sealed C:\Users\JawirGaming66\quant\sandbox\research\..\results\exness_tt_families_usdcad_15m.json
btc 15m: exness fills from exness_btcusd_1m -- 234,198 of 235,595 scoreable bars priced (99%), feed lag 2s + 1s queue, exit one bar later
btc 15m: 864 cells over 1 families, 16 workers, 413 MB context each (6.6 GB)
        9% (86/864)
       19% (172/864)
       29% (258/864)
       39% (344/864)
       49% (430/864)
       59% (516/864)
       69% (602/864)
       79% (688/864)
       89% (774/864)
       99% (860/864)
btc      15m  luxalgo_manipulation +59.2% dd 13.9% n=510
sealed C:\Users\JawirGaming66\quant\sandbox\research\..\results\exness_tt_families_btc_15m.json
ethusd 15m: exness fills from exness_ethusd_1m -- 209,506 of 235,979 scoreable bars priced (89%), feed lag 2s + 1s queue, exit one bar later
  11% of the window predates exness_ethusd_1m and keeps the vendor open and the constant spread -- that part is still the idealised fill
ethusd 15m: 864 cells over 1 families, 16 workers, 420 MB context each (6.7 GB)
        9% (86/864)
       19% (172/864)
       29% (258/864)
       39% (344/864)
       49% (430/864)
       59% (516/864)
       69% (602/864)
       79% (688/864)
       89% (774/864)
       99% (860/864)
ethusd   15m  luxalgo_manipulation -  refused by profit_factor; best cell +2.7% dd 7.8% n=104 pf=1.10
sealed C:\Users\JawirGaming66\quant\sandbox\research\..\results\exness_tt_families_ethusd_15m.json
us500 30m: exness fills from exness_us500_1m -- 42,349 of 42,866 scoreable bars priced (99%), feed lag 0.6s + 1s queue, exit one bar later
  1% of the window predates exness_us500_1m and keeps the vendor open and the constant spread -- that part is still the idealised fill
us500 30m: 864 cells over 1 families, 16 workers, 371 MB context each (5.9 GB)
        9% (86/864)
       19% (172/864)
       29% (258/864)
       39% (344/864)
       49% (430/864)
       59% (516/864)
       69% (602/864)
       79% (688/864)
       89% (774/864)
       99% (860/864)
us500    30m  luxalgo_manipulation +17.7% dd 4.9% n=155
sealed C:\Users\JawirGaming66\quant\sandbox\research\..\results\exness_tt_families_us500_30m.json
ustec 30m: exness fills from exness_ustec_1m -- 42,473 of 42,922 scoreable bars priced (99%), feed lag 0.6s + 1s queue, exit one bar later
  1% of the window predates exness_ustec_1m and keeps the vendor open and the constant spread -- that part is still the idealised fill
ustec 30m: 864 cells over 1 families, 16 workers, 352 MB context each (5.6 GB)
        9% (86/864)
       19% (172/864)
       29% (258/864)
       39% (344/864)
       49% (430/864)
       59% (516/864)
       69% (602/864)
       79% (688/864)
       89% (774/864)
       99% (860/864)
ustec    30m  luxalgo_manipulation +9.3% dd 1.7% n=53
sealed C:\Users\JawirGaming66\quant\sandbox\research\..\results\exness_tt_families_ustec_30m.json
de40 30m: exness fills from exness_de30_1m -- 40,563 of 42,039 scoreable bars priced (96%), feed lag 0.6s + 1s queue, exit one bar later
  4% of the window predates exness_de30_1m and keeps the vendor open and the constant spread -- that part is still the idealised fill
de40 30m: 864 cells over 1 families, 16 workers, 351 MB context each (5.6 GB)
        9% (86/864)
       19% (172/864)
       29% (258/864)
       39% (344/864)
       49% (430/864)
       59% (516/864)
       69% (602/864)
       79% (688/864)
       89% (774/864)
       99% (860/864)
de40     30m  luxalgo_manipulation +16.2% dd 5.4% n=64
sealed C:\Users\JawirGaming66\quant\sandbox\research\..\results\exness_tt_families_de40_30m.json
fr40 30m: exness fills from exness_fr40_1m -- 25,390 of 25,749 scoreable bars priced (99%), feed lag 0.6s + 1s queue, exit one bar later
  MODELLED COST: exness_fr40_1m is too short, so the spreads before its first minute come from fill_models.modelled_minutes -- screening only
  1% of the window predates exness_fr40_1m and keeps the vendor open and the constant spread -- that part is still the idealised fill
fr40 30m: 864 cells over 1 families, 16 workers, 350 MB context each (5.6 GB)
        9% (86/864)
       19% (172/864)
       29% (258/864)
       39% (344/864)
       49% (430/864)
       59% (516/864)
       69% (602/864)
       79% (688/864)
       89% (774/864)
       99% (860/864)
fr40     30m  luxalgo_manipulation -  refused by positive_years; best cell +5.0% dd 6.9% n=62 pf=1.21
sealed C:\Users\JawirGaming66\quant\sandbox\research\..\results\exness_tt_families_fr40_30m.json
stoxx50 30m: exness fills from exness_stoxx50_1m -- 23,318 of 25,558 scoreable bars priced (91%), feed lag 0.6s + 1s queue, exit one bar later
  MODELLED COST: exness_stoxx50_1m is too short, so the spreads before its first minute come from fill_models.modelled_minutes -- screening only
  9% of the window predates exness_stoxx50_1m and keeps the vendor open and the constant spread -- that part is still the idealised fill
stoxx50 30m: 864 cells over 1 families, 16 workers, 350 MB context each (5.6 GB)
        9% (86/864)
       19% (172/864)
       29% (258/864)
       39% (344/864)
       49% (430/864)
       59% (516/864)
       69% (602/864)
       79% (688/864)
       89% (774/864)
       99% (860/864)
stoxx50  30m  luxalgo_manipulation -  refused by positive_years; best cell +2.4% dd 4.0% n=42 pf=1.14
sealed C:\Users\JawirGaming66\quant\sandbox\research\..\results\exness_tt_families_stoxx50_30m.json
uk100 30m: exness fills from exness_uk100_1m -- 61,297 of 64,940 scoreable bars priced (94%), feed lag 0.6s + 1s queue, exit one bar later
  6% of the window predates exness_uk100_1m and keeps the vendor open and the constant spread -- that part is still the idealised fill
uk100 30m: 864 cells over 1 families, 16 workers, 351 MB context each (5.6 GB)
        9% (86/864)
       19% (172/864)
       29% (258/864)
       39% (344/864)
       49% (430/864)
       59% (516/864)
       69% (602/864)
       79% (688/864)
       89% (774/864)
       99% (860/864)
uk100    30m  luxalgo_manipulation -  refused by positive_years; best cell +25.1% dd 3.9% n=70 pf=1.87
sealed C:\Users\JawirGaming66\quant\sandbox\research\..\results\exness_tt_families_uk100_30m.json
aus200 30m: exness fills from exness_aus200_1m -- 34,676 of 38,111 scoreable bars priced (91%), feed lag 0.6s + 1s queue, exit one bar later
  MODELLED COST: exness_aus200_1m is too short, so the spreads before its first minute come from fill_models.modelled_minutes -- screening only
  9% of the window predates exness_aus200_1m and keeps the vendor open and the constant spread -- that part is still the idealised fill
aus200 30m: 864 cells over 1 families, 16 workers, 350 MB context each (5.6 GB)
        9% (86/864)
       19% (172/864)
       29% (258/864)
       39% (344/864)
       49% (430/864)
       59% (516/864)
       69% (602/864)
       79% (688/864)
       89% (774/864)
       99% (860/864)
aus200   30m  luxalgo_manipulation -  refused by profit_factor, positive_years; best cell -0.4% dd 2.8% n=21 pf=0.92
sealed C:\Users\JawirGaming66\quant\sandbox\research\..\results\exness_tt_families_aus200_30m.json
hk50 30m: exness fills from exness_hk50_1m -- 23,897 of 25,814 scoreable bars priced (93%), feed lag 0.6s + 1s queue, exit one bar later
  7% of the window predates exness_hk50_1m and keeps the vendor open and the constant spread -- that part is still the idealised fill
hk50 30m: 864 cells over 1 families, 16 workers, 351 MB context each (5.6 GB)
        9% (86/864)
       19% (172/864)
       29% (258/864)
       39% (344/864)
       49% (430/864)
       59% (516/864)
       69% (602/864)
       79% (688/864)
       89% (774/864)
       99% (860/864)
hk50     30m  luxalgo_manipulation -  refused by positive_years; best cell +2.3% dd 3.8% n=20 pf=1.46
sealed C:\Users\JawirGaming66\quant\sandbox\research\..\results\exness_tt_families_hk50_30m.json
jp225 30m: exness fills from exness_jp225_1m -- 41,490 of 42,864 scoreable bars priced (97%), feed lag 0.6s + 1s queue, exit one bar later
  3% of the window predates exness_jp225_1m and keeps the vendor open and the constant spread -- that part is still the idealised fill
jp225 30m: 864 cells over 1 families, 16 workers, 351 MB context each (5.6 GB)
        9% (86/864)
       19% (172/864)
       29% (258/864)
       39% (344/864)
       49% (430/864)
       59% (516/864)
       69% (602/864)
       79% (688/864)
       89% (774/864)
       99% (860/864)
jp225    30m  luxalgo_manipulation +14.1% dd 18.8% n=172
sealed C:\Users\JawirGaming66\quant\sandbox\research\..\results\exness_tt_families_jp225_30m.json
eurusd 30m: exness fills from exness_eurusd_1m -- 81,736 of 82,590 scoreable bars priced (99%), feed lag 0.6s + 1s queue, exit one bar later
  MODELLED COST: exness_eurusd_1m is too short, so the spreads before its first minute come from fill_models.modelled_minutes -- screening only
  1% of the window predates exness_eurusd_1m and keeps the vendor open and the constant spread -- that part is still the idealised fill
eurusd 30m: 864 cells over 1 families, 16 workers, 353 MB context each (5.7 GB)
        9% (86/864)
       19% (172/864)
       29% (258/864)
       39% (344/864)
       49% (430/864)
       59% (516/864)
       69% (602/864)
       79% (688/864)
       89% (774/864)
       99% (860/864)
eurusd   30m  luxalgo_manipulation -  refused by positive_years; best cell +8.2% dd 13.7% n=1099 pf=1.03
sealed C:\Users\JawirGaming66\quant\sandbox\research\..\results\exness_tt_families_eurusd_30m.json
usdjpy 30m: exness fills from exness_usdjpy_1m -- 83,318 of 84,026 scoreable bars priced (99%), feed lag 0.6s + 1s queue, exit one bar later
usdjpy 30m: 864 cells over 1 families, 16 workers, 353 MB context each (5.7 GB)
        9% (86/864)
       19% (172/864)
       29% (258/864)
       39% (344/864)
       49% (430/864)
       59% (516/864)
       69% (602/864)
       79% (688/864)
       89% (774/864)
       99% (860/864)
usdjpy   30m  luxalgo_manipulation +17.7% dd 19.4% n=591
sealed C:\Users\JawirGaming66\quant\sandbox\research\..\results\exness_tt_families_usdjpy_30m.json
gbpusd 30m: exness fills from exness_gbpusd_1m -- 82,095 of 83,061 scoreable bars priced (99%), feed lag 0.6s + 1s queue, exit one bar later
  1% of the window predates exness_gbpusd_1m and keeps the vendor open and the constant spread -- that part is still the idealised fill
gbpusd 30m: 864 cells over 1 families, 16 workers, 354 MB context each (5.7 GB)
        9% (86/864)
       19% (172/864)
       29% (258/864)
       39% (344/864)
       49% (430/864)
       59% (516/864)
       69% (602/864)
       79% (688/864)
       89% (774/864)
       99% (860/864)
gbpusd   30m  luxalgo_manipulation -  refused by positive_years; best cell +109.5% dd 20.1% n=1109 pf=1.21
sealed C:\Users\JawirGaming66\quant\sandbox\research\..\results\exness_tt_families_gbpusd_30m.json
audjpy 30m: exness fills from exness_audjpy_1m -- 81,379 of 82,575 scoreable bars priced (99%), feed lag 0.6s + 1s queue, exit one bar later
  MODELLED COST: exness_audjpy_1m is too short, so the spreads before its first minute come from fill_models.modelled_minutes -- screening only
  1% of the window predates exness_audjpy_1m and keeps the vendor open and the constant spread -- that part is still the idealised fill
audjpy 30m: 864 cells over 1 families, 16 workers, 353 MB context each (5.6 GB)
        9% (86/864)
       19% (172/864)
       29% (258/864)
       39% (344/864)
       49% (430/864)
       59% (516/864)
       69% (602/864)
       79% (688/864)
       89% (774/864)
       99% (860/864)
audjpy   30m  luxalgo_manipulation +16.0% dd 6.8% n=159
sealed C:\Users\JawirGaming66\quant\sandbox\research\..\results\exness_tt_families_audjpy_30m.json
audusd 30m: exness fills from exness_audusd_1m -- 83,274 of 84,023 scoreable bars priced (99%), feed lag 0.6s + 1s queue, exit one bar later
audusd 30m: 864 cells over 1 families, 16 workers, 353 MB context each (5.6 GB)
        9% (86/864)
       19% (172/864)
       29% (258/864)
       39% (344/864)
       49% (430/864)
       59% (516/864)
       69% (602/864)
       79% (688/864)
       89% (774/864)
       99% (860/864)
audusd   30m  luxalgo_manipulation +69.0% dd 13.8% n=411
sealed C:\Users\JawirGaming66\quant\sandbox\research\..\results\exness_tt_families_audusd_30m.json
eurjpy 30m: exness fills from exness_eurjpy_1m -- 83,312 of 84,017 scoreable bars priced (99%), feed lag 0.6s + 1s queue, exit one bar later
eurjpy 30m: 864 cells over 1 families, 16 workers, 354 MB context each (5.7 GB)
        9% (86/864)
       19% (172/864)
       29% (258/864)
       39% (344/864)
       49% (430/864)
       59% (516/864)
       69% (602/864)
       79% (688/864)
       89% (774/864)
       99% (860/864)
eurjpy   30m  luxalgo_manipulation +223.1% dd 20.0% n=1105
sealed C:\Users\JawirGaming66\quant\sandbox\research\..\results\exness_tt_families_eurjpy_30m.json
gbpjpy 30m: exness fills from exness_gbpjpy_1m -- 83,202 of 84,014 scoreable bars priced (99%), feed lag 0.6s + 1s queue, exit one bar later
gbpjpy 30m: 864 cells over 1 families, 16 workers, 354 MB context each (5.7 GB)
        9% (86/864)
       19% (172/864)
       29% (258/864)
       39% (344/864)
       49% (430/864)
       59% (516/864)
       69% (602/864)
       79% (688/864)
       89% (774/864)
       99% (860/864)
gbpjpy   30m  luxalgo_manipulation +352.8% dd 15.0% n=1264
sealed C:\Users\JawirGaming66\quant\sandbox\research\..\results\exness_tt_families_gbpjpy_30m.json
usdcad 30m: exness fills from exness_usdcad_1m -- 81,545 of 82,579 scoreable bars priced (99%), feed lag 0.6s + 1s queue, exit one bar later
  MODELLED COST: exness_usdcad_1m is too short, so the spreads before its first minute come from fill_models.modelled_minutes -- screening only
  1% of the window predates exness_usdcad_1m and keeps the vendor open and the constant spread -- that part is still the idealised fill
usdcad 30m: 864 cells over 1 families, 16 workers, 352 MB context each (5.6 GB)
        9% (86/864)
       19% (172/864)
       29% (258/864)
       39% (344/864)
       49% (430/864)
       59% (516/864)
       69% (602/864)
       79% (688/864)
       89% (774/864)
       99% (860/864)
usdcad   30m  luxalgo_manipulation -  refused by positive_years; best cell +6.7% dd 6.4% n=196 pf=1.15
sealed C:\Users\JawirGaming66\quant\sandbox\research\..\results\exness_tt_families_usdcad_30m.json
btc 30m: exness fills from exness_btcusd_1m -- 117,025 of 117,800 scoreable bars priced (99%), feed lag 2s + 1s queue, exit one bar later
btc 30m: 864 cells over 1 families, 16 workers, 352 MB context each (5.6 GB)
        9% (86/864)
       19% (172/864)
       29% (258/864)
       39% (344/864)
       49% (430/864)
       59% (516/864)
       69% (602/864)
       79% (688/864)
       89% (774/864)
       99% (860/864)
btc      30m  luxalgo_manipulation +50.2% dd 9.5% n=299
sealed C:\Users\JawirGaming66\quant\sandbox\research\..\results\exness_tt_families_btc_30m.json
ethusd 30m: exness fills from exness_ethusd_1m -- 104,679 of 117,990 scoreable bars priced (89%), feed lag 2s + 1s queue, exit one bar later
  11% of the window predates exness_ethusd_1m and keeps the vendor open and the constant spread -- that part is still the idealised fill
ethusd 30m: 864 cells over 1 families, 16 workers, 352 MB context each (5.6 GB)
        9% (86/864)
       19% (172/864)
       29% (258/864)
       39% (344/864)
       49% (430/864)
       59% (516/864)
       69% (602/864)
       79% (688/864)
       89% (774/864)
       99% (860/864)
ethusd   30m  luxalgo_manipulation -  refused by profit_factor; best cell -0.7% dd 2.4% n=36 pf=0.90
sealed C:\Users\JawirGaming66\quant\sandbox\research\..\results\exness_tt_families_ethusd_30m.json
