select: 57 jobs, up to 16 at once, 8.4 GB to spend
[1/57] audjpy 15m  128s  peak 0.47 GB
    audjpy   15m  luxalgo_manipulation -  refused by positive_years; best cell +33.9% dd 12.6% n=924 pf=1.08
[2/57] gbpusd 15m  127s  peak 0.46 GB
    gbpusd   15m  luxalgo_manipulation +36.5% dd 9.2% n=805
[3/57] gbpjpy 15m  128s  peak 0.46 GB
    gbpjpy   15m  luxalgo_manipulation +172.0% dd 17.6% n=1251
[4/57] usdjpy 5m  336s  peak 0.79 GB
    usdjpy   5m   luxalgo_manipulation -  refused by max_dd; best cell +35.9% dd 17.4% n=987 pf=1.14
[5/57] audusd 5m  338s  peak 0.78 GB
    audusd   5m   luxalgo_manipulation -  refused by positive_years; best cell +31.6% dd 8.3% n=610 pf=1.17
[6/57] gbpusd 5m  342s  peak 0.78 GB
    gbpusd   5m   luxalgo_manipulation +36.8% dd 16.3% n=1299
[7/57] gbpjpy 5m  344s  peak 0.78 GB
    gbpjpy   5m   luxalgo_manipulation +210.1% dd 16.5% n=1302
[8/57] eurjpy 5m  347s  peak 0.78 GB
    eurjpy   5m   luxalgo_manipulation +158.6% dd 13.5% n=1259
[9/57] audjpy 5m  360s  peak 0.79 GB
    audjpy   5m   luxalgo_manipulation -  refused by profit_factor, max_dd; best cell +21.1% dd 24.5% n=1240 pf=1.03
[10/57] usdjpy 15m  117s  peak 0.47 GB
    usdjpy   15m  luxalgo_manipulation -  refused by positive_years; best cell +76.4% dd 22.1% n=1292 pf=1.27
[11/57] eurjpy 15m  121s  peak 0.46 GB
    eurjpy   15m  luxalgo_manipulation +156.2% dd 14.7% n=1259
[12/57] stoxx50 15m  43s  peak 0.19 GB
    stoxx50  15m  luxalgo_manipulation -  refused by profit_factor, positive_years; best cell -11.1% dd 14.1% n=69 pf=0.60
[13/57] uk100 15m  67s  peak 0.24 GB
    uk100    15m  luxalgo_manipulation -  refused by profit_factor; best cell +7.0% dd 15.3% n=142 pf=1.10
[14/57] stoxx50 5m  116s  peak 0.30 GB
    stoxx50  5m   luxalgo_manipulation -  refused by profit_factor, max_dd, positive_years, annual_dd; best cell -43.4% dd 45.4% n=175 pf=0.56
[15/57] fr40 15m  43s  peak 0.19 GB
    fr40     15m  luxalgo_manipulation -  refused by profit_factor, positive_years; best cell -1.9% dd 11.8% n=58 pf=0.94
[16/57] fr40 5m  118s  peak 0.32 GB
    fr40     5m   luxalgo_manipulation -  refused by profit_factor, max_dd, positive_years; best cell -19.2% dd 25.9% n=184 pf=0.76
[17/57] usdcad 15m  125s  peak 0.46 GB
    usdcad   15m  luxalgo_manipulation -  refused by profit_factor, positive_years; best cell -1.9% dd 8.3% n=245 pf=0.97
[18/57] audusd 15m  136s  peak 0.46 GB
    audusd   15m  luxalgo_manipulation +71.1% dd 7.4% n=765
[19/57] eurusd 15m  117s  peak 0.46 GB
    eurusd   15m  luxalgo_manipulation -  refused by positive_years; best cell +9.9% dd 11.2% n=377 pf=1.11
[20/57] de40 5m  120s  peak 0.42 GB
    de40     5m   luxalgo_manipulation -  refused by profit_factor; best cell +7.8% dd 16.0% n=313 pf=1.05
[21/57] de40 15m  45s  peak 0.23 GB
    de40     15m  luxalgo_manipulation +19.3% dd 13.8% n=250
[22/57] hk50 15m  26s  peak 0.18 GB
    hk50     15m  luxalgo_manipulation -  refused by positive_years; best cell +5.7% dd 7.9% n=139 pf=1.10
[23/57] jp225 15m  34s  peak 0.23 GB
    jp225    15m  luxalgo_manipulation +22.3% dd 9.4% n=102
[24/57] aus200 15m  30s  peak 0.21 GB
    aus200   15m  luxalgo_manipulation -  refused by profit_factor, positive_years; best cell -2.7% dd 3.3% n=30 pf=0.62
[25/57] uk100 5m  186s  peak 0.48 GB
    uk100    5m   luxalgo_manipulation -  refused by profit_factor, positive_years; best cell +14.2% dd 14.4% n=646 pf=1.04
[26/57] hk50 5m  77s  peak 0.30 GB
    hk50     5m   luxalgo_manipulation -  refused by profit_factor, positive_years; best cell -5.5% dd 12.2% n=124 pf=0.88
[27/57] audjpy 30m  70s  peak 0.39 GB
    audjpy   30m  luxalgo_manipulation +16.0% dd 6.8% n=159
[28/57] gbpusd 30m  73s  peak 0.39 GB
    gbpusd   30m  luxalgo_manipulation -  refused by positive_years; best cell +109.5% dd 20.1% n=1109 pf=1.21
[29/57] jp225 5m  100s  peak 0.42 GB
    jp225    5m   luxalgo_manipulation -  refused by positive_years; best cell +3.7% dd 36.7% n=500 pf=1.02
[30/57] aus200 5m  89s  peak 0.39 GB
    aus200   5m   luxalgo_manipulation -  refused by profit_factor, max_dd, positive_years; best cell -33.4% dd 33.5% n=121 pf=0.34
[31/57] gbpjpy 30m  76s  peak 0.39 GB
    gbpjpy   30m  luxalgo_manipulation +352.8% dd 15.0% n=1264
[32/57] eurjpy 30m  76s  peak 0.39 GB
    eurjpy   30m  luxalgo_manipulation +223.1% dd 20.0% n=1105
[33/57] ustec 15m  38s  peak 0.23 GB
    ustec    15m  luxalgo_manipulation +29.2% dd 6.5% n=103
[34/57] ustec 5m  97s  peak 0.43 GB
    ustec    5m   luxalgo_manipulation +13.7% dd 9.2% n=381
[35/57] us500 15m  51s  peak 0.28 GB
    us500    15m  luxalgo_manipulation +5.6% dd 4.6% n=51
[36/57] usdjpy 30m  75s  peak 0.39 GB
    usdjpy   30m  luxalgo_manipulation +17.7% dd 19.4% n=591
[37/57] eurusd 5m  306s  peak 0.78 GB
    eurusd   5m   luxalgo_manipulation -  refused by positive_years; best cell +25.5% dd 15.1% n=833 pf=1.09
[38/57] stoxx50 30m  25s  peak 0.16 GB
    stoxx50  30m  luxalgo_manipulation -  refused by positive_years; best cell +2.4% dd 4.0% n=42 pf=1.14
[39/57] fr40 30m  26s  peak 0.16 GB
    fr40     30m  luxalgo_manipulation -  refused by positive_years; best cell +5.0% dd 6.9% n=62 pf=1.21
[40/57] uk100 30m  39s  peak 0.18 GB
    uk100    30m  luxalgo_manipulation -  refused by positive_years; best cell +25.1% dd 3.9% n=70 pf=1.87
[41/57] ethusd 15m  89s  peak 0.33 GB
    ethusd   15m  luxalgo_manipulation -  refused by profit_factor; best cell +2.7% dd 7.8% n=104 pf=1.10
[42/57] btc 15m  89s  peak 0.32 GB
    btc      15m  luxalgo_manipulation +59.2% dd 13.9% n=510
[43/57] hk50 30m  17s  peak 0.15 GB
    hk50     30m  luxalgo_manipulation -  refused by positive_years; best cell +2.3% dd 3.8% n=20 pf=1.46
[44/57] jp225 30m  22s  peak 0.18 GB
    jp225    30m  luxalgo_manipulation +14.1% dd 18.8% n=172
[45/57] usdcad 30m  68s  peak 0.38 GB
    usdcad   30m  luxalgo_manipulation -  refused by positive_years; best cell +6.7% dd 6.4% n=196 pf=1.15
[46/57] aus200 30m  20s  peak 0.17 GB
    aus200   30m  luxalgo_manipulation -  refused by profit_factor, positive_years; best cell -0.4% dd 2.8% n=21 pf=0.92
[47/57] eurusd 30m  70s  peak 0.39 GB
    eurusd   30m  luxalgo_manipulation -  refused by positive_years; best cell +8.2% dd 13.7% n=1099 pf=1.03
[48/57] usdcad 5m  335s  peak 0.78 GB
    usdcad   5m   luxalgo_manipulation -  refused by profit_factor, max_dd, positive_years; best cell -7.7% dd 21.8% n=556 pf=0.95
[49/57] de40 30m  27s  peak 0.18 GB
    de40     30m  luxalgo_manipulation +16.2% dd 5.4% n=64
[50/57] ustec 30m  16s  peak 0.18 GB
    ustec    30m  luxalgo_manipulation +9.3% dd 1.7% n=53
[51/57] audusd 30m  81s  peak 0.38 GB
    audusd   30m  luxalgo_manipulation +69.0% dd 13.8% n=411
[52/57] us500 30m  25s  peak 0.20 GB
    us500    30m  luxalgo_manipulation +17.7% dd 4.9% n=155
[53/57] us500 5m  167s  peak 0.55 GB
    us500    5m   luxalgo_manipulation -  refused by positive_years; best cell +19.6% dd 27.7% n=515 pf=1.05
[54/57] btc 30m  35s  peak 0.22 GB
    btc      30m  luxalgo_manipulation +50.2% dd 9.5% n=299
[55/57] ethusd 30m  36s  peak 0.23 GB
    ethusd   30m  luxalgo_manipulation -  refused by profit_factor; best cell -0.7% dd 2.4% n=36 pf=0.90
[56/57] ethusd 5m  241s  peak 0.69 GB
    ethusd   5m   luxalgo_manipulation -  refused by profit_factor, max_dd, annual_dd; best cell -9.7% dd 44.2% n=378 pf=0.93
[57/57] btc 5m  239s  peak 0.73 GB
    btc      5m   luxalgo_manipulation -  refused by positive_years; best cell +104.6% dd 84.2% n=1727 pf=1.07
select: 57 jobs in 799s
