why: 13 jobs, up to 16 at once, 8.0 GB to spend
[1/13] gbpjpy 60m  8s  peak 0.40 GB
    gbpjpy 60m flip1: 30 cells
          flip1  10% (3/30)
          flip1  20% (6/30)
          flip1  30% (9/30)
          flip1  40% (12/30)
          flip1  50% (15/30)
          flip1  60% (18/30)
          flip1  70% (21/30)
          flip1  80% (24/30)
          flip1  90% (27/30)
          flip1 100% (30/30)
    gbpjpy td_ema_smi       flip1: no IS cell
    gbpjpy td_ema_cci       flip1: no IS cell
    gbpjpy 60m flip2: 30 cells
          flip2  10% (3/30)
          flip2  20% (6/30)
          flip2  30% (9/30)
          flip2  40% (12/30)
          flip2  50% (15/30)
          flip2  60% (18/30)
          flip2  70% (21/30)
          flip2  80% (24/30)
          flip2  90% (27/30)
          flip2 100% (30/30)
    gbpjpy td_ema_smi       flip2: no IS cell
    gbpjpy td_ema_cci       flip2: no IS cell
    gbpjpy 60m flip3: 30 cells
          flip3  10% (3/30)
          flip3  20% (6/30)
          flip3  30% (9/30)
          flip3  40% (12/30)
          flip3  50% (15/30)
          flip3  60% (18/30)
          flip3  70% (21/30)
          flip3  80% (24/30)
          flip3  90% (27/30)
          flip3 100% (30/30)
    gbpjpy td_ema_smi       flip3: no IS cell
    gbpjpy td_ema_cci       flip3: no IS cell
[2/13] gbpusd 30m  10s  peak 0.49 GB
    gbpusd 30m flip1: 24 cells
          flip1   8% (2/24)
          flip1  16% (4/24)
          flip1  25% (6/24)
          flip1  33% (8/24)
          flip1  41% (10/24)
          flip1  50% (12/24)
          flip1  58% (14/24)
          flip1  66% (16/24)
          flip1  75% (18/24)
          flip1  83% (20/24)
          flip1  91% (22/24)
          flip1 100% (24/24)
    gbpusd td_ema_cross_level flip1: no IS cell
    gbpusd 30m flip2: 24 cells
          flip2   8% (2/24)
          flip2  16% (4/24)
          flip2  25% (6/24)
          flip2  33% (8/24)
          flip2  41% (10/24)
          flip2  50% (12/24)
          flip2  58% (14/24)
          flip2  66% (16/24)
          flip2  75% (18/24)
          flip2  83% (20/24)
          flip2  91% (22/24)
          flip2 100% (24/24)
    gbpusd td_ema_cross_level flip2: no IS cell
    gbpusd 30m flip3: 24 cells
          flip3   8% (2/24)
          flip3  16% (4/24)
          flip3  25% (6/24)
          flip3  33% (8/24)
          flip3  41% (10/24)
          flip3  50% (12/24)
          flip3  58% (14/24)
          flip3  66% (16/24)
          flip3  75% (18/24)
          flip3  83% (20/24)
          flip3  91% (22/24)
          flip3 100% (24/24)
    gbpusd td_ema_cross_level flip3: no IS cell
[3/13] eurjpy 60m  10s  peak 0.42 GB
    eurjpy 60m flip1: 72 cells
          flip1   9% (7/72)
          flip1  19% (14/72)
          flip1  29% (21/72)
          flip1  38% (28/72)
          flip1  48% (35/72)
          flip1  58% (42/72)
          flip1  68% (49/72)
          flip1  77% (56/72)
          flip1  87% (63/72)
          flip1  97% (70/72)
    eurjpy td_halftrend     flip1: no IS cell
    eurjpy td_ema_macd      flip1: no IS cell
    eurjpy td_ema_cci       flip1: no IS cell
    eurjpy 60m flip2: 72 cells
          flip2   9% (7/72)
          flip2  19% (14/72)
          flip2  29% (21/72)
          flip2  38% (28/72)
          flip2  48% (35/72)
          flip2  58% (42/72)
          flip2  68% (49/72)
          flip2  77% (56/72)
          flip2  87% (63/72)
          flip2  97% (70/72)
    eurjpy td_halftrend     flip2: no IS cell
    eurjpy td_ema_macd      flip2: no IS cell
    eurjpy td_ema_cci       flip2: no IS cell
    eurjpy 60m flip3: 72 cells
          flip3   9% (7/72)
          flip3  19% (14/72)
          flip3  29% (21/72)
          flip3  38% (28/72)
          flip3  48% (35/72)
          flip3  58% (42/72)
          flip3  68% (49/72)
          flip3  77% (56/72)
          flip3  87% (63/72)
          flip3  97% (70/72)
    eurjpy td_halftrend     flip3: IS +91.6% OOS -8.4%
    eurjpy td_ema_macd      flip3: no IS cell
    eurjpy td_ema_cci       flip3: no IS cell
[4/13] gbpjpy 30m  11s  peak 0.48 GB
    gbpjpy 30m flip1: 24 cells
          flip1   8% (2/24)
          flip1  16% (4/24)
          flip1  25% (6/24)
          flip1  33% (8/24)
          flip1  41% (10/24)
          flip1  50% (12/24)
          flip1  58% (14/24)
          flip1  66% (16/24)
          flip1  75% (18/24)
          flip1  83% (20/24)
          flip1  91% (22/24)
          flip1 100% (24/24)
    gbpjpy td_ut_bot        flip1: no IS cell
    gbpjpy 30m flip2: 24 cells
          flip2   8% (2/24)
          flip2  16% (4/24)
          flip2  25% (6/24)
          flip2  33% (8/24)
          flip2  41% (10/24)
          flip2  50% (12/24)
          flip2  58% (14/24)
          flip2  66% (16/24)
          flip2  75% (18/24)
          flip2  83% (20/24)
          flip2  91% (22/24)
          flip2 100% (24/24)
    gbpjpy td_ut_bot        flip2: no IS cell
    gbpjpy 30m flip3: 24 cells
          flip3   8% (2/24)
          flip3  16% (4/24)
          flip3  25% (6/24)
          flip3  33% (8/24)
          flip3  41% (10/24)
          flip3  50% (12/24)
          flip3  58% (14/24)
          flip3  66% (16/24)
          flip3  75% (18/24)
          flip3  83% (20/24)
          flip3  91% (22/24)
          flip3 100% (24/24)
    gbpjpy td_ut_bot        flip3: no IS cell
[5/13] ustec 15m  11s  peak 0.29 GB
    ustec 15m flip1: 48 cells
          flip1   8% (4/48)
          flip1  16% (8/48)
          flip1  25% (12/48)
          flip1  33% (16/48)
          flip1  41% (20/48)
          flip1  50% (24/48)
          flip1  58% (28/48)
          flip1  66% (32/48)
          flip1  75% (36/48)
          flip1  83% (40/48)
          flip1  91% (44/48)
          flip1 100% (48/48)
    ustec td_divergence_choch flip1: no IS cell
    ustec td_zero_lag_trend flip1: no IS cell
    ustec 15m flip2: 48 cells
          flip2   8% (4/48)
          flip2  16% (8/48)
          flip2  25% (12/48)
          flip2  33% (16/48)
          flip2  41% (20/48)
          flip2  50% (24/48)
          flip2  58% (28/48)
          flip2  66% (32/48)
          flip2  75% (36/48)
          flip2  83% (40/48)
          flip2  91% (44/48)
          flip2 100% (48/48)
    ustec td_divergence_choch flip2: no IS cell
    ustec td_zero_lag_trend flip2: no IS cell
    ustec 15m flip3: 48 cells
          flip3   8% (4/48)
          flip3  16% (8/48)
          flip3  25% (12/48)
          flip3  33% (16/48)
          flip3  41% (20/48)
          flip3  50% (24/48)
          flip3  58% (28/48)
          flip3  66% (32/48)
          flip3  75% (36/48)
          flip3  83% (40/48)
          flip3  91% (44/48)
          flip3 100% (48/48)
    ustec td_divergence_choch flip3: no IS cell
    ustec td_zero_lag_trend flip3: no IS cell
[6/13] usdjpy 30m  12s  peak 0.55 GB
    usdjpy 30m flip1: 42 cells
          flip1   9% (4/42)
          flip1  19% (8/42)
          flip1  28% (12/42)
          flip1  38% (16/42)
          flip1  47% (20/42)
          flip1  57% (24/42)
          flip1  66% (28/42)
          flip1  76% (32/42)
          flip1  85% (36/42)
          flip1  95% (40/42)
    usdjpy td_ema_macd      flip1: no IS cell
    usdjpy td_choch_bos     flip1: no IS cell
    usdjpy 30m flip2: 42 cells
          flip2   9% (4/42)
          flip2  19% (8/42)
          flip2  28% (12/42)
          flip2  38% (16/42)
          flip2  47% (20/42)
          flip2  57% (24/42)
          flip2  66% (28/42)
          flip2  76% (32/42)
          flip2  85% (36/42)
          flip2  95% (40/42)
    usdjpy td_ema_macd      flip2: IS +76.2% OOS +9.4%
    usdjpy td_choch_bos     flip2: no IS cell
    usdjpy 30m flip3: 42 cells
          flip3   9% (4/42)
          flip3  19% (8/42)
          flip3  28% (12/42)
          flip3  38% (16/42)
          flip3  47% (20/42)
          flip3  57% (24/42)
          flip3  66% (28/42)
          flip3  76% (32/42)
          flip3  85% (36/42)
          flip3  95% (40/42)
    usdjpy td_ema_macd      flip3: no IS cell
    usdjpy td_choch_bos     flip3: no IS cell
[7/13] eurjpy 30m  13s  peak 0.52 GB
    eurjpy 30m flip1: 60 cells
          flip1  10% (6/60)
          flip1  20% (12/60)
          flip1  30% (18/60)
          flip1  40% (24/60)
          flip1  50% (30/60)
          flip1  60% (36/60)
          flip1  70% (42/60)
          flip1  80% (48/60)
          flip1  90% (54/60)
          flip1 100% (60/60)
    eurjpy td_halftrend     flip1: no IS cell
    eurjpy td_volume_dryup_break flip1: no IS cell
    eurjpy 30m flip2: 60 cells
          flip2  10% (6/60)
          flip2  20% (12/60)
          flip2  30% (18/60)
          flip2  40% (24/60)
          flip2  50% (30/60)
          flip2  60% (36/60)
          flip2  70% (42/60)
          flip2  80% (48/60)
          flip2  90% (54/60)
          flip2 100% (60/60)
    eurjpy td_halftrend     flip2: IS +43.0% OOS -0.9%
    eurjpy td_volume_dryup_break flip2: no IS cell
    eurjpy 30m flip3: 60 cells
          flip3  10% (6/60)
          flip3  20% (12/60)
          flip3  30% (18/60)
          flip3  40% (24/60)
          flip3  50% (30/60)
          flip3  60% (36/60)
          flip3  70% (42/60)
          flip3  80% (48/60)
          flip3  90% (54/60)
          flip3 100% (60/60)
    eurjpy td_halftrend     flip3: IS +103.0% OOS -13.3%
    eurjpy td_volume_dryup_break flip3: no IS cell
[8/13] usdjpy 15m  16s  peak 0.64 GB
    usdjpy 15m flip1: 24 cells
          flip1   8% (2/24)
          flip1  16% (4/24)
          flip1  25% (6/24)
          flip1  33% (8/24)
          flip1  41% (10/24)
          flip1  50% (12/24)
          flip1  58% (14/24)
          flip1  66% (16/24)
          flip1  75% (18/24)
          flip1  83% (20/24)
          flip1  91% (22/24)
          flip1 100% (24/24)
    usdjpy td_ema_macd      flip1: no IS cell
    usdjpy 15m flip2: 24 cells
          flip2   8% (2/24)
          flip2  16% (4/24)
          flip2  25% (6/24)
          flip2  33% (8/24)
          flip2  41% (10/24)
          flip2  50% (12/24)
          flip2  58% (14/24)
          flip2  66% (16/24)
          flip2  75% (18/24)
          flip2  83% (20/24)
          flip2  91% (22/24)
          flip2 100% (24/24)
    usdjpy td_ema_macd      flip2: no IS cell
    usdjpy 15m flip3: 24 cells
          flip3   8% (2/24)
          flip3  16% (4/24)
          flip3  25% (6/24)
          flip3  33% (8/24)
          flip3  41% (10/24)
          flip3  50% (12/24)
          flip3  58% (14/24)
          flip3  66% (16/24)
          flip3  75% (18/24)
          flip3  83% (20/24)
          flip3  91% (22/24)
          flip3 100% (24/24)
    usdjpy td_ema_macd      flip3: no IS cell
[9/13] de40 60m  4s  peak 0.18 GB
    de40 60m flip1: 24 cells
          flip1   8% (2/24)
          flip1  16% (4/24)
          flip1  25% (6/24)
          flip1  33% (8/24)
          flip1  41% (10/24)
          flip1  50% (12/24)
          flip1  58% (14/24)
          flip1  66% (16/24)
          flip1  75% (18/24)
          flip1  83% (20/24)
          flip1  91% (22/24)
          flip1 100% (24/24)
    de40 td_ema_macd      flip1: no IS cell
    de40 60m flip2: 24 cells
          flip2   8% (2/24)
          flip2  16% (4/24)
          flip2  25% (6/24)
          flip2  33% (8/24)
          flip2  41% (10/24)
          flip2  50% (12/24)
          flip2  58% (14/24)
          flip2  66% (16/24)
          flip2  75% (18/24)
          flip2  83% (20/24)
          flip2  91% (22/24)
          flip2 100% (24/24)
    de40 td_ema_macd      flip2: IS +8.5% OOS +4.4%
    de40 60m flip3: 24 cells
          flip3   8% (2/24)
          flip3  16% (4/24)
          flip3  25% (6/24)
          flip3  33% (8/24)
          flip3  41% (10/24)
          flip3  50% (12/24)
          flip3  58% (14/24)
          flip3  66% (16/24)
          flip3  75% (18/24)
          flip3  83% (20/24)
          flip3  91% (22/24)
          flip3 100% (24/24)
    de40 td_ema_macd      flip3: no IS cell
[10/13] audjpy 240m  4s  peak 0.34 GB
    audjpy 240m flip1: 36 cells
          flip1   8% (3/36)
          flip1  16% (6/36)
          flip1  25% (9/36)
          flip1  33% (12/36)
          flip1  41% (15/36)
          flip1  50% (18/36)
          flip1  58% (21/36)
          flip1  66% (24/36)
          flip1  75% (27/36)
          flip1  83% (30/36)
          flip1  91% (33/36)
          flip1 100% (36/36)
    audjpy td_halftrend     flip1: no IS cell
    audjpy 240m flip2: 36 cells
          flip2   8% (3/36)
          flip2  16% (6/36)
          flip2  25% (9/36)
          flip2  33% (12/36)
          flip2  41% (15/36)
          flip2  50% (18/36)
          flip2  58% (21/36)
          flip2  66% (24/36)
          flip2  75% (27/36)
          flip2  83% (30/36)
          flip2  91% (33/36)
          flip2 100% (36/36)
    audjpy td_halftrend     flip2: IS +32.0% OOS -7.4%
    audjpy 240m flip3: 36 cells
          flip3   8% (3/36)
          flip3  16% (6/36)
          flip3  25% (9/36)
          flip3  33% (12/36)
          flip3  41% (15/36)
          flip3  50% (18/36)
          flip3  58% (21/36)
          flip3  66% (24/36)
          flip3  75% (27/36)
          flip3  83% (30/36)
          flip3  91% (33/36)
          flip3 100% (36/36)
    audjpy td_halftrend     flip3: no IS cell
[11/13] btc 30m  7s  peak 0.26 GB
    btc 30m flip1: 24 cells
          flip1   8% (2/24)
          flip1  16% (4/24)
          flip1  25% (6/24)
          flip1  33% (8/24)
          flip1  41% (10/24)
          flip1  50% (12/24)
          flip1  58% (14/24)
          flip1  66% (16/24)
          flip1  75% (18/24)
          flip1  83% (20/24)
          flip1  91% (22/24)
          flip1 100% (24/24)
    btc td_ema_macd      flip1: no IS cell
    btc 30m flip2: 24 cells
          flip2   8% (2/24)
          flip2  16% (4/24)
          flip2  25% (6/24)
          flip2  33% (8/24)
          flip2  41% (10/24)
          flip2  50% (12/24)
          flip2  58% (14/24)
          flip2  66% (16/24)
          flip2  75% (18/24)
          flip2  83% (20/24)
          flip2  91% (22/24)
          flip2 100% (24/24)
    btc td_ema_macd      flip2: no IS cell
    btc 30m flip3: 24 cells
          flip3   8% (2/24)
          flip3  16% (4/24)
          flip3  25% (6/24)
          flip3  33% (8/24)
          flip3  41% (10/24)
          flip3  50% (12/24)
          flip3  58% (14/24)
          flip3  66% (16/24)
          flip3  75% (18/24)
          flip3  83% (20/24)
          flip3  91% (22/24)
          flip3 100% (24/24)
    btc td_ema_macd      flip3: no IS cell
[12/13] gbpjpy 5m  34s  peak 1.61 GB
    gbpjpy 5m flip1: 24 cells
          flip1   8% (2/24)
          flip1  16% (4/24)
          flip1  25% (6/24)
          flip1  33% (8/24)
          flip1  41% (10/24)
          flip1  50% (12/24)
          flip1  58% (14/24)
          flip1  66% (16/24)
          flip1  75% (18/24)
          flip1  83% (20/24)
          flip1  91% (22/24)
          flip1 100% (24/24)
    gbpjpy td_volume_dryup_break flip1: IS +32.9% OOS -9.2%
    gbpjpy 5m flip2: 24 cells
          flip2   8% (2/24)
          flip2  16% (4/24)
          flip2  25% (6/24)
          flip2  33% (8/24)
          flip2  41% (10/24)
          flip2  50% (12/24)
          flip2  58% (14/24)
          flip2  66% (16/24)
          flip2  75% (18/24)
          flip2  83% (20/24)
          flip2  91% (22/24)
          flip2 100% (24/24)
    gbpjpy td_volume_dryup_break flip2: no IS cell
    gbpjpy 5m flip3: 24 cells
          flip3   8% (2/24)
          flip3  16% (4/24)
          flip3  25% (6/24)
          flip3  33% (8/24)
          flip3  41% (10/24)
          flip3  50% (12/24)
          flip3  58% (14/24)
          flip3  66% (16/24)
          flip3  75% (18/24)
          flip3  83% (20/24)
          flip3  91% (22/24)
          flip3 100% (24/24)
    gbpjpy td_volume_dryup_break flip3: no IS cell
[13/13] eurjpy 5m  38s  peak 1.80 GB
    eurjpy 5m flip1: 24 cells
          flip1   8% (2/24)
          flip1  16% (4/24)
          flip1  25% (6/24)
          flip1  33% (8/24)
          flip1  41% (10/24)
          flip1  50% (12/24)
          flip1  58% (14/24)
          flip1  66% (16/24)
          flip1  75% (18/24)
          flip1  83% (20/24)
          flip1  91% (22/24)
          flip1 100% (24/24)
    eurjpy td_divergence_choch flip1: IS +59.2% OOS -17.0%
    eurjpy 5m flip2: 24 cells
          flip2   8% (2/24)
          flip2  16% (4/24)
          flip2  25% (6/24)
          flip2  33% (8/24)
          flip2  41% (10/24)
          flip2  50% (12/24)
          flip2  58% (14/24)
          flip2  66% (16/24)
          flip2  75% (18/24)
          flip2  83% (20/24)
          flip2  91% (22/24)
          flip2 100% (24/24)
    eurjpy td_divergence_choch flip2: IS +174.3% OOS -9.3%
    eurjpy 5m flip3: 24 cells
          flip3   8% (2/24)
          flip3  16% (4/24)
          flip3  25% (6/24)
          flip3  33% (8/24)
          flip3  41% (10/24)
          flip3  50% (12/24)
          flip3  58% (14/24)
          flip3  66% (16/24)
          flip3  75% (18/24)
          flip3  83% (20/24)
          flip3  91% (22/24)
          flip3 100% (24/24)
    eurjpy td_divergence_choch flip3: IS +94.7% OOS -1.0%
why: 13 jobs in 38s
