why: 10 jobs, up to 16 at once, 7.0 GB to spend
[1/10] ustec 30m  7s  peak 0.20 GB
    ustec 30m flip1: 72 cells
          flip1   9% (7/72)
          flip1  19% (14/72)
          flip1  29% (21/72)
          flip1  38% (28/72)
          flip1  48% (35/72)
          flip1  58% (42/72)
          flip1  68% (49/72)
          flip1  77% (56/72)
          flip1  87% (63/72)
          flip1  97% (70/72)
    ustec tqb_red_days_long flip1: no IS cell
    ustec 30m flip2: 72 cells
          flip2   9% (7/72)
          flip2  19% (14/72)
          flip2  29% (21/72)
          flip2  38% (28/72)
          flip2  48% (35/72)
          flip2  58% (42/72)
          flip2  68% (49/72)
          flip2  77% (56/72)
          flip2  87% (63/72)
          flip2  97% (70/72)
    ustec tqb_red_days_long flip2: no IS cell
    ustec 30m flip3: 72 cells
          flip3   9% (7/72)
          flip3  19% (14/72)
          flip3  29% (21/72)
          flip3  38% (28/72)
          flip3  48% (35/72)
          flip3  58% (42/72)
          flip3  68% (49/72)
          flip3  77% (56/72)
          flip3  87% (63/72)
          flip3  97% (70/72)
    ustec tqb_red_days_long flip3: no IS cell
[2/10] gbpusd 60m  7s  peak 0.42 GB
    gbpusd 60m flip1: 72 cells
          flip1   9% (7/72)
          flip1  19% (14/72)
          flip1  29% (21/72)
          flip1  38% (28/72)
          flip1  48% (35/72)
          flip1  58% (42/72)
          flip1  68% (49/72)
          flip1  77% (56/72)
          flip1  87% (63/72)
          flip1  97% (70/72)
    gbpusd tqb_red_days_long flip1: IS +38.1% OOS -9.1%
    gbpusd 60m flip2: 72 cells
          flip2   9% (7/72)
          flip2  19% (14/72)
          flip2  29% (21/72)
          flip2  38% (28/72)
          flip2  48% (35/72)
          flip2  58% (42/72)
          flip2  68% (49/72)
          flip2  77% (56/72)
          flip2  87% (63/72)
          flip2  97% (70/72)
    gbpusd tqb_red_days_long flip2: IS +25.2% OOS -0.3%
    gbpusd 60m flip3: 72 cells
          flip3   9% (7/72)
          flip3  19% (14/72)
          flip3  29% (21/72)
          flip3  38% (28/72)
          flip3  48% (35/72)
          flip3  58% (42/72)
          flip3  68% (49/72)
          flip3  77% (56/72)
          flip3  87% (63/72)
          flip3  97% (70/72)
    gbpusd tqb_red_days_long flip3: IS +58.7% OOS +30.9%
[3/10] gbpjpy 60m  7s  peak 0.42 GB
    gbpjpy 60m flip1: 72 cells
          flip1   9% (7/72)
          flip1  19% (14/72)
          flip1  29% (21/72)
          flip1  38% (28/72)
          flip1  48% (35/72)
          flip1  58% (42/72)
          flip1  68% (49/72)
          flip1  77% (56/72)
          flip1  87% (63/72)
          flip1  97% (70/72)
    gbpjpy tqb_red_days_long flip1: no IS cell
    gbpjpy 60m flip2: 72 cells
          flip2   9% (7/72)
          flip2  19% (14/72)
          flip2  29% (21/72)
          flip2  38% (28/72)
          flip2  48% (35/72)
          flip2  58% (42/72)
          flip2  68% (49/72)
          flip2  77% (56/72)
          flip2  87% (63/72)
          flip2  97% (70/72)
    gbpjpy tqb_red_days_long flip2: no IS cell
    gbpjpy 60m flip3: 72 cells
          flip3   9% (7/72)
          flip3  19% (14/72)
          flip3  29% (21/72)
          flip3  38% (28/72)
          flip3  48% (35/72)
          flip3  58% (42/72)
          flip3  68% (49/72)
          flip3  77% (56/72)
          flip3  87% (63/72)
          flip3  97% (70/72)
    gbpjpy tqb_red_days_long flip3: IS +47.4% OOS -9.6%
[4/10] eurjpy 30m  10s  peak 0.54 GB
    eurjpy 30m flip1: 72 cells
          flip1   9% (7/72)
          flip1  19% (14/72)
          flip1  29% (21/72)
          flip1  38% (28/72)
          flip1  48% (35/72)
          flip1  58% (42/72)
          flip1  68% (49/72)
          flip1  77% (56/72)
          flip1  87% (63/72)
          flip1  97% (70/72)
    eurjpy tqb_red_days_long flip1: IS +115.1% OOS -14.9%
    eurjpy 30m flip2: 72 cells
          flip2   9% (7/72)
          flip2  19% (14/72)
          flip2  29% (21/72)
          flip2  38% (28/72)
          flip2  48% (35/72)
          flip2  58% (42/72)
          flip2  68% (49/72)
          flip2  77% (56/72)
          flip2  87% (63/72)
          flip2  97% (70/72)
    eurjpy tqb_red_days_long flip2: IS +50.8% OOS -8.3%
    eurjpy 30m flip3: 72 cells
          flip3   9% (7/72)
          flip3  19% (14/72)
          flip3  29% (21/72)
          flip3  38% (28/72)
          flip3  48% (35/72)
          flip3  58% (42/72)
          flip3  68% (49/72)
          flip3  77% (56/72)
          flip3  87% (63/72)
          flip3  97% (70/72)
    eurjpy tqb_red_days_long flip3: IS +100.7% OOS +1.3%
[5/10] usdjpy 30m  13s  peak 0.48 GB
    usdjpy 30m flip1: 48 cells
          flip1   8% (4/48)
          flip1  16% (8/48)
          flip1  25% (12/48)
          flip1  33% (16/48)
          flip1  41% (20/48)
          flip1  50% (24/48)
          flip1  58% (28/48)
          flip1  66% (32/48)
          flip1  75% (36/48)
          flip1  83% (40/48)
          flip1  91% (44/48)
          flip1 100% (48/48)
    usdjpy tqb_first_candle_ema flip1: no IS cell
    usdjpy 30m flip2: 48 cells
          flip2   8% (4/48)
          flip2  16% (8/48)
          flip2  25% (12/48)
          flip2  33% (16/48)
          flip2  41% (20/48)
          flip2  50% (24/48)
          flip2  58% (28/48)
          flip2  66% (32/48)
          flip2  75% (36/48)
          flip2  83% (40/48)
          flip2  91% (44/48)
          flip2 100% (48/48)
    usdjpy tqb_first_candle_ema flip2: no IS cell
    usdjpy 30m flip3: 48 cells
          flip3   8% (4/48)
          flip3  16% (8/48)
          flip3  25% (12/48)
          flip3  33% (16/48)
          flip3  41% (20/48)
          flip3  50% (24/48)
          flip3  58% (28/48)
          flip3  66% (32/48)
          flip3  75% (36/48)
          flip3  83% (40/48)
          flip3  91% (44/48)
          flip3 100% (48/48)
    usdjpy tqb_first_candle_ema flip3: no IS cell
[6/10] eurjpy 60m  6s  peak 0.42 GB
    eurjpy 60m flip1: 72 cells
          flip1   9% (7/72)
          flip1  19% (14/72)
          flip1  29% (21/72)
          flip1  38% (28/72)
          flip1  48% (35/72)
          flip1  58% (42/72)
          flip1  68% (49/72)
          flip1  77% (56/72)
          flip1  87% (63/72)
          flip1  97% (70/72)
    eurjpy tqb_red_days_long flip1: IS +84.9% OOS -22.1%
    eurjpy 60m flip2: 72 cells
          flip2   9% (7/72)
          flip2  19% (14/72)
          flip2  29% (21/72)
          flip2  38% (28/72)
          flip2  48% (35/72)
          flip2  58% (42/72)
          flip2  68% (49/72)
          flip2  77% (56/72)
          flip2  87% (63/72)
          flip2  97% (70/72)
    eurjpy tqb_red_days_long flip2: no IS cell
    eurjpy 60m flip3: 72 cells
          flip3   9% (7/72)
          flip3  19% (14/72)
          flip3  29% (21/72)
          flip3  38% (28/72)
          flip3  48% (35/72)
          flip3  58% (42/72)
          flip3  68% (49/72)
          flip3  77% (56/72)
          flip3  87% (63/72)
          flip3  97% (70/72)
    eurjpy tqb_red_days_long flip3: IS +108.0% OOS +8.2%
[7/10] btc 60m  5s  peak 0.19 GB
    btc 60m flip1: 72 cells
          flip1   9% (7/72)
          flip1  19% (14/72)
          flip1  29% (21/72)
          flip1  38% (28/72)
          flip1  48% (35/72)
          flip1  58% (42/72)
          flip1  68% (49/72)
          flip1  77% (56/72)
          flip1  87% (63/72)
          flip1  97% (70/72)
    btc tqb_red_days_long flip1: no IS cell
    btc 60m flip2: 72 cells
          flip2   9% (7/72)
          flip2  19% (14/72)
          flip2  29% (21/72)
          flip2  38% (28/72)
          flip2  48% (35/72)
          flip2  58% (42/72)
          flip2  68% (49/72)
          flip2  77% (56/72)
          flip2  87% (63/72)
          flip2  97% (70/72)
    btc tqb_red_days_long flip2: no IS cell
    btc 60m flip3: 72 cells
          flip3   9% (7/72)
          flip3  19% (14/72)
          flip3  29% (21/72)
          flip3  38% (28/72)
          flip3  48% (35/72)
          flip3  58% (42/72)
          flip3  68% (49/72)
          flip3  77% (56/72)
          flip3  87% (63/72)
          flip3  97% (70/72)
    btc tqb_red_days_long flip3: no IS cell
[8/10] eurjpy 15m  16s  peak 1.12 GB
    eurjpy 15m flip1: 72 cells
          flip1   9% (7/72)
          flip1  19% (14/72)
          flip1  29% (21/72)
          flip1  38% (28/72)
          flip1  48% (35/72)
          flip1  58% (42/72)
          flip1  68% (49/72)
          flip1  77% (56/72)
          flip1  87% (63/72)
          flip1  97% (70/72)
    eurjpy tqb_red_days_long flip1: IS +68.8% OOS -12.8%
    eurjpy 15m flip2: 72 cells
          flip2   9% (7/72)
          flip2  19% (14/72)
          flip2  29% (21/72)
          flip2  38% (28/72)
          flip2  48% (35/72)
          flip2  58% (42/72)
          flip2  68% (49/72)
          flip2  77% (56/72)
          flip2  87% (63/72)
          flip2  97% (70/72)
    eurjpy tqb_red_days_long flip2: IS +43.2% OOS -8.4%
    eurjpy 15m flip3: 72 cells
          flip3   9% (7/72)
          flip3  19% (14/72)
          flip3  29% (21/72)
          flip3  38% (28/72)
          flip3  48% (35/72)
          flip3  58% (42/72)
          flip3  68% (49/72)
          flip3  77% (56/72)
          flip3  87% (63/72)
          flip3  97% (70/72)
    eurjpy tqb_red_days_long flip3: IS +91.3% OOS +8.7%
[9/10] jp225 5m  17s  peak 0.68 GB
    jp225 5m flip1: 72 cells
          flip1   9% (7/72)
          flip1  19% (14/72)
          flip1  29% (21/72)
          flip1  38% (28/72)
          flip1  48% (35/72)
          flip1  58% (42/72)
          flip1  68% (49/72)
          flip1  77% (56/72)
          flip1  87% (63/72)
          flip1  97% (70/72)
    jp225 tqb_red_days_long flip1: no IS cell
    jp225 5m flip2: 72 cells
          flip2   9% (7/72)
          flip2  19% (14/72)
          flip2  29% (21/72)
          flip2  38% (28/72)
          flip2  48% (35/72)
          flip2  58% (42/72)
          flip2  68% (49/72)
          flip2  77% (56/72)
          flip2  87% (63/72)
          flip2  97% (70/72)
    jp225 tqb_red_days_long flip2: IS +32.0% OOS -6.5%
    jp225 5m flip3: 72 cells
          flip3   9% (7/72)
          flip3  19% (14/72)
          flip3  29% (21/72)
          flip3  38% (28/72)
          flip3  48% (35/72)
          flip3  58% (42/72)
          flip3  68% (49/72)
          flip3  77% (56/72)
          flip3  87% (63/72)
          flip3  97% (70/72)
    jp225 tqb_red_days_long flip3: no IS cell
[10/10] ustec 5m  18s  peak 0.55 GB
    ustec 5m flip1: 72 cells
          flip1   9% (7/72)
          flip1  19% (14/72)
          flip1  29% (21/72)
          flip1  38% (28/72)
          flip1  48% (35/72)
          flip1  58% (42/72)
          flip1  68% (49/72)
          flip1  77% (56/72)
          flip1  87% (63/72)
          flip1  97% (70/72)
    ustec tqb_red_days_long flip1: no IS cell
    ustec 5m flip2: 72 cells
          flip2   9% (7/72)
          flip2  19% (14/72)
          flip2  29% (21/72)
          flip2  38% (28/72)
          flip2  48% (35/72)
          flip2  58% (42/72)
          flip2  68% (49/72)
          flip2  77% (56/72)
          flip2  87% (63/72)
          flip2  97% (70/72)
    ustec tqb_red_days_long flip2: no IS cell
    ustec 5m flip3: 72 cells
          flip3   9% (7/72)
          flip3  19% (14/72)
          flip3  29% (21/72)
          flip3  38% (28/72)
          flip3  48% (35/72)
          flip3  58% (42/72)
          flip3  68% (49/72)
          flip3  77% (56/72)
          flip3  87% (63/72)
          flip3  97% (70/72)
    ustec tqb_red_days_long flip3: no IS cell
why: 10 jobs in 18s
