select: 95 jobs, up to 16 at once, 7.8 GB to spend
[1/95] audjpy 30m  28s  peak 0.60 GB
    audjpy   30m  td_poc_flip      -  refused by profit_factor, max_dd, positive_years; best cell -29.3% dd 35.1% n=426 pf=0.72
[2/95] usdjpy 5m  116s  peak 1.87 GB
    usdjpy   5m   td_poc_flip      -  refused by profit_factor, max_dd, positive_years; best cell -26.1% dd 32.6% n=581 pf=0.61
[3/95] audusd 5m  116s  peak 1.76 GB
    audusd   5m   td_poc_flip      -  refused by profit_factor, max_dd, positive_years; best cell -30.3% dd 33.5% n=605 pf=0.63
[4/95] gbpusd 5m  119s  peak 1.71 GB
    gbpusd   5m   td_poc_flip      -  refused by profit_factor, max_dd, positive_years; best cell -18.1% dd 23.4% n=704 pf=0.76
[5/95] gbpjpy 5m  119s  peak 1.92 GB
    gbpjpy   5m   td_poc_flip      -  refused by profit_factor, positive_years; best cell -0.9% dd 9.1% n=638 pf=0.99
[6/95] eurjpy 5m  119s  peak 1.86 GB
    eurjpy   5m   td_poc_flip      -  refused by profit_factor, positive_years; best cell -12.6% dd 15.2% n=651 pf=0.79
[7/95] audjpy 5m  122s  peak 1.98 GB
    audjpy   5m   td_poc_flip      -  refused by profit_factor, max_dd, positive_years; best cell -33.6% dd 35.6% n=552 pf=0.60
[8/95] audjpy 15m  49s  peak 0.87 GB
    audjpy   15m  td_poc_flip      -  refused by profit_factor, max_dd, positive_years; best cell -26.2% dd 33.5% n=490 pf=0.73
[9/95] gbpusd 15m  46s  peak 0.86 GB
    gbpusd   15m  td_poc_flip      -  refused by profit_factor, max_dd, positive_years; best cell -19.3% dd 20.2% n=630 pf=0.79
[10/95] gbpjpy 15m  46s  peak 0.85 GB
    gbpjpy   15m  td_poc_flip      -  refused by profit_factor, positive_years; best cell -10.4% dd 13.7% n=606 pf=0.90
[11/95] eurjpy 15m  46s  peak 0.85 GB
    eurjpy   15m  td_poc_flip      -  refused by profit_factor, positive_years; best cell -16.4% dd 19.1% n=617 pf=0.84
[12/95] usdjpy 15m  39s  peak 0.84 GB
    usdjpy   15m  td_poc_flip      -  refused by profit_factor, max_dd, positive_years; best cell -37.1% dd 38.3% n=500 pf=0.44
[13/95] eurusd 5m  96s  peak 1.69 GB
    eurusd   5m   td_poc_flip      -  refused by profit_factor, max_dd, positive_years; best cell -27.1% dd 28.0% n=625 pf=0.50
[14/95] usdcad 5m  103s  peak 1.78 GB
    usdcad   5m   td_poc_flip      -  refused by profit_factor, max_dd, positive_years; best cell -38.5% dd 38.8% n=661 pf=0.42
[15/95] gbpusd 30m  25s  peak 0.59 GB
    gbpusd   30m  td_poc_flip      -  refused by profit_factor, max_dd, positive_years; best cell -10.1% dd 21.8% n=565 pf=0.92
[16/95] gbpjpy 30m  25s  peak 0.59 GB
    gbpjpy   30m  td_poc_flip      -  refused by profit_factor, positive_years; best cell +4.9% dd 15.1% n=508 pf=1.04
[17/95] audusd 15m  43s  peak 0.84 GB
    audusd   15m  td_poc_flip      -  refused by profit_factor, max_dd, positive_years; best cell -29.5% dd 32.0% n=545 pf=0.71
[18/95] stoxx50 5m  45s  peak 0.80 GB
    stoxx50  5m   td_poc_flip      -  refused by profit_factor, max_dd, positive_years, annual_dd; best cell -71.2% dd 71.2% n=189 pf=0.06
[19/95] uk100 5m  56s  peak 0.92 GB
    uk100    5m   td_poc_flip      -  refused by profit_factor, max_dd, positive_years; best cell -22.9% dd 32.7% n=437 pf=0.80
[20/95] eurjpy 30m  25s  peak 0.59 GB
    eurjpy   30m  td_poc_flip      -  refused by profit_factor, positive_years; best cell -7.5% dd 11.3% n=497 pf=0.92
[21/95] uk100 15m  22s  peak 0.40 GB
    uk100    15m  td_poc_flip      -  refused by profit_factor, max_dd, positive_years; best cell -29.2% dd 34.3% n=380 pf=0.73
[22/95] usdcad 15m  40s  peak 0.81 GB
    usdcad   15m  td_poc_flip      -  refused by profit_factor, max_dd, positive_years; best cell -27.5% dd 30.3% n=579 pf=0.65
[23/95] eurusd 15m  37s  peak 0.78 GB
    eurusd   15m  td_poc_flip      -  refused by profit_factor, positive_years; best cell -16.3% dd 19.0% n=531 pf=0.81
[24/95] fr40 5m  46s  peak 0.82 GB
    fr40     5m   td_poc_flip      -  refused by profit_factor, max_dd, positive_years, annual_dd; best cell -35.3% dd 36.1% n=193 pf=0.40
[25/95] de40 5m  47s  peak 0.87 GB
    de40     5m   td_poc_flip      -  refused by profit_factor, positive_years; best cell -15.4% dd 16.8% n=215 pf=0.70
[26/95] usdjpy 30m  22s  peak 0.59 GB
    usdjpy   30m  td_poc_flip      -  refused by profit_factor, max_dd, positive_years; best cell -34.0% dd 35.4% n=453 pf=0.54
[27/95] stoxx50 15m  15s  peak 0.36 GB
    stoxx50  15m  td_poc_flip      -  refused by profit_factor, max_dd, positive_years, annual_dd; best cell -65.2% dd 65.2% n=151 pf=0.14
[28/95] audusd 30m  20s  peak 0.58 GB
    audusd   30m  td_poc_flip      -  refused by profit_factor, positive_years; best cell -16.6% dd 17.3% n=437 pf=0.85
[29/95] usdcad 30m  19s  peak 0.57 GB
    usdcad   30m  td_poc_flip      -  refused by profit_factor, max_dd, positive_years; best cell -30.6% dd 32.9% n=505 pf=0.67
[30/95] eurusd 30m  18s  peak 0.55 GB
    eurusd   30m  td_poc_flip      -  refused by profit_factor, positive_years; best cell -2.2% dd 16.4% n=489 pf=0.97
[31/95] hk50 5m  26s  peak 0.59 GB
    hk50     5m   td_poc_flip      -  refused by profit_factor, max_dd, positive_years, annual_dd; best cell -40.6% dd 40.7% n=173 pf=0.55
[32/95] jp225 5m  34s  peak 0.76 GB
    jp225    5m   td_poc_flip      -  refused by profit_factor, positive_years; best cell -8.6% dd 11.1% n=158 pf=0.76
[33/95] uk100 30m  11s  peak 0.26 GB
    uk100    30m  td_poc_flip      -  refused by profit_factor, max_dd, positive_years; best cell -20.6% dd 25.2% n=286 pf=0.79
[34/95] fr40 15m  15s  peak 0.37 GB
    fr40     15m  td_poc_flip      -  refused by profit_factor, max_dd, positive_years; best cell -28.5% dd 28.8% n=168 pf=0.55
[35/95] de40 15m  15s  peak 0.39 GB
    de40     15m  td_poc_flip      -  refused by profit_factor, positive_years; best cell -9.1% dd 17.2% n=187 pf=0.82
[36/95] hk50 15m  10s  peak 0.29 GB
    hk50     15m  td_poc_flip      -  refused by profit_factor, max_dd, positive_years, annual_dd; best cell -15.2% dd 26.7% n=127 pf=0.83
[37/95] jp225 15m  12s  peak 0.35 GB
    jp225    15m  td_poc_flip      -  refused by profit_factor, max_dd, positive_years; best cell -24.7% dd 26.6% n=129 pf=0.51
[38/95] aus200 5m  30s  peak 0.69 GB
    aus200   5m   td_poc_flip      -  refused by profit_factor, max_dd, positive_years, annual_dd; best cell -62.9% dd 62.9% n=126 pf=0.02
[39/95] aus200 15m  11s  peak 0.32 GB
    aus200   15m  td_poc_flip      -  refused by profit_factor, max_dd, positive_years, annual_dd; best cell -45.4% dd 45.4% n=94 pf=0.09
[40/95] ustec 5m  34s  peak 0.73 GB
    ustec    5m   td_poc_flip      -  refused by profit_factor, max_dd, positive_years; best cell -28.1% dd 28.9% n=219 pf=0.61
[41/95] ustec 15m  13s  peak 0.34 GB
    ustec    15m  td_poc_flip      -  refused by profit_factor, positive_years; best cell +1.1% dd 12.7% n=144 pf=1.02
[42/95] stoxx50 30m  9s  peak 0.25 GB
    stoxx50  30m  td_poc_flip      -  refused by profit_factor, max_dd, positive_years, annual_dd; best cell -56.7% dd 57.3% n=128 pf=0.14
[43/95] us500 15m  22s  peak 0.50 GB
    us500    15m  td_poc_flip      -  refused by profit_factor; best cell +1.1% dd 10.5% n=146 pf=1.02
[44/95] ethusd 15m  24s  peak 0.52 GB
    ethusd   15m  td_poc_flip      -  refused by profit_factor, max_dd, positive_years, annual_dd, fill_rate; best cell -94.9% dd 95.6% n=190 pf=0.09
[45/95] fr40 30m  8s  peak 0.25 GB
    fr40     30m  td_poc_flip      -  refused by profit_factor, max_dd, positive_years; best cell -20.7% dd 24.8% n=129 pf=0.61
[46/95] de40 30m  8s  peak 0.26 GB
    de40     30m  td_poc_flip      -  refused by profit_factor, positive_years; best cell -2.0% dd 10.2% n=151 pf=0.96
[47/95] btc 15m  22s  peak 0.48 GB
    btc      15m  td_poc_flip      -  refused by profit_factor, max_dd, positive_years, annual_dd; best cell -25.4% dd 45.3% n=489 pf=0.88
[48/95] us500 5m  56s  peak 1.19 GB
    us500    5m   td_poc_flip      -  refused by profit_factor, positive_years; best cell -8.7% dd 18.0% n=198 pf=0.82
[49/95] hk50 30m  6s  peak 0.21 GB
    hk50     30m  td_poc_flip      -  refused by profit_factor, positive_years; best cell -8.8% dd 18.9% n=80 pf=0.84
[50/95] jp225 30m  7s  peak 0.24 GB
    jp225    30m  td_poc_flip      -  refused by profit_factor, max_dd, positive_years; best cell -20.6% dd 24.2% n=88 pf=0.58
[51/95] aus200 30m  7s  peak 0.23 GB
    aus200   30m  td_poc_flip      -  refused by profit_factor, max_dd, positive_years; best cell -33.8% dd 33.8% n=84 pf=0.21
[52/95] ethusd 5m  65s  peak 1.20 GB
    ethusd   5m   td_poc_flip      -  refused by profit_factor, max_dd, positive_years, annual_dd, fill_rate; best cell -96.3% dd 96.3% n=136 pf=0.03
[53/95] ustec 30m  8s  peak 0.24 GB
    ustec    30m  td_poc_flip      -  refused by positive_years; best cell +13.1% dd 11.0% n=129 pf=1.19
[54/95] audjpy 60m  12s  peak 0.46 GB
    audjpy   60m  td_poc_flip      -  refused by profit_factor, max_dd, positive_years; best cell -18.6% dd 24.4% n=375 pf=0.85
[55/95] gbpjpy 60m  13s  peak 0.45 GB
    gbpjpy   60m  td_poc_flip      +10.5% dd 18.1% n=399
[56/95] eurjpy 60m  14s  peak 0.45 GB
    eurjpy   60m  td_poc_flip      -  refused by profit_factor, positive_years; best cell -3.9% dd 15.5% n=400 pf=0.96
[57/95] gbpusd 60m  14s  peak 0.45 GB
    gbpusd   60m  td_poc_flip      -  refused by profit_factor, max_dd, positive_years; best cell -14.3% dd 22.8% n=432 pf=0.88
[58/95] usdjpy 60m  13s  peak 0.45 GB
    usdjpy   60m  td_poc_flip      -  refused by profit_factor, max_dd, positive_years; best cell -15.3% dd 20.1% n=356 pf=0.79
[59/95] audusd 60m  14s  peak 0.45 GB
    audusd   60m  td_poc_flip      -  refused by profit_factor, max_dd, positive_years; best cell -7.8% dd 26.7% n=366 pf=0.93
[60/95] us500 30m  15s  peak 0.32 GB
    us500    30m  td_poc_flip      -  refused by positive_years; best cell +3.5% dd 12.3% n=119 pf=1.08
[61/95] stoxx50 60m  6s  peak 0.19 GB
    stoxx50  60m  td_poc_flip      -  refused by profit_factor, max_dd, positive_years, annual_dd; best cell -37.0% dd 39.3% n=78 pf=0.40
[62/95] fr40 60m  6s  peak 0.19 GB
    fr40     60m  td_poc_flip      -  refused by profit_factor, positive_years; best cell -17.5% dd 18.0% n=72 pf=0.57
[63/95] de40 60m  6s  peak 0.19 GB
    de40     60m  td_poc_flip      -  refused by positive_years; best cell +15.4% dd 8.1% n=88 pf=1.38
[64/95] uk100 60m  8s  peak 0.20 GB
    uk100    60m  td_poc_flip      -  refused by profit_factor, positive_years; best cell -9.2% dd 16.4% n=197 pf=0.90
[65/95] usdcad 60m  13s  peak 0.43 GB
    usdcad   60m  td_poc_flip      -  refused by profit_factor, max_dd, positive_years; best cell -18.0% dd 20.7% n=320 pf=0.77
[66/95] jp225 60m  5s  peak 0.19 GB
    jp225    60m  td_poc_flip      -  refused by profit_factor, positive_years; best cell -14.9% dd 15.8% n=65 pf=0.60
[67/95] hk50 60m  5s  peak 0.17 GB
    hk50     60m  td_poc_flip      -  refused by profit_factor, positive_years; best cell +0.3% dd 17.6% n=54 pf=1.01
[68/95] eurusd 60m  13s  peak 0.44 GB
    eurusd   60m  td_poc_flip      -  refused by profit_factor, positive_years; best cell -3.6% dd 13.2% n=360 pf=0.96
[69/95] btc 30m  16s  peak 0.31 GB
    btc      30m  td_poc_flip      -  refused by profit_factor, max_dd, positive_years; best cell -5.2% dd 28.2% n=353 pf=0.98
[70/95] ethusd 30m  17s  peak 0.33 GB
    ethusd   30m  td_poc_flip      -  refused by profit_factor, max_dd, positive_years, annual_dd; best cell -79.2% dd 82.2% n=268 pf=0.40
[71/95] aus200 60m  6s  peak 0.18 GB
    aus200   60m  td_poc_flip      -  refused by profit_factor, positive_years; best cell -9.3% dd 9.9% n=53 pf=0.42
[72/95] ustec 60m  7s  peak 0.18 GB
    ustec    60m  td_poc_flip      -  refused by profit_factor; best cell +20.5% dd 5.7% n=60 pf=1.81
[73/95] btc 60m  8s  peak 0.22 GB
    btc      60m  td_poc_flip      -  refused by profit_factor, positive_years; best cell +4.3% dd 21.7% n=172 pf=1.03
[74/95] audjpy 240m  6s  peak 0.35 GB
    audjpy   240m td_poc_flip      -  refused by trades, fill_rate; best cell +12.3% dd 14.1% n=69 pf=1.31
[75/95] ethusd 60m  9s  peak 0.23 GB
    ethusd   60m  td_poc_flip      -  refused by profit_factor, max_dd, positive_years, annual_dd; best cell -72.2% dd 72.4% n=171 pf=0.36
[76/95] gbpusd 240m  5s  peak 0.34 GB
    gbpusd   240m td_poc_flip      -  refused by trades, positive_years, fill_rate; best cell +0.9% dd 4.4% n=13 pf=1.14
[77/95] us500 60m  10s  peak 0.23 GB
    us500    60m  td_poc_flip      -  refused by positive_years; best cell +8.1% dd 3.9% n=59 pf=1.35
[78/95] uk100 240m  4s  peak 0.14 GB
    uk100    240m td_poc_flip      -  refused by trades, profit_factor, positive_years, annual_dd, fill_rate; best cell +0.0% dd 0.0% n=0 pf=0.00
[79/95] fr40 240m  3s  peak 0.14 GB
    fr40     240m td_poc_flip      -  refused by trades, profit_factor, positive_years, annual_dd, fill_rate; best cell +0.0% dd 0.0% n=0 pf=0.00
[80/95] stoxx50 240m  3s  peak 0.14 GB
    stoxx50  240m td_poc_flip      -  refused by trades, profit_factor, positive_years, annual_dd, fill_rate; best cell +0.0% dd 0.0% n=0 pf=0.00
[81/95] de40 240m  3s  peak 0.14 GB
    de40     240m td_poc_flip      -  refused by trades, profit_factor, positive_years, annual_dd, fill_rate; best cell +0.0% dd 0.0% n=0 pf=0.00
[82/95] eurusd 240m  6s  peak 0.34 GB
    eurusd   240m td_poc_flip      -  refused by trades; best cell +11.4% dd 2.9% n=18 pf=2.87
[83/95] eurjpy 240m  6s  peak 0.34 GB
    eurjpy   240m td_poc_flip      -  refused by trades, profit_factor, fill_rate; best cell -1.4% dd 8.8% n=28 pf=0.91
[84/95] audusd 240m  6s  peak 0.34 GB
    audusd   240m td_poc_flip      -  refused by trades, positive_years, fill_rate; best cell +7.9% dd 6.5% n=19 pf=1.74
[85/95] usdcad 240m  6s  peak 0.34 GB
    usdcad   240m td_poc_flip      -  refused by trades, profit_factor, positive_years, fill_rate; best cell -2.3% dd 4.2% n=7 pf=0.45
[86/95] usdjpy 240m  7s  peak 0.35 GB
    usdjpy   240m td_poc_flip      -  refused by trades, profit_factor, positive_years; best cell -0.1% dd 10.6% n=64 pf=1.00
[87/95] gbpjpy 240m  7s  peak 0.34 GB
    gbpjpy   240m td_poc_flip      -  refused by trades, positive_years; best cell +7.4% dd 9.1% n=95 pf=1.15
[88/95] jp225 240m  3s  peak 0.14 GB
    jp225    240m td_poc_flip      -  refused by trades, profit_factor, positive_years, annual_dd, fill_rate; best cell +0.0% dd 0.0% n=0 pf=0.00
[89/95] hk50 240m  3s  peak 0.14 GB
    hk50     240m td_poc_flip      -  refused by trades, profit_factor, positive_years, annual_dd, fill_rate; best cell +0.0% dd 0.0% n=0 pf=0.00
[90/95] aus200 240m  3s  peak 0.14 GB
    aus200   240m td_poc_flip      -  refused by trades, profit_factor, positive_years, annual_dd, fill_rate; best cell +0.0% dd 0.0% n=0 pf=0.00
[91/95] btc 240m  3s  peak 0.15 GB
    btc      240m td_poc_flip      -  refused by trades, profit_factor, positive_years, annual_dd, fill_rate; best cell +0.0% dd 0.0% n=0 pf=0.00
[92/95] ethusd 240m  3s  peak 0.16 GB
    ethusd   240m td_poc_flip      -  refused by trades, profit_factor, positive_years, annual_dd, fill_rate; best cell +0.0% dd 0.0% n=0 pf=0.00
[93/95] ustec 240m  4s  peak 0.14 GB
    ustec    240m td_poc_flip      -  refused by trades, profit_factor, positive_years, annual_dd, fill_rate; best cell +0.0% dd 0.0% n=0 pf=0.00
[94/95] us500 240m  5s  peak 0.15 GB
    us500    240m td_poc_flip      -  refused by trades, profit_factor, positive_years, annual_dd, fill_rate; best cell +0.0% dd 0.0% n=0 pf=0.00
[95/95] btc 5m  66s  peak 1.18 GB
    btc      5m   td_poc_flip      -  refused by profit_factor, max_dd, positive_years, annual_dd; best cell -51.5% dd 55.5% n=508 pf=0.71
select: 95 jobs in 496s
