tiktok_tradingdata2: 14 survivors
ustec    15m   td_zero_lag_trend            OOS   +17.1 n=  42 pf=2.23 null=- PASS*
btc      30m   td_ema_macd                  OOS   +15.4 n= 160 pf=1.20 null=- PASS*
eurjpy   5m    td_divergence_choch          OOS   +13.6 n= 298 pf=1.17 null=-1.0 PASS
eurjpy   30m   td_halftrend                 OOS   +12.9 n= 293 pf=1.17 null=-0.9 PASS
gbpjpy   5m    td_volume_dryup_break        OOS    +9.4 n= 183 pf=1.21 null=-9.2 PASS
audjpy   240m  td_halftrend                 OOS    +8.2 n=  51 pf=1.38 null=-7.4 PASS
usdjpy   15m   td_ema_macd                  OOS    +6.8 n= 199 pf=1.13 null=- PASS*
gbpjpy   30m   td_ut_bot                    OOS    +6.3 n= 103 pf=1.26 null=- PASS*
eurjpy   60m   td_halftrend                 OOS    +5.3 n= 158 pf=1.12 null=-8.4 PASS
gbpjpy   60m   td_ema_smi                   OOS    +4.5 n= 182 pf=1.10 null=- PASS*
gbpusd   30m   td_ema_cross_level           OOS    +4.1 n=  69 pf=1.21 null=- PASS*
eurjpy   30m   td_volume_dryup_break        OOS    +3.8 n=  61 pf=1.27 null=- PASS*
eurjpy   60m   td_ema_macd                  OOS    +3.1 n= 140 pf=1.08 null=- PASS*
gbpjpy   60m   td_ema_cci                   OOS    +2.1 n= 175 pf=1.05 null=- PASS*

refused:
  no in-sample winner                2106
  lost on the holdout                  45
  no sweep on file                     19
  holdout PF below 1.05                 3
  lost to their own null                2

wrote 14 files to C:\Users\JawirGaming66\quant\sandbox\research\..\results\exness; index now 373
